TAP version 13
# Subtest: affine substitution distributes coefficients and gathers repeated fundamental variables bitwise
ok 1 - affine substitution distributes coefficients and gathers repeated fundamental variables bitwise
  ---
  duration_ms: 914.557915
  type: 'test'
  ...
# Subtest: floating rounding and signed-zero barriers survive affine analysis
ok 2 - floating rounding and signed-zero barriers survive affine analysis
  ---
  duration_ms: 0.615986
  type: 'test'
  ...
# Subtest: every operator and guard is visited and branch bounds never leak to the complement
ok 3 - every operator and guard is visited and branch bounds never leak to the complement
  ---
  duration_ms: 1.215057
  type: 'test'
  ...
# Subtest: incremental F32 substitution composes exact affine producers before bitwise rounding
ok 4 - incremental F32 substitution composes exact affine producers before bitwise rounding
  ---
  duration_ms: 260.859429
  type: 'test'
  ...
# Subtest: invalid affine certificates fail instead of narrowing a numerical domain
ok 5 - invalid affine certificates fail instead of narrowing a numerical domain
  ---
  duration_ms: 0.969937
  type: 'test'
  ...
# Subtest: affine forms reuse completed shared producers without enumerating literal copies
ok 6 - affine forms reuse completed shared producers without enumerating literal copies
  ---
  duration_ms: 1.282703
  type: 'test'
  ...
# Subtest: an identity cannot weaken the half lattice of a completed producer reused by later affine consumers
ok 7 - an identity cannot weaken the half lattice of a completed producer reused by later affine consumers
  ---
  duration_ms: 1423.802695
  type: 'test'
  ...
# Subtest: parallel condition workers preserve alias facts, stable candidate choice and serial convergence
ok 8 - parallel condition workers preserve alias facts, stable candidate choice and serial convergence
  ---
  duration_ms: 485.554512
  type: 'test'
  ...
# Subtest: parallel conditions retain lazy missing inputs, undefined integer operations and signed floating paths
ok 9 - parallel conditions retain lazy missing inputs, undefined integer operations and signed floating paths
  ---
  duration_ms: 67.313315
  type: 'test'
  ...
# Subtest: parallel condition budgets match serial incomplete results and retain earlier progress
ok 10 - parallel condition budgets match serial incomplete results and retain earlier progress
  ---
  duration_ms: 193.430923
  type: 'test'
  ...
# Subtest: shared condition reduction continues past one promotion to its own fixed point
ok 11 - shared condition reduction continues past one promotion to its own fixed point
  ---
  duration_ms: 17.775234
  type: 'test'
  ...
# Subtest: condition candidate and round budgets never masquerade as convergence
ok 12 - condition candidate and round budgets never masquerade as convergence
  ---
  duration_ms: 2.59494
  type: 'test'
  ...
# Subtest: later resource exhaustion preserves the already-admitted reduction without claiming convergence
ok 13 - later resource exhaustion preserves the already-admitted reduction without claiming convergence
  ---
  duration_ms: 4.519077
  type: 'test'
  ...
# Subtest: finite comparison proofs preserve endpoints, overlap, strictness and signed-zero equality
ok 14 - finite comparison proofs preserve endpoints, overlap, strictness and signed-zero equality
  ---
  duration_ms: 5.254179
  type: 'test'
  ...
# Subtest: a proved guard cuts unreachable numerical producers before lowering for every finite half input
ok 15 - a proved guard cuts unreachable numerical producers before lowering for every finite half input
  ---
  duration_ms: 56.507081
  type: 'test'
  ...
# Subtest: a constant discovered during condition substitution selects its branch before unsupported producers
ok 16 - a constant discovered during condition substitution selects its branch before unsupported producers
  ---
  duration_ms: 3.107619
  type: 'test'
  ...
# Subtest: Inverse bitcasts cancel within their existing arms and retain guards and signed zeros
ok 17 - Inverse bitcasts cancel within their existing arms and retain guards and signed zeros
  ---
  duration_ms: 13.937505
  type: 'test'
  ...
# Subtest: Conditional bitcasts keep an undefined unselected arm lazy and do not distribute arithmetic
ok 18 - Conditional bitcasts keep an undefined unselected arm lazy and do not distribute arithmetic
  ---
  duration_ms: 1.35728
  type: 'test'
  ...
# Global modular JSON proof: cases=71680 floatReassociation=false
# Subtest: global integer factors collect repeated nonadjacent inputs and preserve all u16 values
ok 19 - global integer factors collect repeated nonadjacent inputs and preserve all u16 values
  ---
  duration_ms: 891.757142
  type: 'test'
  ...
# Subtest: global modular cancellation and common factors preserve overflow at every integer width
ok 20 - global modular cancellation and common factors preserve overflow at every integer width
  ---
  duration_ms: 103.794399
  type: 'test'
  ...
# Subtest: global collection keeps partial operations and IEEE arithmetic barriers
ok 21 - global collection keeps partial operations and IEEE arithmetic barriers
  ---
  duration_ms: 0.736419
  type: 'test'
  ...
# Subtest: bounded global collection declines oversized searches without dropping terms
ok 22 - bounded global collection declines oversized searches without dropping terms
  ---
  duration_ms: 69.930545
  type: 'test'
  ...
# Subtest: finite half sum/difference needs no intermediate F32 boundary for every magnitude pair
ok 23 - finite half sum/difference needs no intermediate F32 boundary for every magnitude pair
  ---
  duration_ms: 7544.847573
  type: 'test'
  ...
# Subtest: JSON half sum fusion preserves signed zero, binade gaps, cancellation and overflow across all finite half operands
ok 24 - JSON half sum fusion preserves signed zero, binade gaps, cancellation and overflow across all finite half operands
  ---
  duration_ms: 11552.35693
  type: 'test'
  ...
# Subtest: half addition identity is not applied to higher-precision operands or sums of half products
ok 25 - half addition identity is not applied to higher-precision operands or sums of half products
  ---
  duration_ms: 7.319881
  type: 'test'
  ...
# Subtest: summing exact half products still needs the F32 boundary at an odd half tie
ok 26 - summing exact half products still needs the F32 boundary at an odd half tie
  ---
  duration_ms: 4.740607
  type: 'test'
  ...
# Subtest: every point of the finite half sum/difference grid within [-1,1] is exact F32
ok 27 - every point of the finite half sum/difference grid within [-1,1] is exact F32
  ---
  duration_ms: 247.870404
  type: 'test'
  ...
# Subtest: certified bounded half sums and differences lose their F32 rounding but preserve all finite admitted operands
ok 28 - certified bounded half sums and differences lose their F32 rounding but preserve all finite admitted operands
  ---
  duration_ms: 454.394744
  type: 'test'
  ...
# Subtest: half-grid rounding removal requires both the half lattice and the absolute domain bound
ok 29 - half-grid rounding removal requires both the half lattice and the absolute domain bound
  ---
  duration_ms: 1.686704
  type: 'test'
  ...
# Subtest: half-difference exponential removes only its unreachable tiny dispatch and retains exact certified polynomial bits
ok 30 - half-difference exponential removes only its unreachable tiny dispatch and retains exact certified polynomial bits
  ---
  duration_ms: 1639.429301
  type: 'test'
  ...
# Subtest: F32 widening and zero identities retain the stronger completed F16 precision proof
ok 31 - F32 widening and zero identities retain the stronger completed F16 precision proof
  ---
  duration_ms: 107.771027
  type: 'test'
  ...
# Subtest: removing a redundant F32 bitword rounding never weakens its F16 producer precision
ok 32 - removing a redundant F32 bitword rounding never weakens its F16 producer precision
  ---
  duration_ms: 555.711193
  type: 'test'
  ...
# Subtest: stronger precision is retained only when proved; arbitrary F32 constants do not acquire F16 precision
ok 33 - stronger precision is retained only when proved; arbitrary F32 constants do not acquire F16 precision
  ---
  duration_ms: 0.572215
  type: 'test'
  ...
# Subtest: backward half-output bounds certify every finite half cell with exact F32 tie ownership
ok 34 - backward half-output bounds certify every finite half cell with exact F32 tie ownership
  ---
  duration_ms: 578.938957
  type: 'test'
  ...
# Subtest: Half reduction with zero lanes retains signed-zero arithmetic but eliminates repeated quantization
ok 35 - Half reduction with zero lanes retains signed-zero arithmetic but eliminates repeated quantization
  ---
  duration_ms: 988.646118
  type: 'test'
  ...
# Subtest: A nonzero addition or nonunit product cannot inherit the Half lattice
ok 36 - A nonzero addition or nonunit product cannot inherit the Half lattice
  ---
  duration_ms: 6.822373
  type: 'test'
  ...
# Subtest: Completed singleton-attention probability is substituted before its consumer rounding
ok 37 - Completed singleton-attention probability is substituted before its consumer rounding
  ---
  duration_ms: 1.693735
  type: 'test'
  ...
# Subtest: unchanged structural and precision fixed points retain completed producer identity
ok 38 - unchanged structural and precision fixed points retain completed producer identity
  ---
  duration_ms: 2.611341
  type: 'test'
  ...
# Subtest: incremental substitution stabilizes children before consumers and removes equivalent producer subtraction
ok 39 - incremental substitution stabilizes children before consumers and removes equivalent producer subtraction
  ---
  duration_ms: 141.571832
  type: 'test'
  ...
# Subtest: a selected coordinate is emitted as a complete scalar artifact without pretending to cover the vector
ok 40 - a selected coordinate is emitted as a complete scalar artifact without pretending to cover the vector
  ---
  duration_ms: 18.319656
  type: 'test'
  ...
# Subtest: one complete source-discovered coordinate preserves live PyTorch bits after each dependency is stabilized
ok 41 - one complete source-discovered coordinate preserves live PyTorch bits after each dependency is stabilized # SKIP
  ---
  duration_ms: 0.204355
  type: 'test'
  ...
# Subtest: unsigned interval propagation encloses every u16 operand through wrap, masks, shifts and conversion
ok 42 - unsigned interval propagation encloses every u16 operand through wrap, masks, shifts and conversion
  ---
  duration_ms: 3582.364022
  type: 'test'
  ...
# Subtest: derived integer comparisons inherit path bounds without losing wrap or lazy failure semantics
ok 43 - derived integer comparisons inherit path bounds without losing wrap or lazy failure semantics
  ---
  duration_ms: 441.331692
  type: 'test'
  ...
# Subtest: positive IEEE magnitude classification equals unsigned word ordering including zeros and nonfinite payloads
ok 44 - positive IEEE magnitude classification equals unsigned word ordering including zeros and nonfinite payloads
  ---
  duration_ms: 1379.112743
  type: 'test'
  ...
# Subtest: scoped unsigned magnitude proofs enclose all finite half inputs through F32 arithmetic and conversion
ok 45 - scoped unsigned magnitude proofs enclose all finite half inputs through F32 arithmetic and conversion
  ---
  duration_ms: 276.583432
  type: 'test'
  ...
# Subtest: a scoped lower bound removes only proved residual changes and keeps the signed complement
ok 46 - a scoped lower bound removes only proved residual changes and keeps the signed complement
  ---
  duration_ms: 13.036082
  type: 'test'
  ...
# Subtest: invalid magnitude proofs are rejected rather than silently shrinking the input domain
ok 47 - invalid magnitude proofs are rejected rather than silently shrinking the input domain
  ---
  duration_ms: 0.886945
  type: 'test'
  ...
# Subtest: scoped normal half conversion removes subnormal decisions for both signs and preserves every admitted half input
ok 48 - scoped normal half conversion removes subnormal decisions for both signs and preserves every admitted half input
  ---
  duration_ms: 865.614637
  type: 'test'
  ...
# Subtest: JSON half-difference exponential certificate agrees with live PyTorch throughout the containing F32 lattice
ok 49 - JSON half-difference exponential certificate agrees with live PyTorch throughout the containing F32 lattice # SKIP
  ---
  duration_ms: 1.000726
  type: 'test'
  ...
# Subtest: JSON compiler pipeline reports prepared coordinates without publishing an over-budget checkpoint vector
ok 50 - JSON compiler pipeline reports prepared coordinates without publishing an over-budget checkpoint vector # SKIP
  ---
  duration_ms: 0.1704
  type: 'test'
  ...
# Subtest: source-discovered JSON working expressions reproduce complete checkpoint logits before primitive lowering
ok 51 - source-discovered JSON working expressions reproduce complete checkpoint logits before primitive lowering # SKIP
  ---
  duration_ms: 0.122326
  type: 'test'
  ...
# Subtest: normalized root and composed inverse JSON exhaust both F32 exponent parities against native IEEE boundaries
ok 52 - normalized root and composed inverse JSON exhaust both F32 exponent parities against native IEEE boundaries
  ---
  duration_ms: 900.669496
  type: 'test'
  ...
# Subtest: rational root JSON preserves exact widening across normal exponent boundaries and all positive finite half values
ok 53 - rational root JSON preserves exact widening across normal exponent boundaries and all positive finite half values
  ---
  duration_ms: 7207.373741
  type: 'test'
  ...
# Subtest: composed inverse preserves the root rounding boundary instead of silently becoming reciprocal sqrt
ok 54 - composed inverse preserves the root rounding boundary instead of silently becoming reciprocal sqrt
  ---
  duration_ms: 0.495014
  type: 'test'
  ...
# Subtest: residual cell guards retain every finite half at both correction endpoints with a strict F32 margin
ok 55 - residual cell guards retain every finite half at both correction endpoints with a strict F32 margin
  ---
  duration_ms: 5537.646253
  type: 'test'
  ...
# Subtest: residual cells never remove signed-zero canonicalization or claim a non-strict or invalid bound
ok 56 - residual cells never remove signed-zero canonicalization or claim a non-strict or invalid bound
  ---
  duration_ms: 1.886368
  type: 'test'
  ...
# Subtest: RMS consumer certificate exhausts root error cells and their finite half pair preimages
ok 57 - RMS consumer certificate exhausts root error cells and their finite half pair preimages
  ---
  duration_ms: 642.643992
  type: 'test'
  ...
# Subtest: RMS certificate keeps four steps for unsupported widths, resource limits and invalid domains
ok 58 - RMS certificate keeps four steps for unsupported widths, resource limits and invalid domains
  ---
  duration_ms: 55.850654
  type: 'test'
  ...
# Subtest: three-step root is restricted to the certified consumer; standalone roots retain exact rounding
ok 59 - three-step root is restricted to the certified consumer; standalone roots retain exact rounding
  ---
  duration_ms: 5.823777
  type: 'test'
  ...
# Subtest: certified RMS critical pairs match live PyTorch for every sign and one/eight-token shapes
ok 60 - certified RMS critical pairs match live PyTorch for every sign and one/eight-token shapes # SKIP
  ---
  duration_ms: 0.205919
  type: 'test'
  ...
# Subtest: closed JSON RMS composition preserves every critical coordinate and sign without pending primitives
ok 61 - closed JSON RMS composition preserves every critical coordinate and sign without pending primitives
  ---
  duration_ms: 184.107071
  type: 'test'
  ...
# Subtest: constant F32 cells preserve exact dyadic results for every admitted half correction and both signs
ok 62 - constant F32 cells preserve exact dyadic results for every admitted half correction and both signs
  ---
  duration_ms: 477.436295
  type: 'test'
  ...
# Subtest: constant-cell folding rejects zeros, ties, overflow, unknown operations and invalid bounds
ok 63 - constant-cell folding rejects zeros, ties, overflow, unknown operations and invalid bounds
  ---
  duration_ms: 0.473114
  type: 'test'
  ...
# Subtest: a certified constant cell cuts its producer before lowering and folds the downstream root
ok 64 - a certified constant cell cuts its producer before lowering and folds the downstream root
  ---
  duration_ms: 4.847049
  type: 'test'
  ...
# Subtest: JSON correlated score proof reads weights progressively and covers every paired RoPE coefficient
ok 65 - JSON correlated score proof reads weights progressively and covers every paired RoPE coefficient
  ---
  duration_ms: 4.628221
  type: 'test'
  ...
# Subtest: JSON correlated score proof refuses unsupported geometry, unavailable coefficient budgets and nonfinite projections
ok 66 - JSON correlated score proof refuses unsupported geometry, unavailable coefficient budgets and nonfinite projections
  ---
  duration_ms: 1.386743
  type: 'test'
  ...
# Subtest: compiler structural sharing preserves the entire literal tree and floating evaluation order
ok 67 - compiler structural sharing preserves the entire literal tree and floating evaluation order
  ---
  duration_ms: 5.065591
  type: 'test'
  ...
# Subtest: structural sharing distinguishes IEEE payloads, signed zeros, types and input names
ok 68 - structural sharing distinguishes IEEE payloads, signed zeros, types and input names
  ---
  duration_ms: 0.568883
  type: 'test'
  ...
# Subtest: structural sharing keeps lazy failures and rejects cycles or exhausted compiler budgets
ok 69 - structural sharing keeps lazy failures and rejects cycles or exhausted compiler budgets
  ---
  duration_ms: 1.030193
  type: 'test'
  ...
# Subtest: equivalent condition objects count as one repeated candidate instead of hiding a reduction
ok 70 - equivalent condition objects count as one repeated candidate instead of hiding a reduction
  ---
  duration_ms: 4.111646
  type: 'test'
  ...
# Subtest: finite product and quotient sign provenance removes positive-root consumers while preserving all half signs
ok 71 - finite product and quotient sign provenance removes positive-root consumers while preserving all half signs
  ---
  duration_ms: 449.051174
  type: 'test'
  ...
# Subtest: product and quotient sign proofs match actual F32 arithmetic over all finite half values and coefficient signs
ok 72 - product and quotient sign proofs match actual F32 arithmetic over all finite half values and coefficient signs
  ---
  duration_ms: 4399.045112
  type: 'test'
  ...
# Subtest: sign proofs do not classify intervals containing zero and prove finite squares positive even at negative zero
ok 73 - sign proofs do not classify intervals containing zero and prove finite squares positive even at negative zero
  ---
  duration_ms: 1.309681
  type: 'test'
  ...
# Subtest: certified source signs preserve direct and double-rounded half cells without repeating the positive divisor
ok 74 - certified source signs preserve direct and double-rounded half cells without repeating the positive divisor
  ---
  duration_ms: 896.092556
  type: 'test'
  ...
# Subtest: Completed producer proofs are reused only under the same relevant branch context
ok 75 - Completed producer proofs are reused only under the same relevant branch context
  ---
  duration_ms: 8.28628
  type: 'test'
  ...
# Subtest: Reusing numerical proof nodes cannot erase a reachable undefined branch
ok 76 - Reusing numerical proof nodes cannot erase a reachable undefined branch
  ---
  duration_ms: 1.116636
  type: 'test'
  ...
# Subtest: JSON zero identities preserve every finite half value and both zero signs
ok 77 - JSON zero identities preserve every finite half value and both zero signs
  ---
  duration_ms: 518.10465
  type: 'test'
  ...
# Subtest: JSON reduction trailing zero is removed only after its accumulator excludes negative zero
ok 78 - JSON reduction trailing zero is removed only after its accumulator excludes negative zero
  ---
  duration_ms: 942.1076
  type: 'test'
  ...
# Subtest: JSON branch zero-sign proof requires both arms and does not assume half underflow is positive
ok 79 - JSON branch zero-sign proof requires both arms and does not assume half underflow is positive
  ---
  duration_ms: 5.260145
  type: 'test'
  ...
# Subtest: JSON exact constants survive serialization including signed zero and all finite F16 bits
ok 80 - JSON exact constants survive serialization including signed zero and all finite F16 bits
  ---
  duration_ms: 174.149388
  type: 'test'
  ...
# Subtest: JSON bitword mask and shift identities preserve all u16 values and unsigned width boundaries
ok 81 - JSON bitword mask and shift identities preserve all u16 values and unsigned width boundaries
  ---
  duration_ms: 3573.390605
  type: 'test'
  ...
# Subtest: JSON conditional facts remove repeated decisions without distributing branches
ok 82 - JSON conditional facts remove repeated decisions without distributing branches
  ---
  duration_ms: 1.822121
  type: 'test'
  ...
# Subtest: JSON shared conditions combine repeated queries after fixed point without changing floating path arithmetic
ok 83 - JSON shared conditions combine repeated queries after fixed point without changing floating path arithmetic
  ---
  duration_ms: 3.640736
  type: 'test'
  ...
# Subtest: JSON shared condition promotion does not expose lazy missing inputs or undefined integer operations
ok 84 - JSON shared condition promotion does not expose lazy missing inputs or undefined integer operations
  ---
  duration_ms: 1.242088
  type: 'test'
  ...
# Subtest: JSON fixed point propagates integer bounds to remove implied and contradictory conditions
ok 85 - JSON fixed point propagates integer bounds to remove implied and contradictory conditions
  ---
  duration_ms: 1.181216
  type: 'test'
  ...
# Subtest: JSON factoring is allowed for modular integers and withheld across float rounding
ok 86 - JSON factoring is allowed for modular integers and withheld across float rounding
  ---
  duration_ms: 0.659195
  type: 'test'
  ...
# Subtest: JSON simplification preserves -0 and does not hide undefined integer operations
ok 87 - JSON simplification preserves -0 and does not hide undefined integer operations
  ---
  duration_ms: 0.600605
  type: 'test'
  ...
# Subtest: JSON precision cancels redundant bit rounding only with a proved lattice and preserves signed zeros
ok 88 - JSON precision cancels redundant bit rounding only with a proved lattice and preserves signed zeros
  ---
  duration_ms: 660.437447
  type: 'test'
  ...
# Subtest: JSON certified F16 source ranges eliminate only unreachable sign, subnormal and overflow arms
ok 89 - JSON certified F16 source ranges eliminate only unreachable sign, subnormal and overflow arms
  ---
  duration_ms: 3252.412894
  type: 'test'
  ...
# Subtest: JSON working range analysis encloses F32 endpoint rounding and refuses unknown or zero-crossing divisors
ok 90 - JSON working range analysis encloses F32 endpoint rounding and refuses unknown or zero-crossing divisors
  ---
  duration_ms: 2.668251
  type: 'test'
  ...
# Subtest: JSON normal double rounding is fused with both widened even and odd tie cells preserved
ok 91 - JSON normal double rounding is fused with both widened even and odd tie cells preserved
  ---
  duration_ms: 16593.703884
  type: 'test'
  ...
# Subtest: JSON finite double rounding composes normal and subnormal arms without duplicating the F32 result
ok 92 - JSON finite double rounding composes normal and subnormal arms without duplicating the F32 result
  ---
  duration_ms: 7774.161505
  type: 'test'
  ...
# Subtest: JSON exponential truncation is certified over every possible bounded half-score difference
ok 93 - JSON exponential truncation is certified over every possible bounded half-score difference
  ---
  duration_ms: 1120.844495
  type: 'test'
  ...
# Subtest: JSON rejects hidden floating conversions and malformed operation types
ok 94 - JSON rejects hidden floating conversions and malformed operation types
  ---
  duration_ms: 0.55705
  type: 'test'
  ...
# Subtest: JSON F32 to F16 bitwise conversion preserves every finite F16 value including signed zeros
ok 95 - JSON F32 to F16 bitwise conversion preserves every finite F16 value including signed zeros
  ---
  duration_ms: 2220.310359
  type: 'test'
  ...
# Subtest: JSON F32 to F16 explicit decisions agree with independent dyadic rounding at ties and sampled F32 bits
ok 96 - JSON F32 to F16 explicit decisions agree with independent dyadic rounding at ties and sampled F32 bits
  ---
  duration_ms: 273.639125
  type: 'test'
  ...
# Subtest: JSON exact widening covers every finite F16 bit pattern and sampled F32 normal/subnormal values
ok 97 - JSON exact widening covers every finite F16 bit pattern and sampled F32 normal/subnormal values
  ---
  duration_ms: 4042.607473
  type: 'test'
  ...
# Subtest: JSON positive normal F32 square root is lowered without native sqrt and agrees bitwise on exponent and mantissa boundaries
ok 98 - JSON positive normal F32 square root is lowered without native sqrt and agrees bitwise on exponent and mantissa boundaries
  ---
  duration_ms: 2355.650468
  type: 'test'
  ...
# Subtest: JSON factorized SiLU polynomial is certified against every finite F16 point in its declared domain
ok 99 - JSON factorized SiLU polynomial is certified against every finite F16 point in its declared domain
  ---
  duration_ms: 10277.204284
  type: 'test'
  ...
# Subtest: JSON direct F64 to F16 composition matches an independent dyadic oracle at every half midpoint
ok 100 - JSON direct F64 to F16 composition matches an independent dyadic oracle at every half midpoint
  ---
  duration_ms: 7520.974896
  type: 'test'
  ...
# Subtest: JSON exponential eliminates constant range reduction and reproduces the pinned F32 polynomial in its proved domain
ok 101 - JSON exponential eliminates constant range reduction and reproduces the pinned F32 polynomial in its proved domain
  ---
  duration_ms: 1592.602309
  type: 'test'
  ...
# Subtest: JSON normal rounding followed by exact widening collapses to one bitword rounding expression
ok 102 - JSON normal rounding followed by exact widening collapses to one bitword rounding expression
  ---
  duration_ms: 21.934592
  type: 'test'
  ...
# Subtest: JSON composed F16 conversion and widening preserves all F16 values and sampled F32 rounding boundaries
ok 103 - JSON composed F16 conversion and widening preserves all F16 values and sampled F32 rounding boundaries
  ---
  duration_ms: 1531.117351
  type: 'test'
  ...
# Subtest: JSON F64 to F32 bitwise conversion agrees with IEEE rounding at boundaries and sampled binary64 values
ok 104 - JSON F64 to F32 bitwise conversion agrees with IEEE rounding at boundaries and sampled binary64 values
  ---
  duration_ms: 238.084062
  type: 'test'
  ...
# Subtest: JSON admission distinguishes shared decisions from expanded occurrences and rejects residual implicit rounding
ok 105 - JSON admission distinguishes shared decisions from expanded occurrences and rejects residual implicit rounding
  ---
  duration_ms: 1.474831
  type: 'test'
  ...
# Subtest: JSON admission rejects exponential duplication and longest shared paths without expanding the tree
ok 106 - JSON admission rejects exponential duplication and longest shared paths without expanding the tree
  ---
  duration_ms: 15.07495
  type: 'test'
  ...
# Subtest: JSON measurement predicts serialization and huge duplication without rendering expanded expressions
ok 107 - JSON measurement predicts serialization and huge duplication without rendering expanded expressions
  ---
  duration_ms: 2.180234
  type: 'test'
  ...
# Subtest: JSONL stream emits all scalar coordinates with exact syntax and refuses to publish incomplete vectors
ok 108 - JSONL stream emits all scalar coordinates with exact syntax and refuses to publish incomplete vectors
  ---
  duration_ms: 49.76299
  type: 'test'
  ...
1..108
# tests 108
# suites 0
# pass 103
# fail 0
# cancelled 0
# skipped 5
# todo 0
# duration_ms 92303.860666
