TAP version 13
# Subtest: JSON compiler pipeline reports a stabilized coordinate without publishing an over-budget checkpoint artifact
ok 1 - JSON compiler pipeline reports a stabilized coordinate without publishing an over-budget checkpoint artifact
  ---
  duration_ms: 106313.249095
  type: 'test'
  ...
# Subtest: JSON compiler refuses emission when shared conditions have not reached their fixed point
ok 2 - JSON compiler refuses emission when shared conditions have not reached their fixed point
  ---
  duration_ms: 16906.12834
  type: 'test'
  ...
1..2
# tests 2
# suites 0
# pass 2
# fail 0
# cancelled 0
# skipped 0
# todo 0
# duration_ms 123643.27063
