✔ Signed normal-binade conversions contain one source occurrence and preserve native IEEE boundaries (4836.052458ms)
✔ Certified constant projections avoid dead producers and preserve signed Half outcomes (2429.716125ms)
✔ Tight Half update bounds preserve ordered F32 reductions and eliminate dependencies with proof (5199.62925ms)
✔ Memory-admitted parallel regions preserve full geometry, ordered numerical bodies and native parity (28575.366417ms)
✔ Fresh broad-region covers refine only pending intersections and preserve exact source compatibility (4623.670667ms)
✔ Native parity corpus covers mixed signed zeros without exponential growth in high dimensions (2684.114208ms)
✔ Correlated RMS bounds eliminate proved constant components before expanding mean and inverse (2403.925625ms)
✔ Scoped exact algebra factors closed producers while preserving native payloads and IEEE barriers (11866.541ms)
✔ Finite F32 cells and compile-time constants preserve native boundaries and signed zeros (1599.789958ms)
✔ Proved unsigned masks remove redundant operations without changing overflow or numeric contexts (603.106667ms)
✔ Stabilized branches share decisions, preserve lazy guards and emit flat input-only expressions (3244.390084ms)
✔ Compiler-only literal sharing uses expanded costs and emits bit-exact input-only expressions (9165.574959ms)
✔ SymPy factors typed word polynomials modulo 2^64 without reassociating floating operations (754.759417ms)
✔ Parallel SymPy blocks preserve ordered F32 folds, branch contexts and memory admission (4427.341042ms)
✔ Equivalent scan backend preserves Unicode regex results and byte-identical saved compiler states (2271.101875ms)
✔ SymPy savepoints preserve completed rounding frontiers and reject incompatible or corrupt state (2158.518833ms)
✔ SymPy string substitution factors and simplifies each step with isolated IEEE branch proofs (629.563875ms)
✔ SymPy checkpoint working string is re-read and matches a freshly captured coordinate reference (5961.954416ms)
✔ SymPy elementary conversion strings preserve native IEEE cells and composed boundaries (15009.300375ms)
✔ Bounded SiLU arithmetic lowering matches every certified Half scalar and vector input (4018.269625ms)
✔ Positive F32 square-root word lowering preserves all mantissas, parities and subnormals (1959.235375ms)
✔ IEEE sign projections preserve signed zero and reduce completed down-conversion strings (9988.421417ms)
✔ Half interval precision removes redundant F32 rounding with native emitted-expression parity (1635.481875ms)
✔ Disjoint input partitions preserve complete Half coverage and emitted coordinate parity within each certified region (19033.146792ms)
✔ Proved signed-zero updates preserve formats, branch isolation and native payloads (1221.150208ms)
✔ Constant IEEE cells eliminate whole producers and propagate compound branch contexts (1250.344792ms)
✔ Identical emitted coordinate bodies coalesce without losing coverage, signed zeros or lazy guards (1427.168917ms)
✔ Budgeted coordinate continuation persists actual producers and rejects incompatible saved dimensions (15037.2955ms)
✔ Coupled projection exclusions preserve rounded reductions across every central Half pair (1614.705875ms)
✔ Cross-normalization path exclusions include every original rounding and reject foreign contexts (3695.059125ms)
✔ Directed attention bounds retain both projection roundings and prove residual cells for every mixed Half pair (3364.077291ms)
✔ RMS subnormal branch proofs retain shared means and original Half storage cells (3018.275792ms)
✔ Source changes retain only audited partition geometry and recompile numerical evidence (743.076042ms)
✔ Branch-local projection cells propagate constants in original dependency order without replacing residual sums (1681.234041ms)
ℹ tests 34
ℹ suites 0
ℹ pass 34
ℹ fail 0
ℹ cancelled 0
ℹ skipped 0
ℹ todo 0
ℹ duration_ms 178432.811041
