{"producer": "model.layers.0.pre:mean", "characters": 329, "validationEnvelopeCharacters": 329, "sha256": "75c28ff5aafd90e8e47fe8344b2f04925e90c4d6ed4ec6b5a0ee57d0d023d9c6"}
{"producer": "model.layers.0.pre:inverse", "characters": 5821, "validationEnvelopeCharacters": 1752, "sha256": "71d090a32a5c13e4ec2d80551f1ea8c472f0509096729284fcfe640df768867d"}
{"producer": "model.layers.0.pre:0", "characters": 12289, "validationEnvelopeCharacters": 366, "sha256": "2e6c745fc1de8bbbea74dedf76d25dca21e7f595b651459b09853b17bb5d3f14"}
{"producer": "model.layers.0.pre:1", "characters": 12289, "validationEnvelopeCharacters": 366, "sha256": "651fe4067597a7ff441008505c6b4ad0c2a985638d10b7d53536861afba65d72"}
{"producer": "model.layers.0.v:0", "characters": 98906, "validationEnvelopeCharacters": 722, "sha256": "26bd7360d8090a6e3df45e5245493d1e133ef47fd581dc149686c547b66d2ad9"}
{"producer": "model.layers.0.context:0", "characters": 98912, "validationEnvelopeCharacters": 22, "sha256": "d6237665e89f9ec945cca450877a7ef898b845c470a5b34b9b340d10d8f154a4"}
{"producer": "model.layers.0.v:1", "characters": 98894, "validationEnvelopeCharacters": 710, "sha256": "48af566f5a891bb6e8553807388c5330adb1059aaf153fd273ee1f229c393ec4"}
{"producer": "model.layers.0.context:1", "characters": 98900, "validationEnvelopeCharacters": 22, "sha256": "f67f4de19c1375703f58d9948d08bdd45e8f2a26dbad954add6c6b054a704b81"}
{"producer": "model.layers.0.residual:0", "characters": 791904, "validationEnvelopeCharacters": 832, "sha256": "78d70c380a3df26248722691e66f0445ee2b12f3059ea1b668c7c17617e1fd5d"}
{"producer": "model.layers.0.residual:1", "characters": 791912, "validationEnvelopeCharacters": 840, "sha256": "332e23c1a795e4bbe131e6e95dc96ea36d498849f969a1944de5ab6c21187305"}
{"producer": "model.layers.0.post:mean", "characters": 3167953, "validationEnvelopeCharacters": 385, "sha256": "7bb2863bca8b8adc8bf2cdd5c937b55dc12932512e507ed91b69d6b153a0bb47"}
{"producer": "model.layers.0.post:inverse", "characters": 41184933, "validationEnvelopeCharacters": 1752, "sha256": "704576992f66fdd1e797bb0a506b907ea3b64e819e7720714b2e13421a691a6e"}
{"producer": "model.layers.0.post:0", "characters": 88705745, "validationEnvelopeCharacters": 422, "sha256": "51fe6703957c965c748ea739b49205a107e1d8f27a28608a818629b4a5ee1038"}
{"producer": "model.layers.0.post:1", "characters": 88705777, "validationEnvelopeCharacters": 422, "sha256": "36c98860b8356a7cfdf0882458e3c5c1d999988aa553720ecd99f426acb875f5"}
{"producer": "model.layers.0.gate:0", "characters": 709646690, "validationEnvelopeCharacters": 730, "sha256": "961ce63a52c06e6e15cc68c3cdd1ab7c9740619ea2cf3e0bb880d8d5bcf04e49"}
{"producer": "model.layers.0.activation:0", "characters": 1596705580, "validationEnvelopeCharacters": 2170, "sha256": "54b29258dbd96e1b3f4bd6b5ec85c02386dc45de9ce93cf82127d47720ff94ad"}
{"producer": "model.layers.0.up:0", "characters": 709646674, "validationEnvelopeCharacters": 714, "sha256": "9e556b16a864704b91282516a8dd81a925e1d0b5cf6613403606fb81b39b006f"}
{"producer": "model.layers.0.gated:0", "characters": 7273880362, "validationEnvelopeCharacters": 716, "sha256": "443f7f13e54538128bed83ab56d610573c1d435b38b187fc78b8869e6cfbf3d5"}
Loading weights:   0%|          | 0/12 [00:00<?, ?it/s]Loading weights: 100%|██████████| 12/12 [00:00<00:00, 12764.81it/s]
{"cases": 60, "comparisons": 360, "mismatches": 0, "producerFilesEvaluated": 18, "coordinateAtPositionZeroVerified": false, "scope": "Actual saved posterior normalization, gate/activation/up/gated and any completed hidden/final/output producers, position 0; verification-only reuse of immutable earlier subtrees. Does not prove the last-token next-token coordinate for variable sequence lengths.", "elapsedSeconds": 128.30024603200002}
