✔ affine substitution distributes coefficients and gathers repeated fundamental variables bitwise (279.4375ms)
✔ floating rounding and signed-zero barriers survive affine analysis (0.211125ms)
✔ every operator and guard is visited and branch bounds never leak to the complement (0.412292ms)
✔ incremental F32 substitution composes exact affine producers before bitwise rounding (79.925958ms)
✔ invalid affine certificates fail instead of narrowing a numerical domain (0.322583ms)
✔ affine forms reuse completed shared producers without enumerating literal copies (0.44875ms)
✔ an identity cannot weaken the half lattice of a completed producer reused by later affine consumers (433.106ms)
✔ finite comparison proofs preserve endpoints, overlap, strictness and signed-zero equality (2.598791ms)
✔ a proved guard cuts unreachable numerical producers before lowering for every finite half input (16.006417ms)
✔ a constant discovered during condition substitution selects its branch before unsupported producers (1.345417ms)
✔ F32 widening and zero identities retain the stronger completed F16 precision proof (34.212ms)
✔ removing a redundant F32 bitword rounding never weakens its F16 producer precision (173.294167ms)
✔ stronger precision is retained only when proved; arbitrary F32 constants do not acquire F16 precision (0.2305ms)
✔ constant F32 cells preserve exact dyadic results for every admitted half correction and both signs (144.849709ms)
✔ constant-cell folding rejects zeros, ties, overflow, unknown operations and invalid bounds (0.121291ms)
✔ a certified constant cell cuts its producer before lowering and folds the downstream root (1.716458ms)
✔ JSON zero identities preserve every finite half value and both zero signs (146.283125ms)
✔ JSON reduction trailing zero is removed only after its accumulator excludes negative zero (275.265709ms)
✔ JSON branch zero-sign proof requires both arms and does not assume half underflow is positive (1.684041ms)
ℹ tests 19
ℹ suites 0
ℹ pass 19
ℹ fail 0
ℹ cancelled 0
ℹ skipped 0
ℹ todo 0
ℹ duration_ms 860.446667
