TAP version 13
# Subtest: Invalid compiler output scopes fail before opening any checkpoint
ok 1 - Invalid compiler output scopes fail before opening any checkpoint
  ---
  duration_ms: 2.337609
  type: 'test'
  ...
# Subtest: Next-token literal vector contains four logits and reads only the selected causal prefix for lengths 1..8
ok 2 - Next-token literal vector contains four logits and reads only the selected causal prefix for lengths 1..8
  ---
  duration_ms: 67.402186
  type: 'test'
  ...
# Subtest: JSON factorized SiLU polynomial is certified against every finite F16 point in its declared domain
ok 3 - JSON factorized SiLU polynomial is certified against every finite F16 point in its declared domain
  ---
  duration_ms: 9934.209866
  type: 'test'
  ...
1..3
# tests 3
# suites 0
# pass 3
# fail 0
# cancelled 0
# skipped 0
# todo 0
# duration_ms 10083.484484
