✔ Signed normal-binade conversions contain one source occurrence and preserve native IEEE boundaries (4892.661792ms)
✔ Certified constant projections avoid dead producers and preserve signed Half outcomes (1936.9115ms)
✔ Tight Half update bounds preserve ordered F32 reductions and eliminate dependencies with proof (4746.576708ms)
✔ Memory-admitted parallel regions preserve full geometry, ordered numerical bodies and native parity (20722.888875ms)
✔ Fresh broad-region covers refine only pending intersections and preserve exact source compatibility (4787.220584ms)
✔ Native parity corpus covers mixed signed zeros without exponential growth in high dimensions (2706.416208ms)
✔ Correlated RMS bounds eliminate proved constant components before expanding mean and inverse (2357.522958ms)
✔ Scoped exact algebra factors closed producers while preserving native payloads and IEEE barriers (11767.707542ms)
✔ Finite F32 cells and compile-time constants preserve native boundaries and signed zeros (1603.058292ms)
✔ Proved unsigned masks remove redundant operations without changing overflow or numeric contexts (598.522084ms)
✔ Stabilized branches share decisions, preserve lazy guards and emit flat input-only expressions (2448.169875ms)
✔ Compiler-only literal sharing uses expanded costs and emits bit-exact input-only expressions (9141.543875ms)
✔ SymPy factors typed word polynomials modulo 2^64 without reassociating floating operations (729.13075ms)
✔ Parallel SymPy blocks preserve ordered F32 folds, branch contexts and memory admission (4386.775209ms)
✔ Equivalent scan backend preserves Unicode regex results and byte-identical saved compiler states (2270.953ms)
✔ SymPy savepoints preserve completed rounding frontiers and reject incompatible or corrupt state (2422.426166ms)
✔ SymPy string substitution factors and simplifies each step with isolated IEEE branch proofs (641.630708ms)
✔ SymPy checkpoint working string is re-read and matches a freshly captured coordinate reference (5967.777458ms)
✔ SymPy elementary conversion strings preserve native IEEE cells and composed boundaries (14419.089833ms)
✔ Bounded SiLU arithmetic lowering matches every certified Half scalar and vector input (4136.620791ms)
✔ Positive F32 square-root word lowering preserves all mantissas, parities and subnormals (860.838416ms)
✔ IEEE sign projections preserve signed zero and reduce completed down-conversion strings (9994.195792ms)
✔ Half interval precision removes redundant F32 rounding with native emitted-expression parity (1615.166458ms)
✔ Disjoint input partitions preserve complete Half coverage and emitted coordinate parity within each certified region (14743.947833ms)
✔ Proved signed-zero updates preserve formats, branch isolation and native payloads (1186.416042ms)
✔ Constant IEEE cells eliminate whole producers and propagate compound branch contexts (1239.140875ms)
✔ Identical emitted coordinate bodies coalesce without losing coverage, signed zeros or lazy guards (1419.05475ms)
✔ Budgeted coordinate continuation persists actual producers and rejects incompatible saved dimensions (15122.528625ms)
✔ Coupled projection exclusions preserve rounded reductions across every central Half pair (1426.298875ms)
✔ Cross-normalization path exclusions include every original rounding and reject foreign contexts (3550.210667ms)
✔ Directed attention bounds retain both projection roundings and prove residual cells for every mixed Half pair (3417.63625ms)
✔ RMS subnormal branch proofs retain shared means and original Half storage cells (3062.755417ms)
✔ Source changes retain only audited partition geometry and recompile numerical evidence (759.848709ms)
✔ Branch-local projection cells propagate constants in original dependency order without replacing residual sums (1727.750375ms)
ℹ tests 34
ℹ suites 0
ℹ pass 34
ℹ fail 0
ℹ cancelled 0
ℹ skipped 0
ℹ todo 0
ℹ duration_ms 163109.308042
