✔ Signed normal-binade conversions contain one source occurrence and preserve native IEEE boundaries (4050.831666ms)
✔ Certified constant projections avoid dead producers and preserve signed Half outcomes (2142.997417ms)
✔ Tight Half update bounds preserve ordered F32 reductions and eliminate dependencies with proof (4445.096334ms)
✔ Memory-admitted parallel regions preserve full geometry, ordered numerical bodies and native parity (27487.67275ms)
✔ Fresh broad-region covers refine only pending intersections and preserve exact source compatibility (4684.555375ms)
✔ Native parity corpus covers mixed signed zeros without exponential growth in high dimensions (2668.754166ms)
✔ Correlated RMS bounds eliminate proved constant components before expanding mean and inverse (2451.293833ms)
✔ Scoped exact algebra factors closed producers while preserving native payloads and IEEE barriers (12230.448958ms)
✔ Finite F32 cells and compile-time constants preserve native boundaries and signed zeros (2621.272791ms)
✔ Proved unsigned masks remove redundant operations without changing overflow or numeric contexts (610.804ms)
✔ Stabilized branches share decisions, preserve lazy guards and emit flat input-only expressions (2966.694459ms)
✔ Compiler-only literal sharing uses expanded costs and emits bit-exact input-only expressions (9240.337083ms)
✔ SymPy factors typed word polynomials modulo 2^64 without reassociating floating operations (741.952958ms)
✔ Parallel SymPy blocks preserve ordered F32 folds, branch contexts and memory admission (4428.615583ms)
✔ Equivalent scan backend preserves Unicode regex results and byte-identical saved compiler states (2389.351667ms)
✔ SymPy savepoints preserve completed rounding frontiers and reject incompatible or corrupt state (2210.463292ms)
✔ SymPy string substitution factors and simplifies each step with isolated IEEE branch proofs (636.572958ms)
✔ SymPy checkpoint working string is re-read and matches a freshly captured coordinate reference (6099.937958ms)
✔ SymPy elementary conversion strings preserve native IEEE cells and composed boundaries (14493.005208ms)
✔ Bounded SiLU arithmetic lowering matches every certified Half scalar and vector input (4059.330083ms)
✔ Positive F32 square-root word lowering preserves all mantissas, parities and subnormals (1987.786625ms)
✔ IEEE sign projections preserve signed zero and reduce completed down-conversion strings (10168.823583ms)
✔ Half interval precision removes redundant F32 rounding with native emitted-expression parity (1632.355375ms)
✔ Disjoint input partitions preserve complete Half coverage and emitted coordinate parity within each certified region (19170.222ms)
✔ Proved signed-zero updates preserve formats, branch isolation and native payloads (1183.87525ms)
✔ Constant IEEE cells eliminate whole producers and propagate compound branch contexts (1214.007792ms)
✔ Identical emitted coordinate bodies coalesce without losing coverage, signed zeros or lazy guards (1418.210125ms)
✔ Budgeted coordinate continuation persists actual producers and rejects incompatible saved dimensions (15072.825791ms)
✔ Coupled projection exclusions preserve rounded reductions across every central Half pair (1390.624083ms)
✔ Cross-normalization path exclusions include every original rounding and reject foreign contexts (3527.8245ms)
✔ Directed attention bounds retain both projection roundings and prove residual cells for every mixed Half pair (3329.079666ms)
✔ RMS subnormal branch proofs retain shared means and original Half storage cells (3021.704417ms)
✔ Source changes retain only audited partition geometry and recompile numerical evidence (755.708791ms)
✔ Branch-local projection cells propagate constants in original dependency order without replacing residual sums (1683.867666ms)
ℹ tests 34
ℹ suites 0
ℹ pass 34
ℹ fail 0
ℹ cancelled 0
ℹ skipped 0
ℹ todo 0
ℹ duration_ms 176508.16
