{"domain": {"X1": [-15360, -10240], "X2": [-31743, -21504]}, "added": 0, "covered": 0, "stop": "Flat artifact budget exceeded; no complete result", "nativeCases": null, "mismatches": null}

Loading weights:   0%|          | 0/12 [00:00<?, ?it/s]
Loading weights: 100%|██████████| 12/12 [00:00<00:00, 15852.49it/s]
{"domain": {"X1": [-31743, -21504], "X2": [-15360, -11264]}, "added": 41953280, "covered": 41953280, "stop": null, "nativeCases": 8196, "mismatches": 0}

Loading weights:   0%|          | 0/12 [00:00<?, ?it/s]
Loading weights: 100%|██████████| 12/12 [00:00<00:00, 36472.21it/s]
{"domain": {"X1": [-15360, -10240], "X2": [21504, 31743]}, "added": 52439040, "covered": 94392320, "stop": null, "nativeCases": 8196, "mismatches": 0}

Loading weights:   0%|          | 0/12 [00:00<?, ?it/s]
Loading weights: 100%|██████████| 12/12 [00:00<00:00, 29347.90it/s]
{"domain": {"X1": [-31743, -21504], "X2": [11264, 15360]}, "added": 41953280, "covered": 136345600, "stop": null, "nativeCases": 8196, "mismatches": 0}

Loading weights:   0%|          | 0/12 [00:00<?, ?it/s]
Loading weights: 100%|██████████| 12/12 [00:00<00:00, 41665.27it/s]
{"domain": {"X1": [10240, 15360], "X2": [-31743, -21504]}, "added": 52439040, "covered": 188784640, "stop": null, "nativeCases": 8196, "mismatches": 0}

Loading weights:   0%|          | 0/12 [00:00<?, ?it/s]
Loading weights: 100%|██████████| 12/12 [00:00<00:00, 54353.83it/s]
{"domain": {"X1": [21504, 31743], "X2": [-15360, -11264]}, "added": 41953280, "covered": 230737920, "stop": null, "nativeCases": 8196, "mismatches": 0}
{"domain": {"X1": [10240, 15360], "X2": [21504, 31743]}, "added": 0, "covered": 230737920, "stop": "Flat artifact budget exceeded; no complete result", "nativeCases": null, "mismatches": null}

Loading weights:   0%|          | 0/12 [00:00<?, ?it/s]
Loading weights: 100%|██████████| 12/12 [00:00<00:00, 35519.86it/s]
{"domain": {"X1": [21504, 31743], "X2": [11264, 15360]}, "added": 41953280, "covered": 272691200, "stop": null, "nativeCases": 8196, "mismatches": 0}

Loading weights:   0%|          | 0/12 [00:00<?, ?it/s]
Loading weights: 100%|██████████| 12/12 [00:00<00:00, 17778.75it/s]
{"domain": {"X1": [-31743, -18432], "X2": [-31743, -17408]}, "added": 190840832, "covered": 463532032, "stop": null, "nativeCases": 8196, "mismatches": 0}

Loading weights:   0%|          | 0/12 [00:00<?, ?it/s]
Loading weights: 100%|██████████| 12/12 [00:00<00:00, 26434.69it/s]
{"domain": {"X1": [-31743, -18432], "X2": [17408, 31743]}, "added": 190840832, "covered": 654372864, "stop": null, "nativeCases": 8196, "mismatches": 0}

Loading weights:   0%|          | 0/12 [00:00<?, ?it/s]
Loading weights: 100%|██████████| 12/12 [00:00<00:00, 22600.65it/s]
{"domain": {"X1": [18432, 31743], "X2": [-31743, -17408]}, "added": 190840832, "covered": 845213696, "stop": null, "nativeCases": 8196, "mismatches": 0}

Loading weights:   0%|          | 0/12 [00:00<?, ?it/s]
Loading weights: 100%|██████████| 12/12 [00:00<00:00, 35172.36it/s]
{"domain": {"X1": [18432, 31743], "X2": [17408, 31743]}, "added": 190840832, "covered": 1036054528, "stop": null, "nativeCases": 8196, "mismatches": 0}
{"domain": {"X1": [-31743, -18432], "X2": [-31743, -17408]}, "added": 0, "covered": 1036054528, "stop": "Region already covered; no manifest mutation", "nativeCases": null, "mismatches": null}
{"domain": {"X1": [-31743, -18432], "X2": [17408, 31743]}, "added": 0, "covered": 1036054528, "stop": "Region already covered; no manifest mutation", "nativeCases": null, "mismatches": null}
{"domain": {"X1": [18432, 31743], "X2": [-31743, -17408]}, "added": 0, "covered": 1036054528, "stop": "Region already covered; no manifest mutation", "nativeCases": null, "mismatches": null}
{"domain": {"X1": [18432, 31743], "X2": [17408, 31743]}, "added": 0, "covered": 1036054528, "stop": "Region already covered; no manifest mutation", "nativeCases": null, "mismatches": null}

Loading weights:   0%|          | 0/12 [00:00<?, ?it/s]
Loading weights: 100%|██████████| 12/12 [00:00<00:00, 31088.11it/s]
{"domain": {"X1": [-12288, 12288], "X2": [-31743, -24576]}, "added": 161487872, "covered": 1197542400, "stop": null, "nativeCases": 8200, "mismatches": 0}

Loading weights:   0%|          | 0/12 [00:00<?, ?it/s]
Loading weights: 100%|██████████| 12/12 [00:00<00:00, 30302.02it/s]
{"domain": {"X1": [-8192, 8192], "X2": [-31743, -20480]}, "added": 67117056, "covered": 1264659456, "stop": null, "nativeCases": 8200, "mismatches": 0}

Loading weights:   0%|          | 0/12 [00:00<?, ?it/s]
Loading weights: 100%|██████████| 12/12 [00:00<00:00, 27761.53it/s]
{"domain": {"X1": [-8192, 8192], "X2": [20480, 31743]}, "added": 184571904, "covered": 1449231360, "stop": null, "nativeCases": 8200, "mismatches": 0}

Loading weights:   0%|          | 0/12 [00:00<?, ?it/s]
Loading weights: 100%|██████████| 12/12 [00:00<00:00, 40557.33it/s]
{"domain": {"X1": [20480, 31743], "X2": [-8192, 8192]}, "added": 184571904, "covered": 1633803264, "stop": null, "nativeCases": 8200, "mismatches": 0}

Loading weights:   0%|          | 0/12 [00:00<?, ?it/s]
Loading weights: 100%|██████████| 12/12 [00:00<00:00, 24139.88it/s]
{"domain": {"X1": [-31743, -20480], "X2": [-8192, 0]}, "added": 92297216, "covered": 1726100480, "stop": null, "nativeCases": 8198, "mismatches": 0}

Loading weights:   0%|          | 0/12 [00:00<?, ?it/s]
Loading weights: 100%|██████████| 12/12 [00:00<00:00, 22560.13it/s]
{"domain": {"X1": [-31743, -20480], "X2": [1, 8192]}, "added": 92274688, "covered": 1818375168, "stop": null, "nativeCases": 8196, "mismatches": 0}

Loading weights:   0%|          | 0/12 [00:00<?, ?it/s]
Loading weights: 100%|██████████| 12/12 [00:00<00:00, 22867.63it/s]
{"domain": {"X1": [-31743, -20480], "X2": [-19455, -14592]}, "added": 23844864, "covered": 1842220032, "stop": null, "nativeCases": 8196, "mismatches": 0}

Loading weights:   0%|          | 0/12 [00:00<?, ?it/s]
Loading weights: 100%|██████████| 12/12 [00:00<00:00, 31734.96it/s]
{"domain": {"X1": [-31743, -20480], "X2": [-14591, -14440]}, "added": 155648, "covered": 1842375680, "stop": null, "nativeCases": 8196, "mismatches": 0}

Loading weights:   0%|          | 0/12 [00:00<?, ?it/s]
Loading weights: 100%|██████████| 12/12 [00:00<00:00, 49008.42it/s]
{"domain": {"X1": [-31743, -20480], "X2": [-14439, -14364]}, "added": 77824, "covered": 1842453504, "stop": null, "nativeCases": 8196, "mismatches": 0}
{"domain": {"X1": [-31743, -26112], "X2": [-14363, -14326]}, "added": 0, "covered": 1842453504, "stop": "Region already covered; no manifest mutation", "nativeCases": null, "mismatches": null}

Loading weights:   0%|          | 0/12 [00:00<?, ?it/s]
Loading weights: 100%|██████████| 12/12 [00:00<00:00, 37758.18it/s]
{"domain": {"X1": [-26111, -20480], "X2": [-14363, -14326]}, "added": 38912, "covered": 1842492416, "stop": null, "nativeCases": 8196, "mismatches": 0}
{"domain": {"X1": [-31743, -26112], "X2": [-14325, -14288]}, "added": 0, "covered": 1842492416, "stop": "Region already covered; no manifest mutation", "nativeCases": null, "mismatches": null}

Loading weights:   0%|          | 0/12 [00:00<?, ?it/s]
Loading weights: 100%|██████████| 12/12 [00:00<00:00, 14542.52it/s]
{"domain": {"X1": [-26111, -20480], "X2": [-14325, -14288]}, "added": 38912, "covered": 1842531328, "stop": null, "nativeCases": 8196, "mismatches": 0}
{"domain": {"X1": [-31743, -26112], "X2": [-14287, -14250]}, "added": 0, "covered": 1842531328, "stop": "Region already covered; no manifest mutation", "nativeCases": null, "mismatches": null}

Loading weights:   0%|          | 0/12 [00:00<?, ?it/s]
Loading weights: 100%|██████████| 12/12 [00:00<00:00, 45797.68it/s]
{"domain": {"X1": [-26111, -20480], "X2": [-14287, -14250]}, "added": 38912, "covered": 1842570240, "stop": null, "nativeCases": 8196, "mismatches": 0}
{"domain": {"X1": [-31743, -26112], "X2": [-14249, -14212]}, "added": 0, "covered": 1842570240, "stop": "Region already covered; no manifest mutation", "nativeCases": null, "mismatches": null}

Loading weights:   0%|          | 0/12 [00:00<?, ?it/s]
Loading weights: 100%|██████████| 12/12 [00:00<00:00, 30765.07it/s]
{"domain": {"X1": [-26111, -20480], "X2": [-14249, -14212]}, "added": 38912, "covered": 1842609152, "stop": null, "nativeCases": 8196, "mismatches": 0}
{"domain": {"X1": [-31743, -26112], "X2": [-14211, -14174]}, "added": 0, "covered": 1842609152, "stop": "Region already covered; no manifest mutation", "nativeCases": null, "mismatches": null}

Loading weights:   0%|          | 0/12 [00:00<?, ?it/s]
Loading weights: 100%|██████████| 12/12 [00:00<00:00, 31595.51it/s]
{"domain": {"X1": [-26111, -20480], "X2": [-14211, -14174]}, "added": 38912, "covered": 1842648064, "stop": null, "nativeCases": 8196, "mismatches": 0}
{"domain": {"X1": [-31743, -26112], "X2": [-14173, -14136]}, "added": 0, "covered": 1842648064, "stop": "Region already covered; no manifest mutation", "nativeCases": null, "mismatches": null}

Loading weights:   0%|          | 0/12 [00:00<?, ?it/s]
Loading weights: 100%|██████████| 12/12 [00:00<00:00, 16507.59it/s]
{"domain": {"X1": [-26111, -20480], "X2": [-14173, -14136]}, "added": 38912, "covered": 1842686976, "stop": null, "nativeCases": 8196, "mismatches": 0}
{"domain": {"X1": [-31743, -26112], "X2": [-14135, -14098]}, "added": 0, "covered": 1842686976, "stop": "Region already covered; no manifest mutation", "nativeCases": null, "mismatches": null}

Loading weights:   0%|          | 0/12 [00:00<?, ?it/s]
Loading weights: 100%|██████████| 12/12 [00:00<00:00, 17470.20it/s]
{"domain": {"X1": [-26111, -20480], "X2": [-14135, -14098]}, "added": 38912, "covered": 1842725888, "stop": null, "nativeCases": 8196, "mismatches": 0}
{"domain": {"X1": [-31743, -26112], "X2": [-14097, -14060]}, "added": 0, "covered": 1842725888, "stop": "Region already covered; no manifest mutation", "nativeCases": null, "mismatches": null}

Loading weights:   0%|          | 0/12 [00:00<?, ?it/s]
Loading weights: 100%|██████████| 12/12 [00:00<00:00, 35001.15it/s]
{"domain": {"X1": [-26111, -20480], "X2": [-14097, -14060]}, "added": 38912, "covered": 1842764800, "stop": null, "nativeCases": 8196, "mismatches": 0}
{"domain": {"X1": [-31743, -26112], "X2": [-14059, -14022]}, "added": 0, "covered": 1842764800, "stop": "Region already covered; no manifest mutation", "nativeCases": null, "mismatches": null}

Loading weights:   0%|          | 0/12 [00:00<?, ?it/s]
Loading weights: 100%|██████████| 12/12 [00:00<00:00, 26379.27it/s]
{"domain": {"X1": [-26111, -20480], "X2": [-14059, -14022]}, "added": 38912, "covered": 1842803712, "stop": null, "nativeCases": 8196, "mismatches": 0}
{"domain": {"X1": [-31743, -26112], "X2": [-14021, -13984]}, "added": 0, "covered": 1842803712, "stop": "Region already covered; no manifest mutation", "nativeCases": null, "mismatches": null}

Loading weights:   0%|          | 0/12 [00:00<?, ?it/s]
Loading weights: 100%|██████████| 12/12 [00:00<00:00, 25305.00it/s]
{"domain": {"X1": [-26111, -20480], "X2": [-14021, -13984]}, "added": 38912, "covered": 1842842624, "stop": null, "nativeCases": 8196, "mismatches": 0}
{"domain": {"X1": [-31743, -26112], "X2": [-13983, -13946]}, "added": 0, "covered": 1842842624, "stop": "Region already covered; no manifest mutation", "nativeCases": null, "mismatches": null}

Loading weights:   0%|          | 0/12 [00:00<?, ?it/s]
Loading weights: 100%|██████████| 12/12 [00:00<00:00, 45140.49it/s]
{"domain": {"X1": [-26111, -20480], "X2": [-13983, -13946]}, "added": 38912, "covered": 1842881536, "stop": null, "nativeCases": 8196, "mismatches": 0}
{"domain": {"X1": [-31743, -26112], "X2": [-13945, -13908]}, "added": 0, "covered": 1842881536, "stop": "Region already covered; no manifest mutation", "nativeCases": null, "mismatches": null}

Loading weights:   0%|          | 0/12 [00:00<?, ?it/s]
Loading weights: 100%|██████████| 12/12 [00:00<00:00, 37617.08it/s]
{"domain": {"X1": [-26111, -20480], "X2": [-13945, -13908]}, "added": 38912, "covered": 1842920448, "stop": null, "nativeCases": 8196, "mismatches": 0}
{"domain": {"X1": [-31743, -26112], "X2": [-13907, -13870]}, "added": 0, "covered": 1842920448, "stop": "Region already covered; no manifest mutation", "nativeCases": null, "mismatches": null}

Loading weights:   0%|          | 0/12 [00:00<?, ?it/s]
Loading weights: 100%|██████████| 12/12 [00:00<00:00, 18262.57it/s]
{"domain": {"X1": [-26111, -20480], "X2": [-13907, -13870]}, "added": 38912, "covered": 1842959360, "stop": null, "nativeCases": 8196, "mismatches": 0}
{"domain": {"X1": [-31743, -26112], "X2": [-13869, -13832]}, "added": 0, "covered": 1842959360, "stop": "Region already covered; no manifest mutation", "nativeCases": null, "mismatches": null}

Loading weights:   0%|          | 0/12 [00:00<?, ?it/s]
Loading weights: 100%|██████████| 12/12 [00:00<00:00, 33354.31it/s]
{"domain": {"X1": [-26111, -20480], "X2": [-13869, -13832]}, "added": 38912, "covered": 1842998272, "stop": null, "nativeCases": 8196, "mismatches": 0}

Loading weights:   0%|          | 0/12 [00:00<?, ?it/s]
Loading weights: 100%|██████████| 12/12 [00:00<00:00, 29330.80it/s]
{"domain": {"X1": [-31743, -20480], "X2": [-13831, -13756]}, "added": 77824, "covered": 1843076096, "stop": null, "nativeCases": 8196, "mismatches": 0}

Loading weights:   0%|          | 0/12 [00:00<?, ?it/s]
Loading weights: 100%|██████████| 12/12 [00:00<00:00, 37504.95it/s]
{"domain": {"X1": [-31743, -20480], "X2": [-13755, -13680]}, "added": 77824, "covered": 1843153920, "stop": null, "nativeCases": 8196, "mismatches": 0}

Loading weights:   0%|          | 0/12 [00:00<?, ?it/s]
Loading weights: 100%|██████████| 12/12 [00:00<00:00, 34904.06it/s]
{"domain": {"X1": [-31743, -20480], "X2": [-13679, -13376]}, "added": 311296, "covered": 1843465216, "stop": null, "nativeCases": 8196, "mismatches": 0}

Loading weights:   0%|          | 0/12 [00:00<?, ?it/s]
Loading weights: 100%|██████████| 12/12 [00:00<00:00, 26686.98it/s]
{"domain": {"X1": [-31743, -20480], "X2": [-13375, -12160]}, "added": 1245184, "covered": 1844710400, "stop": null, "nativeCases": 8196, "mismatches": 0}

Loading weights:   0%|          | 0/12 [00:00<?, ?it/s]
Loading weights: 100%|██████████| 12/12 [00:00<00:00, 24990.89it/s]
{"domain": {"X1": [-31743, -20480], "X2": [-12159, -9728]}, "added": 18219008, "covered": 1862929408, "stop": null, "nativeCases": 8196, "mismatches": 0}

Loading weights:   0%|          | 0/12 [00:00<?, ?it/s]
Loading weights: 100%|██████████| 12/12 [00:00<00:00, 26857.87it/s]
{"domain": {"X1": [-31743, -20480], "X2": [-9727, -8193]}, "added": 17290240, "covered": 1880219648, "stop": null, "nativeCases": 8196, "mismatches": 0}

Loading weights:   0%|          | 0/12 [00:00<?, ?it/s]
Loading weights: 100%|██████████| 12/12 [00:00<00:00, 35620.42it/s]
{"domain": {"X1": [-31743, -20480], "X2": [8193, 19455]}, "added": 61844480, "covered": 1942064128, "stop": null, "nativeCases": 8196, "mismatches": 0}

Loading weights:   0%|          | 0/12 [00:00<?, ?it/s]
Loading weights: 100%|██████████| 12/12 [00:00<00:00, 33509.75it/s]
{"domain": {"X1": [-18431, -16384], "X2": [-31743, -19456]}, "added": 25165824, "covered": 1967229952, "stop": null, "nativeCases": 8196, "mismatches": 0}

Loading weights:   0%|          | 0/12 [00:00<?, ?it/s]
Loading weights: 100%|██████████| 12/12 [00:00<00:00, 14669.67it/s]
{"domain": {"X1": [-16383, -12289], "X2": [-31743, -19456]}, "added": 50319360, "covered": 2017549312, "stop": null, "nativeCases": 8196, "mismatches": 0}

Loading weights:   0%|          | 0/12 [00:00<?, ?it/s]
Loading weights: 100%|██████████| 12/12 [00:00<00:00, 29711.72it/s]
{"domain": {"X1": [-12288, -11777], "X2": [-24575, -19456]}, "added": 2621440, "covered": 2020170752, "stop": null, "nativeCases": 8196, "mismatches": 0}

Loading weights:   0%|          | 0/12 [00:00<?, ?it/s]
Loading weights: 100%|██████████| 12/12 [00:00<00:00, 26038.10it/s]
{"domain": {"X1": [-11776, -11521], "X2": [-24575, -19456]}, "added": 1310720, "covered": 2021481472, "stop": null, "nativeCases": 8196, "mismatches": 0}

Loading weights:   0%|          | 0/12 [00:00<?, ?it/s]
Loading weights: 100%|██████████| 12/12 [00:00<00:00, 22469.49it/s]
{"domain": {"X1": [-11520, -11393], "X2": [-24575, -19456]}, "added": 655360, "covered": 2022136832, "stop": null, "nativeCases": 8196, "mismatches": 0}

Loading weights:   0%|          | 0/12 [00:00<?, ?it/s]
Loading weights: 100%|██████████| 12/12 [00:00<00:00, 25745.09it/s]
{"domain": {"X1": [-11392, -11329], "X2": [-24575, -19456]}, "added": 327680, "covered": 2022464512, "stop": null, "nativeCases": 8196, "mismatches": 0}

Loading weights:   0%|          | 0/12 [00:00<?, ?it/s]
Loading weights: 100%|██████████| 12/12 [00:00<00:00, 23910.52it/s]
{"domain": {"X1": [-11328, -11265], "X2": [-24575, -22016]}, "added": 163840, "covered": 2022628352, "stop": null, "nativeCases": 8196, "mismatches": 0}

Loading weights:   0%|          | 0/12 [00:00<?, ?it/s]
Loading weights: 100%|██████████| 12/12 [00:00<00:00, 23151.63it/s]
{"domain": {"X1": [-11328, -11265], "X2": [-22015, -21696]}, "added": 20480, "covered": 2022648832, "stop": null, "nativeCases": 8196, "mismatches": 0}

Loading weights:   0%|          | 0/12 [00:00<?, ?it/s]
Loading weights: 100%|██████████| 12/12 [00:00<00:00, 25115.59it/s]
{"domain": {"X1": [-11328, -11265], "X2": [-21695, -21376]}, "added": 20480, "covered": 2022669312, "stop": null, "nativeCases": 8196, "mismatches": 0}

Loading weights:   0%|          | 0/12 [00:00<?, ?it/s]
Loading weights: 100%|██████████| 12/12 [00:00<00:00, 28292.10it/s]
{"domain": {"X1": [-11328, -11265], "X2": [-21375, -21056]}, "added": 20480, "covered": 2022689792, "stop": null, "nativeCases": 8196, "mismatches": 0}

Loading weights:   0%|          | 0/12 [00:00<?, ?it/s]
Loading weights: 100%|██████████| 12/12 [00:00<00:00, 35196.96it/s]
{"domain": {"X1": [-11328, -11265], "X2": [-21055, -20736]}, "added": 20480, "covered": 2022710272, "stop": null, "nativeCases": 8196, "mismatches": 0}

Loading weights:   0%|          | 0/12 [00:00<?, ?it/s]
Loading weights: 100%|██████████| 12/12 [00:00<00:00, 32263.88it/s]
{"domain": {"X1": [-11328, -11265], "X2": [-20735, -20416]}, "added": 20480, "covered": 2022730752, "stop": null, "nativeCases": 8196, "mismatches": 0}

Loading weights:   0%|          | 0/12 [00:00<?, ?it/s]
Loading weights: 100%|██████████| 12/12 [00:00<00:00, 20763.88it/s]
{"domain": {"X1": [-11328, -11265], "X2": [-20415, -20096]}, "added": 20480, "covered": 2022751232, "stop": null, "nativeCases": 8196, "mismatches": 0}

Loading weights:   0%|          | 0/12 [00:00<?, ?it/s]
Loading weights: 100%|██████████| 12/12 [00:00<00:00, 32875.02it/s]
{"domain": {"X1": [-11328, -11265], "X2": [-20095, -19776]}, "added": 20480, "covered": 2022771712, "stop": null, "nativeCases": 8196, "mismatches": 0}

Loading weights:   0%|          | 0/12 [00:00<?, ?it/s]
Loading weights: 100%|██████████| 12/12 [00:00<00:00, 25471.48it/s]
{"domain": {"X1": [-11328, -11265], "X2": [-19775, -19456]}, "added": 20480, "covered": 2022792192, "stop": null, "nativeCases": 8196, "mismatches": 0}

Loading weights:   0%|          | 0/12 [00:00<?, ?it/s]
Loading weights: 100%|██████████| 12/12 [00:00<00:00, 17994.87it/s]
{"domain": {"X1": [-11264, -11201], "X2": [-24575, -22016]}, "added": 163840, "covered": 2022956032, "stop": null, "nativeCases": 8196, "mismatches": 0}

Loading weights:   0%|          | 0/12 [00:00<?, ?it/s]
Loading weights: 100%|██████████| 12/12 [00:00<00:00, 52869.38it/s]
{"domain": {"X1": [-11264, -11201], "X2": [-22015, -20736]}, "added": 81920, "covered": 2023037952, "stop": null, "nativeCases": 8196, "mismatches": 0}

Loading weights:   0%|          | 0/12 [00:00<?, ?it/s]
Loading weights: 100%|██████████| 12/12 [00:00<00:00, 23388.31it/s]
{"domain": {"X1": [-11264, -11201], "X2": [-20735, -20096]}, "added": 40960, "covered": 2023078912, "stop": null, "nativeCases": 8196, "mismatches": 0}

Loading weights:   0%|          | 0/12 [00:00<?, ?it/s]
Loading weights: 100%|██████████| 12/12 [00:00<00:00, 16578.28it/s]
{"domain": {"X1": [-11264, -11201], "X2": [-20095, -19456]}, "added": 40960, "covered": 2023119872, "stop": null, "nativeCases": 8196, "mismatches": 0}

Loading weights:   0%|          | 0/12 [00:00<?, ?it/s]
Loading weights: 100%|██████████| 12/12 [00:00<00:00, 36792.14it/s]
{"domain": {"X1": [-11200, -11137], "X2": [-24575, -22016]}, "added": 163840, "covered": 2023283712, "stop": null, "nativeCases": 8196, "mismatches": 0}

Loading weights:   0%|          | 0/12 [00:00<?, ?it/s]
Loading weights: 100%|██████████| 12/12 [00:00<00:00, 55127.76it/s]
{"domain": {"X1": [-11200, -11137], "X2": [-22015, -20736]}, "added": 81920, "covered": 2023365632, "stop": null, "nativeCases": 8196, "mismatches": 0}

Loading weights:   0%|          | 0/12 [00:00<?, ?it/s]
Loading weights: 100%|██████████| 12/12 [00:00<00:00, 28909.62it/s]
{"domain": {"X1": [-11200, -11137], "X2": [-20735, -20096]}, "added": 40960, "covered": 2023406592, "stop": null, "nativeCases": 8196, "mismatches": 0}

Loading weights:   0%|          | 0/12 [00:00<?, ?it/s]
Loading weights: 100%|██████████| 12/12 [00:00<00:00, 17722.41it/s]
{"domain": {"X1": [-11200, -11137], "X2": [-20095, -19456]}, "added": 40960, "covered": 2023447552, "stop": null, "nativeCases": 8196, "mismatches": 0}

Loading weights:   0%|          | 0/12 [00:00<?, ?it/s]
Loading weights: 100%|██████████| 12/12 [00:00<00:00, 13073.16it/s]
{"domain": {"X1": [-11136, -11073], "X2": [-24575, -22016]}, "added": 163840, "covered": 2023611392, "stop": null, "nativeCases": 8196, "mismatches": 0}

Loading weights:   0%|          | 0/12 [00:00<?, ?it/s]
Loading weights: 100%|██████████| 12/12 [00:00<00:00, 15284.44it/s]
{"domain": {"X1": [-11136, -11073], "X2": [-22015, -20736]}, "added": 81920, "covered": 2023693312, "stop": null, "nativeCases": 8196, "mismatches": 0}

Loading weights:   0%|          | 0/12 [00:00<?, ?it/s]
Loading weights: 100%|██████████| 12/12 [00:00<00:00, 31516.37it/s]
{"domain": {"X1": [-11136, -11073], "X2": [-20735, -20096]}, "added": 40960, "covered": 2023734272, "stop": null, "nativeCases": 8196, "mismatches": 0}

Loading weights:   0%|          | 0/12 [00:00<?, ?it/s]
Loading weights: 100%|██████████| 12/12 [00:00<00:00, 23530.46it/s]
{"domain": {"X1": [-11136, -11073], "X2": [-20095, -19456]}, "added": 40960, "covered": 2023775232, "stop": null, "nativeCases": 8196, "mismatches": 0}

Loading weights:   0%|          | 0/12 [00:00<?, ?it/s]
Loading weights: 100%|██████████| 12/12 [00:00<00:00, 32875.02it/s]
{"domain": {"X1": [-11072, -11009], "X2": [-24575, -22016]}, "added": 163840, "covered": 2023939072, "stop": null, "nativeCases": 8196, "mismatches": 0}

Loading weights:   0%|          | 0/12 [00:00<?, ?it/s]
Loading weights: 100%|██████████| 12/12 [00:00<00:00, 43314.67it/s]
{"domain": {"X1": [-11072, -11009], "X2": [-22015, -20736]}, "added": 81920, "covered": 2024020992, "stop": null, "nativeCases": 8196, "mismatches": 0}

Loading weights:   0%|          | 0/12 [00:00<?, ?it/s]
Loading weights: 100%|██████████| 12/12 [00:00<00:00, 42402.40it/s]
{"domain": {"X1": [-11072, -11009], "X2": [-20735, -20096]}, "added": 40960, "covered": 2024061952, "stop": null, "nativeCases": 8196, "mismatches": 0}

Loading weights:   0%|          | 0/12 [00:00<?, ?it/s]
Loading weights: 100%|██████████| 12/12 [00:00<00:00, 23519.46it/s]
{"domain": {"X1": [-11072, -11009], "X2": [-20095, -19456]}, "added": 40960, "covered": 2024102912, "stop": null, "nativeCases": 8196, "mismatches": 0}

Loading weights:   0%|          | 0/12 [00:00<?, ?it/s]
Loading weights: 100%|██████████| 12/12 [00:00<00:00, 34497.36it/s]
{"domain": {"X1": [-11008, -10945], "X2": [-24575, -22016]}, "added": 163840, "covered": 2024266752, "stop": null, "nativeCases": 8196, "mismatches": 0}

Loading weights:   0%|          | 0/12 [00:00<?, ?it/s]
Loading weights: 100%|██████████| 12/12 [00:00<00:00, 26379.27it/s]
{"domain": {"X1": [-11008, -10945], "X2": [-22015, -20736]}, "added": 81920, "covered": 2024348672, "stop": null, "nativeCases": 8196, "mismatches": 0}

Loading weights:   0%|          | 0/12 [00:00<?, ?it/s]
Loading weights: 100%|██████████| 12/12 [00:00<00:00, 27715.67it/s]
{"domain": {"X1": [-11008, -10945], "X2": [-20735, -20096]}, "added": 40960, "covered": 2024389632, "stop": null, "nativeCases": 8196, "mismatches": 0}

Loading weights:   0%|          | 0/12 [00:00<?, ?it/s]
Loading weights: 100%|██████████| 12/12 [00:00<00:00, 30012.91it/s]
{"domain": {"X1": [-11008, -10945], "X2": [-20095, -19456]}, "added": 40960, "covered": 2024430592, "stop": null, "nativeCases": 8196, "mismatches": 0}

Loading weights:   0%|          | 0/12 [00:00<?, ?it/s]
Loading weights: 100%|██████████| 12/12 [00:00<00:00, 28435.96it/s]
{"domain": {"X1": [-10944, -10881], "X2": [-24575, -22016]}, "added": 163840, "covered": 2024594432, "stop": null, "nativeCases": 8196, "mismatches": 0}

Loading weights:   0%|          | 0/12 [00:00<?, ?it/s]
Loading weights: 100%|██████████| 12/12 [00:00<00:00, 46517.23it/s]
{"domain": {"X1": [-10944, -10881], "X2": [-22015, -20736]}, "added": 81920, "covered": 2024676352, "stop": null, "nativeCases": 8196, "mismatches": 0}

Loading weights:   0%|          | 0/12 [00:00<?, ?it/s]
Loading weights: 100%|██████████| 12/12 [00:00<00:00, 24941.35it/s]
{"domain": {"X1": [-8192, 8192], "X2": [-20479, -19456]}, "added": 16779264, "covered": 2041455616, "stop": null, "nativeCases": 8200, "mismatches": 0}
{"domain": {"X1": [-31743, -20480], "X2": [-31743, -19456]}, "added": 0, "covered": 2041455616, "stop": "Region already covered; no manifest mutation", "nativeCases": null, "mismatches": null}
{"domain": {"X1": [-31743, -20480], "X2": [-19455, -17408]}, "added": 0, "covered": 2041455616, "stop": "Region already covered; no manifest mutation", "nativeCases": null, "mismatches": null}
{"domain": {"X1": [-31743, -20480], "X2": [-17407, -14592]}, "added": 0, "covered": 2041455616, "stop": "Region already covered; no manifest mutation", "nativeCases": null, "mismatches": null}
{"domain": {"X1": [-31743, -20480], "X2": [-14591, -14440]}, "added": 0, "covered": 2041455616, "stop": "Region already covered; no manifest mutation", "nativeCases": null, "mismatches": null}
{"domain": {"X1": [-31743, -20480], "X2": [-14439, -14364]}, "added": 0, "covered": 2041455616, "stop": "Region already covered; no manifest mutation", "nativeCases": null, "mismatches": null}
{"domain": {"X1": [-31743, -26112], "X2": [-14363, -14326]}, "added": 0, "covered": 2041455616, "stop": "Region already covered; no manifest mutation", "nativeCases": null, "mismatches": null}
{"domain": {"X1": [-26111, -20480], "X2": [-14363, -14326]}, "added": 0, "covered": 2041455616, "stop": "Region already covered; no manifest mutation", "nativeCases": null, "mismatches": null}
{"domain": {"X1": [-31743, -26112], "X2": [-14325, -14288]}, "added": 0, "covered": 2041455616, "stop": "Region already covered; no manifest mutation", "nativeCases": null, "mismatches": null}
{"domain": {"X1": [-26111, -20480], "X2": [-14325, -14288]}, "added": 0, "covered": 2041455616, "stop": "Region already covered; no manifest mutation", "nativeCases": null, "mismatches": null}
{"domain": {"X1": [-31743, -26112], "X2": [-14287, -14250]}, "added": 0, "covered": 2041455616, "stop": "Region already covered; no manifest mutation", "nativeCases": null, "mismatches": null}
{"domain": {"X1": [-26111, -20480], "X2": [-14287, -14250]}, "added": 0, "covered": 2041455616, "stop": "Region already covered; no manifest mutation", "nativeCases": null, "mismatches": null}
{"domain": {"X1": [-31743, -26112], "X2": [-14249, -14212]}, "added": 0, "covered": 2041455616, "stop": "Region already covered; no manifest mutation", "nativeCases": null, "mismatches": null}
{"domain": {"X1": [-26111, -20480], "X2": [-14249, -14212]}, "added": 0, "covered": 2041455616, "stop": "Region already covered; no manifest mutation", "nativeCases": null, "mismatches": null}
{"domain": {"X1": [-31743, -26112], "X2": [-14211, -14174]}, "added": 0, "covered": 2041455616, "stop": "Region already covered; no manifest mutation", "nativeCases": null, "mismatches": null}
{"domain": {"X1": [-26111, -20480], "X2": [-14211, -14174]}, "added": 0, "covered": 2041455616, "stop": "Region already covered; no manifest mutation", "nativeCases": null, "mismatches": null}
{"domain": {"X1": [-31743, -26112], "X2": [-14173, -14136]}, "added": 0, "covered": 2041455616, "stop": "Region already covered; no manifest mutation", "nativeCases": null, "mismatches": null}
{"domain": {"X1": [-26111, -20480], "X2": [-14173, -14136]}, "added": 0, "covered": 2041455616, "stop": "Region already covered; no manifest mutation", "nativeCases": null, "mismatches": null}
{"domain": {"X1": [-31743, -26112], "X2": [-14135, -14098]}, "added": 0, "covered": 2041455616, "stop": "Region already covered; no manifest mutation", "nativeCases": null, "mismatches": null}
{"domain": {"X1": [-26111, -20480], "X2": [-14135, -14098]}, "added": 0, "covered": 2041455616, "stop": "Region already covered; no manifest mutation", "nativeCases": null, "mismatches": null}
{"domain": {"X1": [-31743, -26112], "X2": [-14097, -14060]}, "added": 0, "covered": 2041455616, "stop": "Region already covered; no manifest mutation", "nativeCases": null, "mismatches": null}
{"domain": {"X1": [-26111, -20480], "X2": [-14097, -14060]}, "added": 0, "covered": 2041455616, "stop": "Region already covered; no manifest mutation", "nativeCases": null, "mismatches": null}
{"domain": {"X1": [-31743, -26112], "X2": [-14059, -14022]}, "added": 0, "covered": 2041455616, "stop": "Region already covered; no manifest mutation", "nativeCases": null, "mismatches": null}
{"domain": {"X1": [-26111, -20480], "X2": [-14059, -14022]}, "added": 0, "covered": 2041455616, "stop": "Region already covered; no manifest mutation", "nativeCases": null, "mismatches": null}
{"domain": {"X1": [-31743, -26112], "X2": [-14021, -13984]}, "added": 0, "covered": 2041455616, "stop": "Region already covered; no manifest mutation", "nativeCases": null, "mismatches": null}
{"domain": {"X1": [-26111, -20480], "X2": [-14021, -13984]}, "added": 0, "covered": 2041455616, "stop": "Region already covered; no manifest mutation", "nativeCases": null, "mismatches": null}
{"domain": {"X1": [-31743, -26112], "X2": [-13983, -13946]}, "added": 0, "covered": 2041455616, "stop": "Region already covered; no manifest mutation", "nativeCases": null, "mismatches": null}
{"domain": {"X1": [-26111, -20480], "X2": [-13983, -13946]}, "added": 0, "covered": 2041455616, "stop": "Region already covered; no manifest mutation", "nativeCases": null, "mismatches": null}
{"domain": {"X1": [-31743, -26112], "X2": [-13945, -13908]}, "added": 0, "covered": 2041455616, "stop": "Region already covered; no manifest mutation", "nativeCases": null, "mismatches": null}
{"domain": {"X1": [-26111, -20480], "X2": [-13945, -13908]}, "added": 0, "covered": 2041455616, "stop": "Region already covered; no manifest mutation", "nativeCases": null, "mismatches": null}
{"domain": {"X1": [-31743, -26112], "X2": [-13907, -13870]}, "added": 0, "covered": 2041455616, "stop": "Region already covered; no manifest mutation", "nativeCases": null, "mismatches": null}
{"domain": {"X1": [-26111, -20480], "X2": [-13907, -13870]}, "added": 0, "covered": 2041455616, "stop": "Region already covered; no manifest mutation", "nativeCases": null, "mismatches": null}
{"domain": {"X1": [-31743, -26112], "X2": [-13869, -13832]}, "added": 0, "covered": 2041455616, "stop": "Region already covered; no manifest mutation", "nativeCases": null, "mismatches": null}
{"domain": {"X1": [-26111, -20480], "X2": [-13869, -13832]}, "added": 0, "covered": 2041455616, "stop": "Region already covered; no manifest mutation", "nativeCases": null, "mismatches": null}
{"domain": {"X1": [-31743, -20480], "X2": [-13831, -13756]}, "added": 0, "covered": 2041455616, "stop": "Region already covered; no manifest mutation", "nativeCases": null, "mismatches": null}
{"domain": {"X1": [-31743, -20480], "X2": [-13755, -13680]}, "added": 0, "covered": 2041455616, "stop": "Region already covered; no manifest mutation", "nativeCases": null, "mismatches": null}
{"domain": {"X1": [-31743, -20480], "X2": [-13679, -13376]}, "added": 0, "covered": 2041455616, "stop": "Region already covered; no manifest mutation", "nativeCases": null, "mismatches": null}
{"domain": {"X1": [-31743, -20480], "X2": [-13375, -12160]}, "added": 0, "covered": 2041455616, "stop": "Region already covered; no manifest mutation", "nativeCases": null, "mismatches": null}
{"domain": {"X1": [-31743, -20480], "X2": [-12159, -9728]}, "added": 0, "covered": 2041455616, "stop": "Region already covered; no manifest mutation", "nativeCases": null, "mismatches": null}
{"domain": {"X1": [-31743, -20480], "X2": [-9727, -8193]}, "added": 0, "covered": 2041455616, "stop": "Region already covered; no manifest mutation", "nativeCases": null, "mismatches": null}
{"domain": {"X1": [-31743, -20480], "X2": [-8192, 0]}, "added": 0, "covered": 2041455616, "stop": "Region already covered; no manifest mutation", "nativeCases": null, "mismatches": null}
{"domain": {"X1": [-31743, -20480], "X2": [1, 8192]}, "added": 0, "covered": 2041455616, "stop": "Region already covered; no manifest mutation", "nativeCases": null, "mismatches": null}
{"domain": {"X1": [-31743, -20480], "X2": [8193, 17407]}, "added": 0, "covered": 2041455616, "stop": "Region already covered; no manifest mutation", "nativeCases": null, "mismatches": null}
{"domain": {"X1": [-31743, -20480], "X2": [17408, 19455]}, "added": 0, "covered": 2041455616, "stop": "Region already covered; no manifest mutation", "nativeCases": null, "mismatches": null}
{"domain": {"X1": [-31743, -20480], "X2": [19456, 31743]}, "added": 0, "covered": 2041455616, "stop": "Region already covered; no manifest mutation", "nativeCases": null, "mismatches": null}
{"domain": {"X1": [-20479, -18432], "X2": [-31743, -19456]}, "added": 0, "covered": 2041455616, "stop": "Region already covered; no manifest mutation", "nativeCases": null, "mismatches": null}
{"domain": {"X1": [-18431, -16384], "X2": [-31743, -19456]}, "added": 0, "covered": 2041455616, "stop": "Region already covered; no manifest mutation", "nativeCases": null, "mismatches": null}
{"domain": {"X1": [-16383, -12289], "X2": [-31743, -19456]}, "added": 0, "covered": 2041455616, "stop": "Region already covered; no manifest mutation", "nativeCases": null, "mismatches": null}
{"domain": {"X1": [-12288, -8193], "X2": [-31743, -24576]}, "added": 0, "covered": 2041455616, "stop": "Region already covered; no manifest mutation", "nativeCases": null, "mismatches": null}
{"domain": {"X1": [-12288, -11777], "X2": [-24575, -19456]}, "added": 0, "covered": 2041455616, "stop": "Region already covered; no manifest mutation", "nativeCases": null, "mismatches": null}
{"domain": {"X1": [-11776, -11521], "X2": [-24575, -19456]}, "added": 0, "covered": 2041455616, "stop": "Region already covered; no manifest mutation", "nativeCases": null, "mismatches": null}
{"domain": {"X1": [-11520, -11393], "X2": [-24575, -19456]}, "added": 0, "covered": 2041455616, "stop": "Region already covered; no manifest mutation", "nativeCases": null, "mismatches": null}
{"domain": {"X1": [-11392, -11329], "X2": [-24575, -19456]}, "added": 0, "covered": 2041455616, "stop": "Region already covered; no manifest mutation", "nativeCases": null, "mismatches": null}
{"domain": {"X1": [-11328, -11265], "X2": [-24575, -22016]}, "added": 0, "covered": 2041455616, "stop": "Region already covered; no manifest mutation", "nativeCases": null, "mismatches": null}
{"domain": {"X1": [-11328, -11265], "X2": [-22015, -21696]}, "added": 0, "covered": 2041455616, "stop": "Region already covered; no manifest mutation", "nativeCases": null, "mismatches": null}
{"domain": {"X1": [-11328, -11265], "X2": [-21695, -21376]}, "added": 0, "covered": 2041455616, "stop": "Region already covered; no manifest mutation", "nativeCases": null, "mismatches": null}
{"domain": {"X1": [-11328, -11265], "X2": [-21375, -21056]}, "added": 0, "covered": 2041455616, "stop": "Region already covered; no manifest mutation", "nativeCases": null, "mismatches": null}
{"domain": {"X1": [-11328, -11265], "X2": [-21055, -20736]}, "added": 0, "covered": 2041455616, "stop": "Region already covered; no manifest mutation", "nativeCases": null, "mismatches": null}
{"domain": {"X1": [-11328, -11265], "X2": [-20735, -20416]}, "added": 0, "covered": 2041455616, "stop": "Region already covered; no manifest mutation", "nativeCases": null, "mismatches": null}
{"domain": {"X1": [-11328, -11265], "X2": [-20415, -20096]}, "added": 0, "covered": 2041455616, "stop": "Region already covered; no manifest mutation", "nativeCases": null, "mismatches": null}
{"domain": {"X1": [-11328, -11265], "X2": [-20095, -19776]}, "added": 0, "covered": 2041455616, "stop": "Region already covered; no manifest mutation", "nativeCases": null, "mismatches": null}
{"domain": {"X1": [-11328, -11265], "X2": [-19775, -19456]}, "added": 0, "covered": 2041455616, "stop": "Region already covered; no manifest mutation", "nativeCases": null, "mismatches": null}
{"domain": {"X1": [-11264, -11201], "X2": [-24575, -22016]}, "added": 0, "covered": 2041455616, "stop": "Region already covered; no manifest mutation", "nativeCases": null, "mismatches": null}
{"domain": {"X1": [-11264, -11201], "X2": [-22015, -20736]}, "added": 0, "covered": 2041455616, "stop": "Region already covered; no manifest mutation", "nativeCases": null, "mismatches": null}
{"domain": {"X1": [-11264, -11201], "X2": [-20735, -20096]}, "added": 0, "covered": 2041455616, "stop": "Region already covered; no manifest mutation", "nativeCases": null, "mismatches": null}
{"domain": {"X1": [-11264, -11201], "X2": [-20095, -19456]}, "added": 0, "covered": 2041455616, "stop": "Region already covered; no manifest mutation", "nativeCases": null, "mismatches": null}
{"domain": {"X1": [-11200, -11137], "X2": [-24575, -22016]}, "added": 0, "covered": 2041455616, "stop": "Region already covered; no manifest mutation", "nativeCases": null, "mismatches": null}
{"domain": {"X1": [-11200, -11137], "X2": [-22015, -20736]}, "added": 0, "covered": 2041455616, "stop": "Region already covered; no manifest mutation", "nativeCases": null, "mismatches": null}
{"domain": {"X1": [-11200, -11137], "X2": [-20735, -20096]}, "added": 0, "covered": 2041455616, "stop": "Region already covered; no manifest mutation", "nativeCases": null, "mismatches": null}
{"domain": {"X1": [-11200, -11137], "X2": [-20095, -19456]}, "added": 0, "covered": 2041455616, "stop": "Region already covered; no manifest mutation", "nativeCases": null, "mismatches": null}
{"domain": {"X1": [-11136, -11073], "X2": [-24575, -22016]}, "added": 0, "covered": 2041455616, "stop": "Region already covered; no manifest mutation", "nativeCases": null, "mismatches": null}
{"domain": {"X1": [-11136, -11073], "X2": [-22015, -20736]}, "added": 0, "covered": 2041455616, "stop": "Region already covered; no manifest mutation", "nativeCases": null, "mismatches": null}
{"domain": {"X1": [-11136, -11073], "X2": [-20735, -20096]}, "added": 0, "covered": 2041455616, "stop": "Region already covered; no manifest mutation", "nativeCases": null, "mismatches": null}
{"domain": {"X1": [-11136, -11073], "X2": [-20095, -19456]}, "added": 0, "covered": 2041455616, "stop": "Region already covered; no manifest mutation", "nativeCases": null, "mismatches": null}
{"domain": {"X1": [-11072, -11009], "X2": [-24575, -22016]}, "added": 0, "covered": 2041455616, "stop": "Region already covered; no manifest mutation", "nativeCases": null, "mismatches": null}
{"domain": {"X1": [-11072, -11009], "X2": [-22015, -20736]}, "added": 0, "covered": 2041455616, "stop": "Region already covered; no manifest mutation", "nativeCases": null, "mismatches": null}
{"domain": {"X1": [-11072, -11009], "X2": [-20735, -20096]}, "added": 0, "covered": 2041455616, "stop": "Region already covered; no manifest mutation", "nativeCases": null, "mismatches": null}
{"domain": {"X1": [-11072, -11009], "X2": [-20095, -19456]}, "added": 0, "covered": 2041455616, "stop": "Region already covered; no manifest mutation", "nativeCases": null, "mismatches": null}
{"domain": {"X1": [-11008, -10945], "X2": [-24575, -22016]}, "added": 0, "covered": 2041455616, "stop": "Region already covered; no manifest mutation", "nativeCases": null, "mismatches": null}
{"domain": {"X1": [-11008, -10945], "X2": [-22015, -20736]}, "added": 0, "covered": 2041455616, "stop": "Region already covered; no manifest mutation", "nativeCases": null, "mismatches": null}
{"domain": {"X1": [-11008, -10945], "X2": [-20735, -20096]}, "added": 0, "covered": 2041455616, "stop": "Region already covered; no manifest mutation", "nativeCases": null, "mismatches": null}
{"domain": {"X1": [-11008, -10945], "X2": [-20095, -19456]}, "added": 0, "covered": 2041455616, "stop": "Region already covered; no manifest mutation", "nativeCases": null, "mismatches": null}
{"domain": {"X1": [-10944, -10881], "X2": [-24575, -22016]}, "added": 0, "covered": 2041455616, "stop": "Region already covered; no manifest mutation", "nativeCases": null, "mismatches": null}
{"domain": {"X1": [-10944, -10881], "X2": [-22015, -20736]}, "added": 0, "covered": 2041455616, "stop": "Region already covered; no manifest mutation", "nativeCases": null, "mismatches": null}
{"domain": {"X1": [-8192, 8192], "X2": [-31743, -24576]}, "added": 0, "covered": 2041455616, "stop": "Region already covered; no manifest mutation", "nativeCases": null, "mismatches": null}
{"domain": {"X1": [-8192, 8192], "X2": [-24575, -20480]}, "added": 0, "covered": 2041455616, "stop": "Region already covered; no manifest mutation", "nativeCases": null, "mismatches": null}
{"domain": {"X1": [-8192, 8192], "X2": [-20479, -19456]}, "added": 0, "covered": 2041455616, "stop": "Region already covered; no manifest mutation", "nativeCases": null, "mismatches": null}
{"domain": {"X1": [8193, 12288], "X2": [-31743, -24576]}, "added": 0, "covered": 2041455616, "stop": "Region already covered; no manifest mutation", "nativeCases": null, "mismatches": null}
{"domain": {"X1": [18432, 20479], "X2": [-31743, -19456]}, "added": 0, "covered": 2041455616, "stop": "Region already covered; no manifest mutation", "nativeCases": null, "mismatches": null}
{"domain": {"X1": [-20479, -18432], "X2": [-19455, -17408]}, "added": 0, "covered": 2041455616, "stop": "Region already covered; no manifest mutation", "nativeCases": null, "mismatches": null}
{"domain": {"X1": [-20479, -18432], "X2": [17408, 19455]}, "added": 0, "covered": 2041455616, "stop": "Region already covered; no manifest mutation", "nativeCases": null, "mismatches": null}
{"domain": {"X1": [18432, 20479], "X2": [-19455, -17408]}, "added": 0, "covered": 2041455616, "stop": "Region already covered; no manifest mutation", "nativeCases": null, "mismatches": null}
{"domain": {"X1": [18432, 20479], "X2": [17408, 19455]}, "added": 0, "covered": 2041455616, "stop": "Region already covered; no manifest mutation", "nativeCases": null, "mismatches": null}
{"domain": {"X1": [-20479, -18432], "X2": [19456, 31743]}, "added": 0, "covered": 2041455616, "stop": "Region already covered; no manifest mutation", "nativeCases": null, "mismatches": null}
{"domain": {"X1": [-8192, 8192], "X2": [20480, 31743]}, "added": 0, "covered": 2041455616, "stop": "Region already covered; no manifest mutation", "nativeCases": null, "mismatches": null}
{"domain": {"X1": [18432, 20479], "X2": [19456, 31743]}, "added": 0, "covered": 2041455616, "stop": "Region already covered; no manifest mutation", "nativeCases": null, "mismatches": null}
{"domain": {"X1": [20480, 31743], "X2": [-31743, -19456]}, "added": 0, "covered": 2041455616, "stop": "Region already covered; no manifest mutation", "nativeCases": null, "mismatches": null}
{"domain": {"X1": [20480, 31743], "X2": [-19455, -17408]}, "added": 0, "covered": 2041455616, "stop": "Region already covered; no manifest mutation", "nativeCases": null, "mismatches": null}
{"domain": {"X1": [20480, 31743], "X2": [-8192, 8192]}, "added": 0, "covered": 2041455616, "stop": "Region already covered; no manifest mutation", "nativeCases": null, "mismatches": null}
{"domain": {"X1": [20480, 31743], "X2": [17408, 19455]}, "added": 0, "covered": 2041455616, "stop": "Region already covered; no manifest mutation", "nativeCases": null, "mismatches": null}
{"domain": {"X1": [20480, 31743], "X2": [19456, 31743]}, "added": 0, "covered": 2041455616, "stop": "Region already covered; no manifest mutation", "nativeCases": null, "mismatches": null}
