✔ Signed normal-binade conversions contain one source occurrence and preserve native IEEE boundaries (2974.340208ms)
✔ Certified constant projections avoid dead producers and preserve signed Half outcomes (1631.610792ms)
✔ Tight Half update bounds preserve ordered F32 reductions and eliminate dependencies with proof (4863.203958ms)
✔ Memory-admitted parallel regions preserve full geometry, ordered numerical bodies and native parity (28159.609083ms)
✔ Fresh broad-region covers refine only pending intersections and preserve exact source compatibility (4677.65275ms)
✔ Native parity corpus covers mixed signed zeros without exponential growth in high dimensions (2666.591125ms)
✔ Correlated RMS bounds eliminate proved constant components before expanding mean and inverse (2333.715334ms)
✔ Scoped exact algebra factors closed producers while preserving native payloads and IEEE barriers (11716.350375ms)
✔ Finite F32 cells and compile-time constants preserve native boundaries and signed zeros (1634.280833ms)
✔ Proved unsigned masks remove redundant operations without changing overflow or numeric contexts (584.904375ms)
✔ Stabilized branches share decisions, preserve lazy guards and emit flat input-only expressions (2889.244709ms)
✔ Compiler-only literal sharing uses expanded costs and emits bit-exact input-only expressions (9237.43025ms)
✔ SymPy factors typed word polynomials modulo 2^64 without reassociating floating operations (740.178958ms)
✔ Parallel SymPy blocks preserve ordered F32 folds, branch contexts and memory admission (4378.101041ms)
✔ Equivalent scan backend preserves Unicode regex results and byte-identical saved compiler states (2274.016125ms)
✔ SymPy savepoints preserve completed rounding frontiers and reject incompatible or corrupt state (2207.414833ms)
✔ SymPy string substitution factors and simplifies each step with isolated IEEE branch proofs (644.040959ms)
✔ SymPy checkpoint working string is re-read and matches a freshly captured coordinate reference (5935.332625ms)
✔ SymPy elementary conversion strings preserve native IEEE cells and composed boundaries (14523.932542ms)
✔ Bounded SiLU arithmetic lowering matches every certified Half scalar and vector input (4052.596959ms)
✔ Positive F32 square-root word lowering preserves all mantissas, parities and subnormals (1988.124167ms)
✔ IEEE sign projections preserve signed zero and reduce completed down-conversion strings (9975.163292ms)
✔ Half interval precision removes redundant F32 rounding with native emitted-expression parity (1665.6ms)
✔ Disjoint input partitions preserve complete Half coverage and emitted coordinate parity within each certified region (19108.705292ms)
✔ Proved signed-zero updates preserve formats, branch isolation and native payloads (1240.352083ms)
✔ Constant IEEE cells eliminate whole producers and propagate compound branch contexts (1234.901667ms)
✔ Identical emitted coordinate bodies coalesce without losing coverage, signed zeros or lazy guards (1412.481875ms)
✔ Budgeted coordinate continuation persists actual producers and rejects incompatible saved dimensions (15034.521375ms)
✔ Coupled projection exclusions preserve rounded reductions across every central Half pair (1388.069625ms)
✔ Cross-normalization path exclusions include every original rounding and reject foreign contexts (3560.747833ms)
✔ Directed attention bounds retain both projection roundings and prove residual cells for every mixed Half pair (3362.307458ms)
✔ RMS subnormal branch proofs retain shared means and original Half storage cells (3080.876334ms)
✔ Source changes retain only audited partition geometry and recompile numerical evidence (846.130833ms)
✔ Branch-local projection cells propagate constants in original dependency order without replacing residual sums (1783.230833ms)
ℹ tests 34
ℹ suites 0
ℹ pass 34
ℹ fail 0
ℹ cancelled 0
ℹ skipped 0
ℹ todo 0
ℹ duration_ms 174105.113125
