ARM 0 BODY 6379 GUARDS 6944
BOUNDS {2: FiniteSource(minimum=-6.103515625e-05, maximum=6.103515625e-05, quantum=-24, minimum_magnitude=0.0), 4: FiniteSource(minimum=-6.103515625e-05, maximum=6.103515625e-05, quantum=-24, minimum_magnitude=0.0), 18: FiniteSource(minimum=-6.103515625e-05, maximum=6.103515625e-05, quantum=-24, minimum_magnitude=0.0), 20: FiniteSource(minimum=-6.103515625e-05, maximum=6.103515625e-05, quantum=-24, minimum_magnitude=0.0), 35: FiniteSource(minimum=-6.103515625e-05, maximum=6.103515625e-05, quantum=-24, minimum_magnitude=0.0), 37: FiniteSource(minimum=-6.103515625e-05, maximum=6.103515625e-05, quantum=-24, minimum_magnitude=0.0), 'X1': FiniteSource(minimum=-5.960464477539063e-08, maximum=5.960464477539063e-08, quantum=-24, minimum_magnitude=0.0), 'X2': FiniteSource(minimum=-5.960464477539063e-08, maximum=5.960464477539063e-08, quantum=-24, minimum_magnitude=0.0), 12: FiniteSource(minimum=-5.960464477539063e-08, maximum=5.960464477539063e-08, quantum=-24, minimum_magnitude=0.0), 14: FiniteSource(minimum=-5.960464477539063e-08, maximum=5.960464477539063e-08, quantum=-24, minimum_magnitude=0.0), 29: FiniteSource(minimum=-5.960464477539063e-08, maximum=5.960464477539063e-08, quantum=-24, minimum_magnitude=0.0), 31: FiniteSource(minimum=-5.960464477539063e-08, maximum=5.960464477539063e-08, quantum=-24, minimum_magnitude=0.0), 6: FiniteSource(minimum=-4.76837158203125e-07, maximum=4.76837158203125e-07, quantum=-24, minimum_magnitude=0), 9: FiniteSource(minimum=-2.5033950805664062e-06, maximum=2.5033950805664062e-06, quantum=-24, minimum_magnitude=0), 22: FiniteSource(minimum=-8.940696716308594e-07, maximum=8.940696716308594e-07, quantum=-24, minimum_magnitude=0), 25: FiniteSource(minimum=-1.7285346984863281e-06, maximum=1.7285346984863281e-06, quantum=-24, minimum_magnitude=0), 39: FiniteSource(minimum=-5.960464477539062e-07, maximum=5.960464477539062e-07, quantum=-24, minimum_magnitude=0)}
GUARD 0 True X1 ** 2 < CompileValue0() * 2 ** (-28) 354
GUARD 1 True X2 ** 2 < CompileValue0() * 2 ** (-28) 354
GUARD 2 True CompileValue12() ** 2 < CompileValue16() * 2 ** (-28) 1554
GUARD 3 True CompileValue14() ** 2 < CompileValue16() * 2 ** (-28) 1558
GUARD 4 True CompileValue29() ** 2 < CompileValue33() * 2 ** (-28) 1560
GUARD 5 True CompileValue31() ** 2 < CompileValue33() * 2 ** (-28) 1564
PRODUCER 1 RECIPE R32(1.0 / R32(sqrt(CompileValue0()))) SELECTED 999.9999389648438
PRODUCER 2 RECIPE R16(R16(R32(X1 * CompileValue1())) * 1.0) SELECTED 1000.0 * X1
PRODUCER 8 RECIPE R16(R32(R32(R32(0.0 + 1.0 * CompileValue6()) + 0.0) + R32(0.0 + 0.0))) SELECTED 0.0 + CompileValue6()
PRODUCER 11 RECIPE R16(R32(R32(R32(0.0 + 1.0 * CompileValue9()) + 0.0) + R32(0.0 + 0.0))) SELECTED 0.0 + CompileValue9()
PRODUCER 12 RECIPE R16(R32(X1 + R16(R32(R32(R32(0.0 + CompileValue8() * 0.032928466796875) + R32(0.0 + CompileValue11() * -0.0225982666015625)) + R32(0.0 + 0.0))))) SELECTED X1 + Float64(U64Or(Bits64(Float64(U64And(Bits64(0.0 + CompileValue8() * 0.032928466796875 + (0.0 + CompileValue11() * -0.0225982666015625)), 9223372036854775807)) + 2 ** 28 - 2 ** 28), U64And(Bits64(0.0 + CompileValue8() * 0.032928466796875 + (0.0 + CompileValue11() * -0.0225982666015625)), 9223372036854775808)))
PRODUCER 14 RECIPE R16(R32(X2 + R16(R32(R32(R32(0.0 + CompileValue8() * 0.0203399658203125) + R32(0.0 + CompileValue11() * 0.006168365478515625)) + R32(0.0 + 0.0))))) SELECTED X2 + Float64(U64Or(Bits64(Float64(U64And(Bits64(0.0 + CompileValue8() * 0.0203399658203125 + (0.0 + CompileValue11() * 0.006168365478515625)), 9223372036854775807)) + 2 ** 28 - 2 ** 28), U64And(Bits64(0.0 + CompileValue8() * 0.0203399658203125 + (0.0 + CompileValue11() * 0.006168365478515625)), 9223372036854775808)))
PRODUCER 27 RECIPE R16(R32(CompileValue24() * CompileValue25())) SELECTED Float64(U64Or(Bits64(Float64(U64And(Bits64(CompileValue24() * CompileValue25()), 9223372036854775807)) + 2 ** 28 - 2 ** 28), U64Add(U64And(Bits64(0.0 + CompileValue18() * -0.00046515464782714844 + (0.0 + CompileValue20() * -0.0145721435546875)), 9223372036854775808), U64And(Bits64(0.0 + CompileValue18() * 0.006542205810546875 + (0.0 + CompileValue20() * 0.0217437744140625)), 9223372036854775808))))
PRODUCER 29 RECIPE R16(R32(CompileValue12() + R16(R32(R32(R32(0.0 + CompileValue27() * -0.015777587890625) + 0.0) + R32(0.0 + 0.0))))) SELECTED CompileValue12() + 0
PRODUCER 31 RECIPE R16(R32(CompileValue14() + R16(R32(R32(R32(0.0 + CompileValue27() * -0.01873779296875) + 0.0) + R32(0.0 + 0.0))))) SELECTED CompileValue14() + 0
PRODUCER 34 RECIPE R32(1.0 / R32(sqrt(CompileValue33()))) SELECTED 999.9999389648438
PRODUCER 35 RECIPE R16(R16(R32(CompileValue29() * CompileValue34())) * 1.0) SELECTED 1000.0 * CompileValue29()
PRODUCER 37 RECIPE R16(R16(R32(CompileValue31() * CompileValue34())) * 1.0) SELECTED 1000.0 * CompileValue31()
PRODUCER 39 RECIPE R16(R32(R32(R32(0.0 + CompileValue35() * -0.007061004638671875) + R32(0.0 + CompileValue37() * -0.0025844573974609375)) + R32(0.0 + 0.0))) SELECTED Float64(U64Or(Bits64(Float64(U64And(Bits64(0.0 + CompileValue35() * -0.007061004638671875 + (0.0 + CompileValue37() * -0.0025844573974609375)), 9223372036854775807)) + 2 ** 28 - 2 ** 28), U64And(Bits64(0.0 + CompileValue35() * -0.007061004638671875 + (0.0 + CompileValue37() * -0.0025844573974609375)), 9223372036854775808)))
ARM 1 BODY 6379 GUARDS 6944
ARM 2 BODY 6567 GUARDS 6944
ARM 3 BODY 205119 GUARDS 679635
ARM 4 BODY 205119 GUARDS 25304790
ARM 5 BODY 6054437 GUARDS 28331980
BOUNDS {2: FiniteSource(minimum=-6.103515625e-05, maximum=6.103515625e-05, quantum=-24, minimum_magnitude=0.0), 4: FiniteSource(minimum=-1.4140625, maximum=1.4140625, quantum=-24, minimum_magnitude=6.103515625e-05), 18: FiniteSource(minimum=-6.103515625e-05, maximum=6.103515625e-05, quantum=-24, minimum_magnitude=0.0), 20: FiniteSource(minimum=-1.4140625, maximum=1.4140625, quantum=-24, minimum_magnitude=6.103515625e-05), 35: FiniteSource(minimum=-6.103515625e-05, maximum=6.103515625e-05, quantum=-24, minimum_magnitude=0.0), 37: FiniteSource(minimum=-1.4140625, maximum=1.4140625, quantum=-24, minimum_magnitude=6.103515625e-05), 6: FiniteSource(minimum=-0.00724029541015625, maximum=0.00724029541015625, quantum=-24, minimum_magnitude=0), 9: FiniteSource(minimum=-0.026092529296875, maximum=0.026092529296875, quantum=-24, minimum_magnitude=0), 22: FiniteSource(minimum=-0.020599365234375, maximum=0.020599365234375, quantum=-24, minimum_magnitude=0), 25: FiniteSource(minimum=-0.0307464599609375, maximum=0.0307464599609375, quantum=-24, minimum_magnitude=0), 39: FiniteSource(minimum=-0.00365447998046875, maximum=0.00365447998046875, quantum=-24, minimum_magnitude=0)}
GUARD 0 True X1 ** 2 < CompileValue0() * 2 ** (-28) 354
GUARD 1 False X2 ** 2 < CompileValue0() * 2 ** (-28) 354
GUARD 2 True U64And(Bits64(0.0 + CompileValue2() * 0.0030536651611328125 + (0.0 + CompileValue4() * 0.00511932373046875)), 9223372036854775807) < 4544132023748395008 6330
GUARD 3 True U64And(Bits64(0.0 + CompileValue2() * -0.0226287841796875 + (0.0 + CompileValue4() * 0.0184478759765625)), 9223372036854775807) < 4544132023748395008 6327
GUARD 4 True U64And(Bits64(0.0 + CompileValue8() * 0.032928466796875 + (0.0 + CompileValue11() * -0.0225982666015625)), 9223372036854775807) < 4544132023748395008 25558
GUARD 5 True U64And(Bits64(0.0 + CompileValue8() * 0.0203399658203125 + (0.0 + CompileValue11() * 0.006168365478515625)), 9223372036854775807) < 4544132023748395008 25560
GUARD 6 True CompileValue12() ** 2 < CompileValue16() * 2 ** (-28) 256327
GUARD 7 False CompileValue14() ** 2 < CompileValue16() * 2 ** (-28) 256331
GUARD 8 True U64And(Bits64(0.0 + CompileValue18() * -0.00046515464782714844 + (0.0 + CompileValue20() * -0.0145721435546875)), 9223372036854775807) < 4544132023748395008 3026816
GUARD 9 True U64And(Bits64(0.0 + CompileValue18() * 0.006542205810546875 + (0.0 + CompileValue20() * 0.0217437744140625)), 9223372036854775807) < 4544132023748395008 3026812
GUARD 10 True U64And(Bits64(CompileValue24() * CompileValue25()), 9223372036854775807) < 4544132024016830464 18161303
GUARD 11 True CompileValue29() ** 2 < CompileValue33() * 2 ** (-28) 256357
GUARD 12 False CompileValue31() ** 2 < CompileValue33() * 2 ** (-28) 256361
GUARD 13 True U64And(Bits64(0.0 + CompileValue35() * -0.007061004638671875 + (0.0 + CompileValue37() * -0.0025844573974609375)), 9223372036854775807) < 4544132023748395008 3027190
PRODUCER 1 RECIPE R32(1.0 / R32(sqrt(CompileValue0()))) SELECTED Float64(U64And(U64Add(Bits64(1.0 / Float64(U64Add(U64And(U64Add(Bits64((13.367174015436346 + -779.0174377628756 / (Float64(U64Or(U64And(U64Add(Bits64(Float64(U64And(U64Add(Bits64(X1 ** 2 + X2 ** 2), 268435455), 18446744073172680704)) / 2 + 9.999999974752427e-07), U64Add(268435455, U64And(U64Shr(Bits64(Float64(U64And(U64Add(Bits64(X1 ** 2 + X2 ** 2), 268435455), 18446744073172680704)) / 2 + 9.999999974752427e-07), 29), 1))), 4503599090499584), 4607182418800017408)) - 1.5 + 72.88886838020784) + -9
PRODUCER 2 RECIPE R16(R16(R32(X1 * CompileValue1())) * 1.0) SELECTED Float64(U64Or(Bits64(Float64(U64And(U64FromF64(F64FromU64(Bits64(X1 * CompileValue1())) + 2 ** 81 - 2 ** 81), 9223372036854775807)) + 2 ** 28 - 2 ** 28), U64And(Bits64(X1), 9223372036854775808)))
PRODUCER 8 RECIPE R16(R32(R32(R32(0.0 + 1.0 * CompileValue6()) + 0.0) + R32(0.0 + 0.0))) SELECTED 0.0 + Float64(U64Or(Bits64(Float64(U64And(U64FromF64(F64FromU64(Bits64(0.0 + CompileValue2() * 0.0030536651611328125 + (0.0 + CompileValue4() * 0.00511932373046875))) + 2 ** 81 - 2 ** 81), 9223372036854775807)) + 2 ** 28 - 2 ** 28), U64And(Bits64(0.0 + CompileValue2() * 0.0030536651611328125 + (0.0 + CompileValue4() * 0.00511932373046875)), 9223372036854775808)))
PRODUCER 11 RECIPE R16(R32(R32(R32(0.0 + 1.0 * CompileValue9()) + 0.0) + R32(0.0 + 0.0))) SELECTED 0.0 + Float64(U64Or(Bits64(Float64(U64And(U64FromF64(F64FromU64(Bits64(0.0 + CompileValue2() * -0.0226287841796875 + (0.0 + CompileValue4() * 0.0184478759765625))) + 2 ** 81 - 2 ** 81), 9223372036854775807)) + 2 ** 28 - 2 ** 28), U64And(Bits64(0.0 + CompileValue2() * -0.0226287841796875 + (0.0 + CompileValue4() * 0.0184478759765625)), 9223372036854775808)))
PRODUCER 12 RECIPE R16(R32(X1 + R16(R32(R32(R32(0.0 + CompileValue8() * 0.032928466796875) + R32(0.0 + CompileValue11() * -0.0225982666015625)) + R32(0.0 + 0.0))))) SELECTED Float64(U64FromF64(F64FromU64(Bits64(X1 + Float64(U64Or(Bits64(Float64(U64And(Bits64(0.0 + CompileValue8() * 0.032928466796875 + (0.0 + CompileValue11() * -0.0225982666015625)), 9223372036854775807)) + 2 ** 28 - 2 ** 28), U64And(Bits64(0.0 + CompileValue8() * 0.032928466796875 + (0.0 + CompileValue11() * -0.0225982666015625)), 9223372036854775808))))) + 2 ** 94 - 2 ** 94))
PRODUCER 14 RECIPE R16(R32(X2 + R16(R32(R32(R32(0.0 + CompileValue8() * 0.0203399658203125) + R32(0.0 + CompileValue11() * 0.006168365478515625)) + R32(0.0 + 0.0))))) SELECTED Float64(U64FromF64(F64FromU64(Bits64(X2 + Float64(U64Or(Bits64(Float64(U64And(Bits64(0.0 + CompileValue8() * 0.0203399658203125 + (0.0 + CompileValue11() * 0.006168365478515625)), 9223372036854775807)) + 2 ** 28 - 2 ** 28), U64And(Bits64(0.0 + CompileValue8() * 0.0203399658203125 + (0.0 + CompileValue11() * 0.006168365478515625)), 9223372036854775808))))) + 2 ** 94 - 2 ** 94))
PRODUCER 27 RECIPE R16(R32(CompileValue24() * CompileValue25())) SELECTED Float64(U64Or(Bits64(Float64(U64And(Bits64(CompileValue24() * CompileValue25()), 9223372036854775807)) + 2 ** 28 - 2 ** 28), U64Add(U64And(Bits64(0.0 + CompileValue18() * -0.00046515464782714844 + (0.0 + CompileValue20() * -0.0145721435546875)), 9223372036854775808), U64And(Bits64(0.0 + CompileValue18() * 0.006542205810546875 + (0.0 + CompileValue20() * 0.0217437744140625)), 9223372036854775808))))
PRODUCER 29 RECIPE R16(R32(CompileValue12() + R16(R32(R32(R32(0.0 + CompileValue27() * -0.015777587890625) + 0.0) + R32(0.0 + 0.0))))) SELECTED CompileValue12() + 0
PRODUCER 31 RECIPE R16(R32(CompileValue14() + R16(R32(R32(R32(0.0 + CompileValue27() * -0.01873779296875) + 0.0) + R32(0.0 + 0.0))))) SELECTED CompileValue14() + 0
PRODUCER 34 RECIPE R32(1.0 / R32(sqrt(CompileValue33()))) SELECTED Float64(U64And(U64Add(Bits64(1.0 / Float64(U64Add(U64And(U64Add(Bits64((13.367174015436346 + -779.0174377628756 / (Float64(U64Or(U64And(U64Add(Bits64(Float64(U64And(U64Add(Bits64(CompileValue29() ** 2 + CompileValue31() ** 2), 268435455), 18446744073172680704)) / 2 + 9.999999974752427e-07), U64Add(268435455, U64And(U64Shr(Bits64(Float64(U64And(U64Add(Bits64(CompileValue29() ** 2 + CompileValue31() ** 2), 268435455), 18446744073172680704)) / 2 + 9.999999974752427e-07), 29), 1))), 4503599090499584
PRODUCER 35 RECIPE R16(R16(R32(CompileValue29() * CompileValue34())) * 1.0) SELECTED Float64(U64Or(Bits64(Float64(U64And(U64FromF64(F64FromU64(Bits64(CompileValue29() * CompileValue34())) + 2 ** 81 - 2 ** 81), 9223372036854775807)) + 2 ** 28 - 2 ** 28), U64And(Bits64(CompileValue29()), 9223372036854775808)))
PRODUCER 37 RECIPE R16(R16(R32(CompileValue31() * CompileValue34())) * 1.0) SELECTED Float64(U64FromF64(F64FromU64(Bits64(CompileValue31() * CompileValue34())) + 2 ** 81 - 2 ** 81 + 2 ** 94 - 2 ** 94))
PRODUCER 39 RECIPE R16(R32(R32(R32(0.0 + CompileValue35() * -0.007061004638671875) + R32(0.0 + CompileValue37() * -0.0025844573974609375)) + R32(0.0 + 0.0))) SELECTED Float64(U64Or(Bits64(Float64(U64And(U64FromF64(F64FromU64(Bits64(0.0 + CompileValue35() * -0.007061004638671875 + (0.0 + CompileValue37() * -0.0025844573974609375))) + 2 ** 81 - 2 ** 81), 9223372036854775807)) + 2 ** 28 - 2 ** 28), U64And(Bits64(0.0 + CompileValue35() * -0.007061004638671875 + (0.0 + CompileValue37() * -0.0025844573974609375)), 9223372036854775808)))
ARM 6 BODY 3027214 GUARDS 28331980
ARM 7 BODY 6054445 GUARDS 28331984
BOUNDS {2: FiniteSource(minimum=-6.103515625e-05, maximum=6.103515625e-05, quantum=-24, minimum_magnitude=0.0), 4: FiniteSource(minimum=-1.4140625, maximum=1.4140625, quantum=-24, minimum_magnitude=6.103515625e-05), 18: FiniteSource(minimum=-6.103515625e-05, maximum=6.103515625e-05, quantum=-24, minimum_magnitude=0.0), 20: FiniteSource(minimum=-1.4140625, maximum=1.4140625, quantum=-24, minimum_magnitude=6.103515625e-05), 35: FiniteSource(minimum=-1.4140625, maximum=1.4140625, quantum=-24, minimum_magnitude=6.103515625e-05), 37: FiniteSource(minimum=-6.103515625e-05, maximum=6.103515625e-05, quantum=-24, minimum_magnitude=0.0), 6: FiniteSource(minimum=-0.00724029541015625, maximum=0.00724029541015625, quantum=-24, minimum_magnitude=0), 9: FiniteSource(minimum=-0.026092529296875, maximum=0.026092529296875, quantum=-24, minimum_magnitude=0), 22: FiniteSource(minimum=-0.020599365234375, maximum=0.020599365234375, quantum=-24, minimum_magnitude=0), 25: FiniteSource(minimum=-0.0307464599609375, maximum=0.0307464599609375, quantum=-24, minimum_magnitude=0), 39: FiniteSource(minimum=-0.00998687744140625, maximum=0.00998687744140625, quantum=-24, minimum_magnitude=0)}
GUARD 0 True X1 ** 2 < CompileValue0() * 2 ** (-28) 354
GUARD 1 False X2 ** 2 < CompileValue0() * 2 ** (-28) 354
GUARD 2 True U64And(Bits64(0.0 + CompileValue2() * 0.0030536651611328125 + (0.0 + CompileValue4() * 0.00511932373046875)), 9223372036854775807) < 4544132023748395008 6330
GUARD 3 True U64And(Bits64(0.0 + CompileValue2() * -0.0226287841796875 + (0.0 + CompileValue4() * 0.0184478759765625)), 9223372036854775807) < 4544132023748395008 6327
GUARD 4 True U64And(Bits64(0.0 + CompileValue8() * 0.032928466796875 + (0.0 + CompileValue11() * -0.0225982666015625)), 9223372036854775807) < 4544132023748395008 25558
GUARD 5 True U64And(Bits64(0.0 + CompileValue8() * 0.0203399658203125 + (0.0 + CompileValue11() * 0.006168365478515625)), 9223372036854775807) < 4544132023748395008 25560
GUARD 6 True CompileValue12() ** 2 < CompileValue16() * 2 ** (-28) 256327
GUARD 7 False CompileValue14() ** 2 < CompileValue16() * 2 ** (-28) 256331
GUARD 8 True U64And(Bits64(0.0 + CompileValue18() * -0.00046515464782714844 + (0.0 + CompileValue20() * -0.0145721435546875)), 9223372036854775807) < 4544132023748395008 3026816
GUARD 9 True U64And(Bits64(0.0 + CompileValue18() * 0.006542205810546875 + (0.0 + CompileValue20() * 0.0217437744140625)), 9223372036854775807) < 4544132023748395008 3026812
GUARD 10 True U64And(Bits64(CompileValue24() * CompileValue25()), 9223372036854775807) < 4544132024016830464 18161303
GUARD 11 False CompileValue29() ** 2 < CompileValue33() * 2 ** (-28) 256357
GUARD 12 True CompileValue31() ** 2 < CompileValue33() * 2 ** (-28) 256361
GUARD 13 True U64And(Bits64(0.0 + CompileValue35() * -0.007061004638671875 + (0.0 + CompileValue37() * -0.0025844573974609375)), 9223372036854775807) < 4544132023748395008 3027194
PRODUCER 1 RECIPE R32(1.0 / R32(sqrt(CompileValue0()))) SELECTED Float64(U64And(U64Add(Bits64(1.0 / Float64(U64Add(U64And(U64Add(Bits64((13.367174015436346 + -779.0174377628756 / (Float64(U64Or(U64And(U64Add(Bits64(Float64(U64And(U64Add(Bits64(X1 ** 2 + X2 ** 2), 268435455), 18446744073172680704)) / 2 + 9.999999974752427e-07), U64Add(268435455, U64And(U64Shr(Bits64(Float64(U64And(U64Add(Bits64(X1 ** 2 + X2 ** 2), 268435455), 18446744073172680704)) / 2 + 9.999999974752427e-07), 29), 1))), 4503599090499584), 4607182418800017408)) - 1.5 + 72.88886838020784) + -9
PRODUCER 2 RECIPE R16(R16(R32(X1 * CompileValue1())) * 1.0) SELECTED Float64(U64Or(Bits64(Float64(U64And(U64FromF64(F64FromU64(Bits64(X1 * CompileValue1())) + 2 ** 81 - 2 ** 81), 9223372036854775807)) + 2 ** 28 - 2 ** 28), U64And(Bits64(X1), 9223372036854775808)))
PRODUCER 8 RECIPE R16(R32(R32(R32(0.0 + 1.0 * CompileValue6()) + 0.0) + R32(0.0 + 0.0))) SELECTED 0.0 + Float64(U64Or(Bits64(Float64(U64And(U64FromF64(F64FromU64(Bits64(0.0 + CompileValue2() * 0.0030536651611328125 + (0.0 + CompileValue4() * 0.00511932373046875))) + 2 ** 81 - 2 ** 81), 9223372036854775807)) + 2 ** 28 - 2 ** 28), U64And(Bits64(0.0 + CompileValue2() * 0.0030536651611328125 + (0.0 + CompileValue4() * 0.00511932373046875)), 9223372036854775808)))
PRODUCER 11 RECIPE R16(R32(R32(R32(0.0 + 1.0 * CompileValue9()) + 0.0) + R32(0.0 + 0.0))) SELECTED 0.0 + Float64(U64Or(Bits64(Float64(U64And(U64FromF64(F64FromU64(Bits64(0.0 + CompileValue2() * -0.0226287841796875 + (0.0 + CompileValue4() * 0.0184478759765625))) + 2 ** 81 - 2 ** 81), 9223372036854775807)) + 2 ** 28 - 2 ** 28), U64And(Bits64(0.0 + CompileValue2() * -0.0226287841796875 + (0.0 + CompileValue4() * 0.0184478759765625)), 9223372036854775808)))
PRODUCER 12 RECIPE R16(R32(X1 + R16(R32(R32(R32(0.0 + CompileValue8() * 0.032928466796875) + R32(0.0 + CompileValue11() * -0.0225982666015625)) + R32(0.0 + 0.0))))) SELECTED Float64(U64FromF64(F64FromU64(Bits64(X1 + Float64(U64Or(Bits64(Float64(U64And(Bits64(0.0 + CompileValue8() * 0.032928466796875 + (0.0 + CompileValue11() * -0.0225982666015625)), 9223372036854775807)) + 2 ** 28 - 2 ** 28), U64And(Bits64(0.0 + CompileValue8() * 0.032928466796875 + (0.0 + CompileValue11() * -0.0225982666015625)), 9223372036854775808))))) + 2 ** 94 - 2 ** 94))
PRODUCER 14 RECIPE R16(R32(X2 + R16(R32(R32(R32(0.0 + CompileValue8() * 0.0203399658203125) + R32(0.0 + CompileValue11() * 0.006168365478515625)) + R32(0.0 + 0.0))))) SELECTED Float64(U64FromF64(F64FromU64(Bits64(X2 + Float64(U64Or(Bits64(Float64(U64And(Bits64(0.0 + CompileValue8() * 0.0203399658203125 + (0.0 + CompileValue11() * 0.006168365478515625)), 9223372036854775807)) + 2 ** 28 - 2 ** 28), U64And(Bits64(0.0 + CompileValue8() * 0.0203399658203125 + (0.0 + CompileValue11() * 0.006168365478515625)), 9223372036854775808))))) + 2 ** 94 - 2 ** 94))
PRODUCER 27 RECIPE R16(R32(CompileValue24() * CompileValue25())) SELECTED Float64(U64Or(Bits64(Float64(U64And(Bits64(CompileValue24() * CompileValue25()), 9223372036854775807)) + 2 ** 28 - 2 ** 28), U64Add(U64And(Bits64(0.0 + CompileValue18() * -0.00046515464782714844 + (0.0 + CompileValue20() * -0.0145721435546875)), 9223372036854775808), U64And(Bits64(0.0 + CompileValue18() * 0.006542205810546875 + (0.0 + CompileValue20() * 0.0217437744140625)), 9223372036854775808))))
PRODUCER 29 RECIPE R16(R32(CompileValue12() + R16(R32(R32(R32(0.0 + CompileValue27() * -0.015777587890625) + 0.0) + R32(0.0 + 0.0))))) SELECTED CompileValue12() + 0
PRODUCER 31 RECIPE R16(R32(CompileValue14() + R16(R32(R32(R32(0.0 + CompileValue27() * -0.01873779296875) + 0.0) + R32(0.0 + 0.0))))) SELECTED CompileValue14() + 0
PRODUCER 34 RECIPE R32(1.0 / R32(sqrt(CompileValue33()))) SELECTED Float64(U64And(U64Add(Bits64(1.0 / Float64(U64Add(U64And(U64Add(Bits64((13.367174015436346 + -779.0174377628756 / (Float64(U64Or(U64And(U64Add(Bits64(Float64(U64And(U64Add(Bits64(CompileValue29() ** 2 + CompileValue31() ** 2), 268435455), 18446744073172680704)) / 2 + 9.999999974752427e-07), U64Add(268435455, U64And(U64Shr(Bits64(Float64(U64And(U64Add(Bits64(CompileValue29() ** 2 + CompileValue31() ** 2), 268435455), 18446744073172680704)) / 2 + 9.999999974752427e-07), 29), 1))), 4503599090499584
PRODUCER 35 RECIPE R16(R16(R32(CompileValue29() * CompileValue34())) * 1.0) SELECTED Float64(U64FromF64(F64FromU64(Bits64(CompileValue29() * CompileValue34())) + 2 ** 81 - 2 ** 81 + 2 ** 94 - 2 ** 94))
PRODUCER 37 RECIPE R16(R16(R32(CompileValue31() * CompileValue34())) * 1.0) SELECTED Float64(U64Or(Bits64(Float64(U64And(U64FromF64(F64FromU64(Bits64(CompileValue31() * CompileValue34())) + 2 ** 81 - 2 ** 81), 9223372036854775807)) + 2 ** 28 - 2 ** 28), U64And(Bits64(CompileValue31()), 9223372036854775808)))
PRODUCER 39 RECIPE R16(R32(R32(R32(0.0 + CompileValue35() * -0.007061004638671875) + R32(0.0 + CompileValue37() * -0.0025844573974609375)) + R32(0.0 + 0.0))) SELECTED Float64(U64Or(Bits64(Float64(U64And(U64FromF64(F64FromU64(Bits64(0.0 + CompileValue35() * -0.007061004638671875 + (0.0 + CompileValue37() * -0.0025844573974609375))) + 2 ** 81 - 2 ** 81), 9223372036854775807)) + 2 ** 28 - 2 ** 28), U64And(Bits64(0.0 + CompileValue35() * -0.007061004638671875 + (0.0 + CompileValue37() * -0.0025844573974609375)), 9223372036854775808)))
ARM 8 BODY 3027218 GUARDS 28331984
BOUNDS {2: FiniteSource(minimum=-6.103515625e-05, maximum=6.103515625e-05, quantum=-24, minimum_magnitude=0.0), 4: FiniteSource(minimum=-1.4140625, maximum=1.4140625, quantum=-24, minimum_magnitude=6.103515625e-05), 18: FiniteSource(minimum=-6.103515625e-05, maximum=6.103515625e-05, quantum=-24, minimum_magnitude=0.0), 20: FiniteSource(minimum=-1.4140625, maximum=1.4140625, quantum=-24, minimum_magnitude=6.103515625e-05), 35: FiniteSource(minimum=-1.4140625, maximum=1.4140625, quantum=-24, minimum_magnitude=6.103515625e-05), 37: FiniteSource(minimum=-6.103515625e-05, maximum=6.103515625e-05, quantum=-24, minimum_magnitude=0.0), 6: FiniteSource(minimum=-0.00724029541015625, maximum=0.00724029541015625, quantum=-24, minimum_magnitude=0), 9: FiniteSource(minimum=-0.026092529296875, maximum=0.026092529296875, quantum=-24, minimum_magnitude=0), 22: FiniteSource(minimum=-0.020599365234375, maximum=0.020599365234375, quantum=-24, minimum_magnitude=0), 25: FiniteSource(minimum=-0.0307464599609375, maximum=0.0307464599609375, quantum=-24, minimum_magnitude=0), 39: FiniteSource(minimum=-0.00998687744140625, maximum=0.00998687744140625, quantum=-24, minimum_magnitude=0)}
GUARD 0 True X1 ** 2 < CompileValue0() * 2 ** (-28) 354
GUARD 1 False X2 ** 2 < CompileValue0() * 2 ** (-28) 354
GUARD 2 True U64And(Bits64(0.0 + CompileValue2() * 0.0030536651611328125 + (0.0 + CompileValue4() * 0.00511932373046875)), 9223372036854775807) < 4544132023748395008 6330
GUARD 3 True U64And(Bits64(0.0 + CompileValue2() * -0.0226287841796875 + (0.0 + CompileValue4() * 0.0184478759765625)), 9223372036854775807) < 4544132023748395008 6327
GUARD 4 True U64And(Bits64(0.0 + CompileValue8() * 0.032928466796875 + (0.0 + CompileValue11() * -0.0225982666015625)), 9223372036854775807) < 4544132023748395008 25558
GUARD 5 True U64And(Bits64(0.0 + CompileValue8() * 0.0203399658203125 + (0.0 + CompileValue11() * 0.006168365478515625)), 9223372036854775807) < 4544132023748395008 25560
GUARD 6 True CompileValue12() ** 2 < CompileValue16() * 2 ** (-28) 256327
GUARD 7 False CompileValue14() ** 2 < CompileValue16() * 2 ** (-28) 256331
GUARD 8 True U64And(Bits64(0.0 + CompileValue18() * -0.00046515464782714844 + (0.0 + CompileValue20() * -0.0145721435546875)), 9223372036854775807) < 4544132023748395008 3026816
GUARD 9 True U64And(Bits64(0.0 + CompileValue18() * 0.006542205810546875 + (0.0 + CompileValue20() * 0.0217437744140625)), 9223372036854775807) < 4544132023748395008 3026812
GUARD 10 True U64And(Bits64(CompileValue24() * CompileValue25()), 9223372036854775807) < 4544132024016830464 18161303
GUARD 11 False CompileValue29() ** 2 < CompileValue33() * 2 ** (-28) 256357
GUARD 12 True CompileValue31() ** 2 < CompileValue33() * 2 ** (-28) 256361
GUARD 13 False U64And(Bits64(0.0 + CompileValue35() * -0.007061004638671875 + (0.0 + CompileValue37() * -0.0025844573974609375)), 9223372036854775807) < 4544132023748395008 3027194
PRODUCER 1 RECIPE R32(1.0 / R32(sqrt(CompileValue0()))) SELECTED Float64(U64And(U64Add(Bits64(1.0 / Float64(U64Add(U64And(U64Add(Bits64((13.367174015436346 + -779.0174377628756 / (Float64(U64Or(U64And(U64Add(Bits64(Float64(U64And(U64Add(Bits64(X1 ** 2 + X2 ** 2), 268435455), 18446744073172680704)) / 2 + 9.999999974752427e-07), U64Add(268435455, U64And(U64Shr(Bits64(Float64(U64And(U64Add(Bits64(X1 ** 2 + X2 ** 2), 268435455), 18446744073172680704)) / 2 + 9.999999974752427e-07), 29), 1))), 4503599090499584), 4607182418800017408)) - 1.5 + 72.88886838020784) + -9
PRODUCER 2 RECIPE R16(R16(R32(X1 * CompileValue1())) * 1.0) SELECTED Float64(U64Or(Bits64(Float64(U64And(U64FromF64(F64FromU64(Bits64(X1 * CompileValue1())) + 2 ** 81 - 2 ** 81), 9223372036854775807)) + 2 ** 28 - 2 ** 28), U64And(Bits64(X1), 9223372036854775808)))
PRODUCER 8 RECIPE R16(R32(R32(R32(0.0 + 1.0 * CompileValue6()) + 0.0) + R32(0.0 + 0.0))) SELECTED 0.0 + Float64(U64Or(Bits64(Float64(U64And(U64FromF64(F64FromU64(Bits64(0.0 + CompileValue2() * 0.0030536651611328125 + (0.0 + CompileValue4() * 0.00511932373046875))) + 2 ** 81 - 2 ** 81), 9223372036854775807)) + 2 ** 28 - 2 ** 28), U64And(Bits64(0.0 + CompileValue2() * 0.0030536651611328125 + (0.0 + CompileValue4() * 0.00511932373046875)), 9223372036854775808)))
PRODUCER 11 RECIPE R16(R32(R32(R32(0.0 + 1.0 * CompileValue9()) + 0.0) + R32(0.0 + 0.0))) SELECTED 0.0 + Float64(U64Or(Bits64(Float64(U64And(U64FromF64(F64FromU64(Bits64(0.0 + CompileValue2() * -0.0226287841796875 + (0.0 + CompileValue4() * 0.0184478759765625))) + 2 ** 81 - 2 ** 81), 9223372036854775807)) + 2 ** 28 - 2 ** 28), U64And(Bits64(0.0 + CompileValue2() * -0.0226287841796875 + (0.0 + CompileValue4() * 0.0184478759765625)), 9223372036854775808)))
PRODUCER 12 RECIPE R16(R32(X1 + R16(R32(R32(R32(0.0 + CompileValue8() * 0.032928466796875) + R32(0.0 + CompileValue11() * -0.0225982666015625)) + R32(0.0 + 0.0))))) SELECTED Float64(U64FromF64(F64FromU64(Bits64(X1 + Float64(U64Or(Bits64(Float64(U64And(Bits64(0.0 + CompileValue8() * 0.032928466796875 + (0.0 + CompileValue11() * -0.0225982666015625)), 9223372036854775807)) + 2 ** 28 - 2 ** 28), U64And(Bits64(0.0 + CompileValue8() * 0.032928466796875 + (0.0 + CompileValue11() * -0.0225982666015625)), 9223372036854775808))))) + 2 ** 94 - 2 ** 94))
PRODUCER 14 RECIPE R16(R32(X2 + R16(R32(R32(R32(0.0 + CompileValue8() * 0.0203399658203125) + R32(0.0 + CompileValue11() * 0.006168365478515625)) + R32(0.0 + 0.0))))) SELECTED Float64(U64FromF64(F64FromU64(Bits64(X2 + Float64(U64Or(Bits64(Float64(U64And(Bits64(0.0 + CompileValue8() * 0.0203399658203125 + (0.0 + CompileValue11() * 0.006168365478515625)), 9223372036854775807)) + 2 ** 28 - 2 ** 28), U64And(Bits64(0.0 + CompileValue8() * 0.0203399658203125 + (0.0 + CompileValue11() * 0.006168365478515625)), 9223372036854775808))))) + 2 ** 94 - 2 ** 94))
PRODUCER 27 RECIPE R16(R32(CompileValue24() * CompileValue25())) SELECTED Float64(U64Or(Bits64(Float64(U64And(Bits64(CompileValue24() * CompileValue25()), 9223372036854775807)) + 2 ** 28 - 2 ** 28), U64Add(U64And(Bits64(0.0 + CompileValue18() * -0.00046515464782714844 + (0.0 + CompileValue20() * -0.0145721435546875)), 9223372036854775808), U64And(Bits64(0.0 + CompileValue18() * 0.006542205810546875 + (0.0 + CompileValue20() * 0.0217437744140625)), 9223372036854775808))))
PRODUCER 29 RECIPE R16(R32(CompileValue12() + R16(R32(R32(R32(0.0 + CompileValue27() * -0.015777587890625) + 0.0) + R32(0.0 + 0.0))))) SELECTED CompileValue12() + 0
PRODUCER 31 RECIPE R16(R32(CompileValue14() + R16(R32(R32(R32(0.0 + CompileValue27() * -0.01873779296875) + 0.0) + R32(0.0 + 0.0))))) SELECTED CompileValue14() + 0
PRODUCER 34 RECIPE R32(1.0 / R32(sqrt(CompileValue33()))) SELECTED Float64(U64And(U64Add(Bits64(1.0 / Float64(U64Add(U64And(U64Add(Bits64((13.367174015436346 + -779.0174377628756 / (Float64(U64Or(U64And(U64Add(Bits64(Float64(U64And(U64Add(Bits64(CompileValue29() ** 2 + CompileValue31() ** 2), 268435455), 18446744073172680704)) / 2 + 9.999999974752427e-07), U64Add(268435455, U64And(U64Shr(Bits64(Float64(U64And(U64Add(Bits64(CompileValue29() ** 2 + CompileValue31() ** 2), 268435455), 18446744073172680704)) / 2 + 9.999999974752427e-07), 29), 1))), 4503599090499584
PRODUCER 35 RECIPE R16(R16(R32(CompileValue29() * CompileValue34())) * 1.0) SELECTED Float64(U64FromF64(F64FromU64(Bits64(CompileValue29() * CompileValue34())) + 2 ** 81 - 2 ** 81 + 2 ** 94 - 2 ** 94))
PRODUCER 37 RECIPE R16(R16(R32(CompileValue31() * CompileValue34())) * 1.0) SELECTED Float64(U64Or(Bits64(Float64(U64And(U64FromF64(F64FromU64(Bits64(CompileValue31() * CompileValue34())) + 2 ** 81 - 2 ** 81), 9223372036854775807)) + 2 ** 28 - 2 ** 28), U64And(Bits64(CompileValue31()), 9223372036854775808)))
PRODUCER 39 RECIPE R16(R32(R32(R32(0.0 + CompileValue35() * -0.007061004638671875) + R32(0.0 + CompileValue37() * -0.0025844573974609375)) + R32(0.0 + 0.0))) SELECTED Float64(U64FromF64(F64FromU64(Bits64(0.0 + CompileValue35() * -0.007061004638671875 + (0.0 + CompileValue37() * -0.0025844573974609375))) + 2 ** 81 - 2 ** 81 + 2 ** 94 - 2 ** 94))
