✔ Signed normal-binade conversions contain one source occurrence and preserve native IEEE boundaries (3107.088792ms)
✔ Certified constant projections avoid dead producers and preserve signed Half outcomes (2043.182042ms)
✔ Tight Half update bounds preserve ordered F32 reductions and eliminate dependencies with proof (5393.610041ms)
✔ Memory-admitted parallel regions preserve full geometry, ordered numerical bodies and native parity (29020.460209ms)
✔ Fresh broad-region covers refine only pending intersections and preserve exact source compatibility (4561.4205ms)
✔ Native parity corpus covers mixed signed zeros without exponential growth in high dimensions (2385.395792ms)
✔ Correlated RMS bounds eliminate proved constant components before expanding mean and inverse (1950.8635ms)
✔ Scoped exact algebra factors closed producers while preserving native payloads and IEEE barriers (12104.220667ms)
✔ Finite F32 cells and compile-time constants preserve native boundaries and signed zeros (2531.199167ms)
✔ Proved unsigned masks remove redundant operations without changing overflow or numeric contexts (595.03675ms)
✔ Stabilized branches share decisions, preserve lazy guards and emit flat input-only expressions (3298.986042ms)
✔ Compiler-only literal sharing uses expanded costs and emits bit-exact input-only expressions (9417.259458ms)
✔ SymPy factors typed word polynomials modulo 2^64 without reassociating floating operations (744.695625ms)
✔ Parallel SymPy blocks preserve ordered F32 folds, branch contexts and memory admission (4403.03525ms)
✔ Equivalent scan backend preserves Unicode regex results and byte-identical saved compiler states (2283.845084ms)
✔ SymPy savepoints preserve completed rounding frontiers and reject incompatible or corrupt state (2044.809375ms)
✔ SymPy string substitution factors and simplifies each step with isolated IEEE branch proofs (635.714416ms)
✔ SymPy checkpoint working string is re-read and matches a freshly captured coordinate reference (5490.449334ms)
✔ SymPy elementary conversion strings preserve native IEEE cells and composed boundaries (12303.124458ms)
✔ Bounded SiLU arithmetic lowering matches every certified Half scalar and vector input (3548.26925ms)
✔ Positive F32 square-root word lowering preserves all mantissas, parities and subnormals (1730.173125ms)
✔ IEEE sign projections preserve signed zero and reduce completed down-conversion strings (8857.32975ms)
✔ Half interval precision removes redundant F32 rounding with native emitted-expression parity (1417.8805ms)
✔ Disjoint input partitions preserve complete Half coverage and emitted coordinate parity within each certified region (19013.562208ms)
✔ Proved signed-zero updates preserve formats, branch isolation and native payloads (931.580583ms)
✔ Constant IEEE cells eliminate whole producers and propagate compound branch contexts (966.016375ms)
✔ Identical emitted coordinate bodies coalesce without losing coverage, signed zeros or lazy guards (1279.777375ms)
✔ Budgeted coordinate continuation persists actual producers and rejects incompatible saved dimensions (15107.691916ms)
✔ Coupled projection exclusions preserve rounded reductions across every central Half pair (1164.466417ms)
✔ Cross-normalization path exclusions include every original rounding and reject foreign contexts (3389.313167ms)
✔ Directed attention bounds retain both projection roundings and prove residual cells for every mixed Half pair (3383.754083ms)
✔ RMS subnormal branch proofs retain shared means and original Half storage cells (2829.749375ms)
✔ Source changes retain only audited partition geometry and recompile numerical evidence (758.899708ms)
✔ Branch-local projection cells propagate constants in original dependency order without replacing residual sums (1565.323875ms)
ℹ tests 34
ℹ suites 0
ℹ pass 34
ℹ fail 0
ℹ cancelled 0
ℹ skipped 0
ℹ todo 0
ℹ duration_ms 170548.790583
