✔ Signed normal-binade conversions contain one source occurrence and preserve native IEEE boundaries (4936.051625ms)
✔ Certified constant projections avoid dead producers and preserve signed Half outcomes (1848.402458ms)
✔ Tight Half update bounds preserve ordered F32 reductions and eliminate dependencies with proof (5431.292958ms)
✔ Memory-admitted parallel regions preserve full geometry, ordered numerical bodies and native parity (20496.003209ms)
✔ Fresh broad-region covers refine only pending intersections and preserve exact source compatibility (4764.703625ms)
✔ Native parity corpus covers mixed signed zeros without exponential growth in high dimensions (2692.377583ms)
✔ Correlated RMS bounds eliminate proved constant components before expanding mean and inverse (2278.960917ms)
✔ Scoped exact algebra factors closed producers while preserving native payloads and IEEE barriers (11931.999334ms)
✔ Finite F32 cells and compile-time constants preserve native boundaries and signed zeros (1594.731792ms)
✔ Proved unsigned masks remove redundant operations without changing overflow or numeric contexts (595.516792ms)
✔ Stabilized branches share decisions, preserve lazy guards and emit flat input-only expressions (2374.426333ms)
✔ Compiler-only literal sharing uses expanded costs and emits bit-exact input-only expressions (9239.180125ms)
✔ SymPy factors typed word polynomials modulo 2^64 without reassociating floating operations (743.166167ms)
✔ Parallel SymPy blocks preserve ordered F32 folds, branch contexts and memory admission (4365.42625ms)
✔ Equivalent scan backend preserves Unicode regex results and byte-identical saved compiler states (2279.739417ms)
✔ SymPy savepoints preserve completed rounding frontiers and reject incompatible or corrupt state (2189.433458ms)
✔ SymPy string substitution factors and simplifies each step with isolated IEEE branch proofs (632.110958ms)
✔ SymPy checkpoint working string is re-read and matches a freshly captured coordinate reference (6120.362834ms)
✔ SymPy elementary conversion strings preserve native IEEE cells and composed boundaries (14509.810458ms)
✔ Bounded SiLU arithmetic lowering matches every certified Half scalar and vector input (4033.678542ms)
✔ Positive F32 square-root word lowering preserves all mantissas, parities and subnormals (1968.295292ms)
✔ IEEE sign projections preserve signed zero and reduce completed down-conversion strings (10003.67275ms)
✔ Half interval precision removes redundant F32 rounding with native emitted-expression parity (1630.764125ms)
✔ Disjoint input partitions preserve complete Half coverage and emitted coordinate parity within each certified region (14748.345125ms)
✔ Proved signed-zero updates preserve formats, branch isolation and native payloads (1225.410125ms)
✔ Constant IEEE cells eliminate whole producers and propagate compound branch contexts (1217.802125ms)
✔ Identical emitted coordinate bodies coalesce without losing coverage, signed zeros or lazy guards (1422.146ms)
✔ Budgeted coordinate continuation persists actual producers and rejects incompatible saved dimensions (15024.142709ms)
✔ Coupled projection exclusions preserve rounded reductions across every central Half pair (1280.856708ms)
✔ Cross-normalization path exclusions include every original rounding and reject foreign contexts (3526.48875ms)
✔ Directed attention bounds retain both projection roundings and prove residual cells for every mixed Half pair (3409.753958ms)
✔ RMS subnormal branch proofs retain shared means and original Half storage cells (2951.886209ms)
✔ Source changes retain only audited partition geometry and recompile numerical evidence (827.081209ms)
✔ Branch-local projection cells propagate constants in original dependency order without replacing residual sums (1812.216291ms)
ℹ tests 34
ℹ suites 0
ℹ pass 34
ℹ fail 0
ℹ cancelled 0
ℹ skipped 0
ℹ todo 0
ℹ duration_ms 164404.389042
