✔ Signed normal-binade conversions contain one source occurrence and preserve native IEEE boundaries (4912.085708ms)
✔ Certified constant projections avoid dead producers and preserve signed Half outcomes (2389.347417ms)
✔ Tight Half update bounds preserve ordered F32 reductions and eliminate dependencies with proof (4921.836209ms)
✔ Memory-admitted parallel regions preserve full geometry, ordered numerical bodies and native parity (28483.852541ms)
✔ Fresh broad-region covers refine only pending intersections and preserve exact source compatibility (4634.949459ms)
✔ Native parity corpus covers mixed signed zeros without exponential growth in high dimensions (2768.824334ms)
✔ Correlated RMS bounds eliminate proved constant components before expanding mean and inverse (2558.601041ms)
✔ Scoped exact algebra factors closed producers while preserving native payloads and IEEE barriers (12242.8565ms)
✔ Finite F32 cells and compile-time constants preserve native boundaries and signed zeros (2513.681916ms)
✔ Proved unsigned masks remove redundant operations without changing overflow or numeric contexts (581.022125ms)
✔ Stabilized branches share decisions, preserve lazy guards and emit flat input-only expressions (3171.965166ms)
✔ Compiler-only literal sharing uses expanded costs and emits bit-exact input-only expressions (9294.659125ms)
✔ SymPy factors typed word polynomials modulo 2^64 without reassociating floating operations (757.880083ms)
✔ Parallel SymPy blocks preserve ordered F32 folds, branch contexts and memory admission (4408.317208ms)
✔ Equivalent scan backend preserves Unicode regex results and byte-identical saved compiler states (2280.619958ms)
✔ SymPy savepoints preserve completed rounding frontiers and reject incompatible or corrupt state (2160.29575ms)
✔ SymPy string substitution factors and simplifies each step with isolated IEEE branch proofs (635.301125ms)
✔ SymPy checkpoint working string is re-read and matches a freshly captured coordinate reference (6011.400333ms)
✔ SymPy elementary conversion strings preserve native IEEE cells and composed boundaries (14644.848667ms)
✔ Bounded SiLU arithmetic lowering matches every certified Half scalar and vector input (4046.766792ms)
✔ Positive F32 square-root word lowering preserves all mantissas, parities and subnormals (1976.364166ms)
✔ IEEE sign projections preserve signed zero and reduce completed down-conversion strings (10054.901375ms)
✔ Half interval precision removes redundant F32 rounding with native emitted-expression parity (1651.818ms)
✔ Disjoint input partitions preserve complete Half coverage and emitted coordinate parity within each certified region (18981.492375ms)
✔ Proved signed-zero updates preserve formats, branch isolation and native payloads (1253.885833ms)
✔ Constant IEEE cells eliminate whole producers and propagate compound branch contexts (1261.632375ms)
✔ Identical emitted coordinate bodies coalesce without losing coverage, signed zeros or lazy guards (1406.7995ms)
✔ Budgeted coordinate continuation persists actual producers and rejects incompatible saved dimensions (14931.045959ms)
✔ Coupled projection exclusions preserve rounded reductions across every central Half pair (1416.633917ms)
✔ Cross-normalization path exclusions include every original rounding and reject foreign contexts (3557.310458ms)
✔ Directed attention bounds retain both projection roundings and prove residual cells for every mixed Half pair (3399.069208ms)
✔ RMS subnormal branch proofs retain shared means and original Half storage cells (3134.090917ms)
✔ Source changes retain only audited partition geometry and recompile numerical evidence (726.388042ms)
✔ Branch-local projection cells propagate constants in original dependency order without replacing residual sums (1666.228792ms)
ℹ tests 34
ℹ suites 0
ℹ pass 34
ℹ fail 0
ℹ cancelled 0
ℹ skipped 0
ℹ todo 0
ℹ duration_ms 179128.946208
