
Loading weights:   0%|          | 0/12 [00:00<?, ?it/s]
Loading weights: 100%|██████████| 12/12 [00:00<00:00, 20205.40it/s]
{"domain": {"X1": [-15360, -10240], "X2": [-31743, -21504]}, "added": 52439040, "covered": 52439040, "stop": null, "nativeCases": 8196, "mismatches": 0}

Loading weights:   0%|          | 0/12 [00:00<?, ?it/s]
Loading weights: 100%|██████████| 12/12 [00:00<00:00, 22940.59it/s]
{"domain": {"X1": [-31743, -21504], "X2": [-15360, -11264]}, "added": 41953280, "covered": 94392320, "stop": null, "nativeCases": 8196, "mismatches": 0}

Loading weights:   0%|          | 0/12 [00:00<?, ?it/s]
Loading weights: 100%|██████████| 12/12 [00:00<00:00, 21236.98it/s]
{"domain": {"X1": [-15360, -10240], "X2": [21504, 31743]}, "added": 52439040, "covered": 146831360, "stop": null, "nativeCases": 8196, "mismatches": 0}

Loading weights:   0%|          | 0/12 [00:00<?, ?it/s]
Loading weights: 100%|██████████| 12/12 [00:00<00:00, 60860.52it/s]
{"domain": {"X1": [-31743, -21504], "X2": [11264, 15360]}, "added": 41953280, "covered": 188784640, "stop": null, "nativeCases": 8196, "mismatches": 0}

Loading weights:   0%|          | 0/12 [00:00<?, ?it/s]
Loading weights: 100%|██████████| 12/12 [00:00<00:00, 20518.41it/s]
{"domain": {"X1": [10240, 15360], "X2": [-31743, -21504]}, "added": 52439040, "covered": 241223680, "stop": null, "nativeCases": 8196, "mismatches": 0}

Loading weights:   0%|          | 0/12 [00:00<?, ?it/s]
Loading weights: 100%|██████████| 12/12 [00:00<00:00, 34807.50it/s]
{"domain": {"X1": [21504, 31743], "X2": [-15360, -11264]}, "added": 41953280, "covered": 283176960, "stop": null, "nativeCases": 8196, "mismatches": 0}

Loading weights:   0%|          | 0/12 [00:00<?, ?it/s]
Loading weights: 100%|██████████| 12/12 [00:00<00:00, 31936.32it/s]
{"domain": {"X1": [10240, 15360], "X2": [21504, 31743]}, "added": 52439040, "covered": 335616000, "stop": null, "nativeCases": 8196, "mismatches": 0}

Loading weights:   0%|          | 0/12 [00:00<?, ?it/s]
Loading weights: 100%|██████████| 12/12 [00:00<00:00, 40688.48it/s]
{"domain": {"X1": [21504, 31743], "X2": [11264, 15360]}, "added": 41953280, "covered": 377569280, "stop": null, "nativeCases": 8196, "mismatches": 0}

Loading weights:   0%|          | 0/12 [00:00<?, ?it/s]
Loading weights: 100%|██████████| 12/12 [00:00<00:00, 49393.18it/s]
{"domain": {"X1": [-31743, -16385], "X2": [-31743, -15361]}, "added": 251626497, "covered": 629195777, "stop": null, "nativeCases": 8196, "mismatches": 0}

Loading weights:   0%|          | 0/12 [00:00<?, ?it/s]
Loading weights: 100%|██████████| 12/12 [00:00<00:00, 23585.59it/s]
{"domain": {"X1": [-31743, -16385], "X2": [15361, 31743]}, "added": 251626497, "covered": 880822274, "stop": null, "nativeCases": 8196, "mismatches": 0}

Loading weights:   0%|          | 0/12 [00:00<?, ?it/s]
Loading weights: 100%|██████████| 12/12 [00:00<00:00, 49784.02it/s]
{"domain": {"X1": [16385, 31743], "X2": [-31743, -15361]}, "added": 251626497, "covered": 1132448771, "stop": null, "nativeCases": 8196, "mismatches": 0}

Loading weights:   0%|          | 0/12 [00:00<?, ?it/s]
Loading weights: 100%|██████████| 12/12 [00:00<00:00, 18872.01it/s]
{"domain": {"X1": [16385, 31743], "X2": [15361, 31743]}, "added": 251626497, "covered": 1384075268, "stop": null, "nativeCases": 8196, "mismatches": 0}
{"domain": {"X1": [-31743, -21504], "X2": [-15360, -11264]}, "added": 0, "covered": 1384075268, "stop": "Region already covered; no manifest mutation", "nativeCases": null, "mismatches": null}
{"domain": {"X1": [-15360, -10240], "X2": [21504, 31743]}, "added": 0, "covered": 1384075268, "stop": "Region already covered; no manifest mutation", "nativeCases": null, "mismatches": null}
{"domain": {"X1": [-31743, -21504], "X2": [11264, 15360]}, "added": 0, "covered": 1384075268, "stop": "Region already covered; no manifest mutation", "nativeCases": null, "mismatches": null}
{"domain": {"X1": [10240, 15360], "X2": [-31743, -21504]}, "added": 0, "covered": 1384075268, "stop": "Region already covered; no manifest mutation", "nativeCases": null, "mismatches": null}
{"domain": {"X1": [21504, 31743], "X2": [-15360, -11264]}, "added": 0, "covered": 1384075268, "stop": "Region already covered; no manifest mutation", "nativeCases": null, "mismatches": null}
{"domain": {"X1": [21504, 31743], "X2": [11264, 15360]}, "added": 0, "covered": 1384075268, "stop": "Region already covered; no manifest mutation", "nativeCases": null, "mismatches": null}
{"domain": {"X1": [-31743, -17408], "X2": [-31743, -16384]}, "added": 0, "covered": 1384075268, "stop": "Region already covered; no manifest mutation", "nativeCases": null, "mismatches": null}
{"domain": {"X1": [-31743, -17408], "X2": [16384, 31743]}, "added": 0, "covered": 1384075268, "stop": "Region already covered; no manifest mutation", "nativeCases": null, "mismatches": null}
{"domain": {"X1": [17408, 31743], "X2": [-31743, -16384]}, "added": 0, "covered": 1384075268, "stop": "Region already covered; no manifest mutation", "nativeCases": null, "mismatches": null}
{"domain": {"X1": [17408, 31743], "X2": [16384, 31743]}, "added": 0, "covered": 1384075268, "stop": "Region already covered; no manifest mutation", "nativeCases": null, "mismatches": null}

Loading weights:   0%|          | 0/12 [00:00<?, ?it/s]
Loading weights: 100%|██████████| 12/12 [00:00<00:00, 25797.87it/s]
{"domain": {"X1": [-12288, 12288], "X2": [-31743, -24576]}, "added": 146800640, "covered": 1530875908, "stop": null, "nativeCases": 8200, "mismatches": 0}

Loading weights:   0%|          | 0/12 [00:00<?, ?it/s]
Loading weights: 100%|██████████| 12/12 [00:00<00:00, 40986.68it/s]
{"domain": {"X1": [-8192, 8192], "X2": [-31743, -20480]}, "added": 67117056, "covered": 1597992964, "stop": null, "nativeCases": 8200, "mismatches": 0}

Loading weights:   0%|          | 0/12 [00:00<?, ?it/s]
Loading weights: 100%|██████████| 12/12 [00:00<00:00, 40104.90it/s]
{"domain": {"X1": [-8192, 8192], "X2": [20480, 31743]}, "added": 184571904, "covered": 1782564868, "stop": null, "nativeCases": 8200, "mismatches": 0}

Loading weights:   0%|          | 0/12 [00:00<?, ?it/s]
Loading weights: 100%|██████████| 12/12 [00:00<00:00, 23035.08it/s]
{"domain": {"X1": [20480, 31743], "X2": [-8192, 8192]}, "added": 184571904, "covered": 1967136772, "stop": null, "nativeCases": 8200, "mismatches": 0}

Loading weights:   0%|          | 0/12 [00:00<?, ?it/s]
Loading weights: 100%|██████████| 12/12 [00:00<00:00, 24151.46it/s]
{"domain": {"X1": [-31743, -20480], "X2": [-8192, 0]}, "added": 92297216, "covered": 2059433988, "stop": null, "nativeCases": 8198, "mismatches": 0}

Loading weights:   0%|          | 0/12 [00:00<?, ?it/s]
Loading weights: 100%|██████████| 12/12 [00:00<00:00, 33689.19it/s]
{"domain": {"X1": [-31743, -20480], "X2": [1, 8192]}, "added": 92274688, "covered": 2151708676, "stop": null, "nativeCases": 8196, "mismatches": 0}

Loading weights:   0%|          | 0/12 [00:00<?, ?it/s]
Loading weights: 100%|██████████| 12/12 [00:00<00:00, 35721.54it/s]
{"domain": {"X1": [-31743, -20480], "X2": [-19455, -14592]}, "added": 787456, "covered": 2152496132, "stop": null, "nativeCases": 8196, "mismatches": 0}

Loading weights:   0%|          | 0/12 [00:00<?, ?it/s]
Loading weights: 100%|██████████| 12/12 [00:00<00:00, 57653.66it/s]
{"domain": {"X1": [-31743, -20480], "X2": [-14591, -14440]}, "added": 155648, "covered": 2152651780, "stop": null, "nativeCases": 8196, "mismatches": 0}

Loading weights:   0%|          | 0/12 [00:00<?, ?it/s]
Loading weights: 100%|██████████| 12/12 [00:00<00:00, 29110.26it/s]
{"domain": {"X1": [-31743, -20480], "X2": [-14439, -14364]}, "added": 77824, "covered": 2152729604, "stop": null, "nativeCases": 8196, "mismatches": 0}

Loading weights:   0%|          | 0/12 [00:00<?, ?it/s]
Loading weights: 100%|██████████| 12/12 [00:00<00:00, 22641.32it/s]
{"domain": {"X1": [-26111, -20480], "X2": [-14363, -14326]}, "added": 38912, "covered": 2152768516, "stop": null, "nativeCases": 8196, "mismatches": 0}

Loading weights:   0%|          | 0/12 [00:00<?, ?it/s]
Loading weights: 100%|██████████| 12/12 [00:00<00:00, 28024.30it/s]
{"domain": {"X1": [-26111, -20480], "X2": [-14325, -14288]}, "added": 38912, "covered": 2152807428, "stop": null, "nativeCases": 8196, "mismatches": 0}

Loading weights:   0%|          | 0/12 [00:00<?, ?it/s]
Loading weights: 100%|██████████| 12/12 [00:00<00:00, 58525.17it/s]
{"domain": {"X1": [-26111, -20480], "X2": [-14287, -14250]}, "added": 38912, "covered": 2152846340, "stop": null, "nativeCases": 8196, "mismatches": 0}

Loading weights:   0%|          | 0/12 [00:00<?, ?it/s]
Loading weights: 100%|██████████| 12/12 [00:00<00:00, 33599.23it/s]
{"domain": {"X1": [-26111, -20480], "X2": [-14249, -14212]}, "added": 38912, "covered": 2152885252, "stop": null, "nativeCases": 8196, "mismatches": 0}

Loading weights:   0%|          | 0/12 [00:00<?, ?it/s]
Loading weights: 100%|██████████| 12/12 [00:00<00:00, 67288.30it/s]
{"domain": {"X1": [-26111, -20480], "X2": [-14211, -14174]}, "added": 38912, "covered": 2152924164, "stop": null, "nativeCases": 8196, "mismatches": 0}

Loading weights:   0%|          | 0/12 [00:00<?, ?it/s]
Loading weights: 100%|██████████| 12/12 [00:00<00:00, 63550.06it/s]
{"domain": {"X1": [-26111, -20480], "X2": [-14173, -14136]}, "added": 38912, "covered": 2152963076, "stop": null, "nativeCases": 8196, "mismatches": 0}

Loading weights:   0%|          | 0/12 [00:00<?, ?it/s]
Loading weights: 100%|██████████| 12/12 [00:00<00:00, 17290.16it/s]
{"domain": {"X1": [-26111, -20480], "X2": [-14135, -14098]}, "added": 38912, "covered": 2153001988, "stop": null, "nativeCases": 8196, "mismatches": 0}

Loading weights:   0%|          | 0/12 [00:00<?, ?it/s]
Loading weights: 100%|██████████| 12/12 [00:00<00:00, 32789.35it/s]
{"domain": {"X1": [-26111, -20480], "X2": [-14097, -14060]}, "added": 38912, "covered": 2153040900, "stop": null, "nativeCases": 8196, "mismatches": 0}

Loading weights:   0%|          | 0/12 [00:00<?, ?it/s]
Loading weights: 100%|██████████| 12/12 [00:00<00:00, 61530.13it/s]
{"domain": {"X1": [-26111, -20480], "X2": [-14059, -14022]}, "added": 38912, "covered": 2153079812, "stop": null, "nativeCases": 8196, "mismatches": 0}

Loading weights:   0%|          | 0/12 [00:00<?, ?it/s]
Loading weights: 100%|██████████| 12/12 [00:00<00:00, 33802.32it/s]
{"domain": {"X1": [-26111, -20480], "X2": [-14021, -13984]}, "added": 38912, "covered": 2153118724, "stop": null, "nativeCases": 8196, "mismatches": 0}

Loading weights:   0%|          | 0/12 [00:00<?, ?it/s]
Loading weights: 100%|██████████| 12/12 [00:00<00:00, 27265.25it/s]
{"domain": {"X1": [-26111, -20480], "X2": [-13983, -13946]}, "added": 38912, "covered": 2153157636, "stop": null, "nativeCases": 8196, "mismatches": 0}

Loading weights:   0%|          | 0/12 [00:00<?, ?it/s]
Loading weights: 100%|██████████| 12/12 [00:00<00:00, 51046.30it/s]
{"domain": {"X1": [-26111, -20480], "X2": [-13945, -13908]}, "added": 38912, "covered": 2153196548, "stop": null, "nativeCases": 8196, "mismatches": 0}

Loading weights:   0%|          | 0/12 [00:00<?, ?it/s]
Loading weights: 100%|██████████| 12/12 [00:00<00:00, 64527.75it/s]
{"domain": {"X1": [-26111, -20480], "X2": [-13907, -13870]}, "added": 38912, "covered": 2153235460, "stop": null, "nativeCases": 8196, "mismatches": 0}

Loading weights:   0%|          | 0/12 [00:00<?, ?it/s]
Loading weights: 100%|██████████| 12/12 [00:00<00:00, 27074.58it/s]
{"domain": {"X1": [-26111, -20480], "X2": [-13869, -13832]}, "added": 38912, "covered": 2153274372, "stop": null, "nativeCases": 8196, "mismatches": 0}

Loading weights:   0%|          | 0/12 [00:00<?, ?it/s]
Loading weights: 100%|██████████| 12/12 [00:00<00:00, 22951.05it/s]
{"domain": {"X1": [-31743, -20480], "X2": [-13831, -13756]}, "added": 77824, "covered": 2153352196, "stop": null, "nativeCases": 8196, "mismatches": 0}

Loading weights:   0%|          | 0/12 [00:00<?, ?it/s]
Loading weights: 100%|██████████| 12/12 [00:00<00:00, 31655.12it/s]
{"domain": {"X1": [-31743, -20480], "X2": [-13755, -13680]}, "added": 77824, "covered": 2153430020, "stop": null, "nativeCases": 8196, "mismatches": 0}

Loading weights:   0%|          | 0/12 [00:00<?, ?it/s]
Loading weights: 100%|██████████| 12/12 [00:00<00:00, 64116.75it/s]
{"domain": {"X1": [-31743, -20480], "X2": [-13679, -13376]}, "added": 311296, "covered": 2153741316, "stop": null, "nativeCases": 8196, "mismatches": 0}

Loading weights:   0%|          | 0/12 [00:00<?, ?it/s]
Loading weights: 100%|██████████| 12/12 [00:00<00:00, 53830.64it/s]
{"domain": {"X1": [-31743, -20480], "X2": [-13375, -12160]}, "added": 1245184, "covered": 2154986500, "stop": null, "nativeCases": 8196, "mismatches": 0}

Loading weights:   0%|          | 0/12 [00:00<?, ?it/s]
Loading weights: 100%|██████████| 12/12 [00:00<00:00, 49008.42it/s]
{"domain": {"X1": [-31743, -20480], "X2": [-12159, -9728]}, "added": 18219008, "covered": 2173205508, "stop": null, "nativeCases": 8196, "mismatches": 0}

Loading weights:   0%|          | 0/12 [00:00<?, ?it/s]
Loading weights: 100%|██████████| 12/12 [00:00<00:00, 48960.75it/s]
{"domain": {"X1": [-31743, -20480], "X2": [-9727, -8193]}, "added": 17290240, "covered": 2190495748, "stop": null, "nativeCases": 8196, "mismatches": 0}

Loading weights:   0%|          | 0/12 [00:00<?, ?it/s]
Loading weights: 100%|██████████| 12/12 [00:00<00:00, 51046.30it/s]
{"domain": {"X1": [-31743, -20480], "X2": [8193, 19455]}, "added": 38787072, "covered": 2229282820, "stop": null, "nativeCases": 8196, "mismatches": 0}

Loading weights:   0%|          | 0/12 [00:00<?, ?it/s]
Loading weights: 100%|██████████| 12/12 [00:00<00:00, 25471.48it/s]
{"domain": {"X1": [-18431, -16384], "X2": [-31743, -19456]}, "added": 12288, "covered": 2229295108, "stop": null, "nativeCases": 8196, "mismatches": 0}

Loading weights:   0%|          | 0/12 [00:00<?, ?it/s]
Loading weights: 100%|██████████| 12/12 [00:00<00:00, 17213.29it/s]
{"domain": {"X1": [-16383, -12289], "X2": [-31743, -19456]}, "added": 18862080, "covered": 2248157188, "stop": null, "nativeCases": 8196, "mismatches": 0}

Loading weights:   0%|          | 0/12 [00:00<?, ?it/s]
Loading weights: 100%|██████████| 12/12 [00:00<00:00, 35001.15it/s]
{"domain": {"X1": [-12288, -11777], "X2": [-24575, -19456]}, "added": 1048576, "covered": 2249205764, "stop": null, "nativeCases": 8196, "mismatches": 0}

Loading weights:   0%|          | 0/12 [00:00<?, ?it/s]
Loading weights: 100%|██████████| 12/12 [00:00<00:00, 22733.36it/s]
{"domain": {"X1": [-11776, -11521], "X2": [-24575, -19456]}, "added": 524288, "covered": 2249730052, "stop": null, "nativeCases": 8196, "mismatches": 0}

Loading weights:   0%|          | 0/12 [00:00<?, ?it/s]
Loading weights: 100%|██████████| 12/12 [00:00<00:00, 32263.88it/s]
{"domain": {"X1": [-11520, -11393], "X2": [-24575, -19456]}, "added": 262144, "covered": 2249992196, "stop": null, "nativeCases": 8196, "mismatches": 0}

Loading weights:   0%|          | 0/12 [00:00<?, ?it/s]
Loading weights: 100%|██████████| 12/12 [00:00<00:00, 37393.50it/s]
{"domain": {"X1": [-11392, -11329], "X2": [-24575, -19456]}, "added": 131072, "covered": 2250123268, "stop": null, "nativeCases": 8196, "mismatches": 0}
{"domain": {"X1": [-11328, -11265], "X2": [-24575, -22016]}, "added": 0, "covered": 2250123268, "stop": "Region already covered; no manifest mutation", "nativeCases": null, "mismatches": null}
{"domain": {"X1": [-11328, -11265], "X2": [-22015, -21696]}, "added": 0, "covered": 2250123268, "stop": "Region already covered; no manifest mutation", "nativeCases": null, "mismatches": null}

Loading weights:   0%|          | 0/12 [00:00<?, ?it/s]
Loading weights: 100%|██████████| 12/12 [00:00<00:00, 20901.85it/s]
{"domain": {"X1": [-11328, -11265], "X2": [-21695, -21376]}, "added": 8192, "covered": 2250131460, "stop": null, "nativeCases": 8196, "mismatches": 0}

Loading weights:   0%|          | 0/12 [00:00<?, ?it/s]
Loading weights: 100%|██████████| 12/12 [00:00<00:00, 21201.20it/s]
{"domain": {"X1": [-11328, -11265], "X2": [-21375, -21056]}, "added": 20480, "covered": 2250151940, "stop": null, "nativeCases": 8196, "mismatches": 0}

Loading weights:   0%|          | 0/12 [00:00<?, ?it/s]
Loading weights: 100%|██████████| 12/12 [00:00<00:00, 44580.73it/s]
{"domain": {"X1": [-11328, -11265], "X2": [-21055, -20736]}, "added": 20480, "covered": 2250172420, "stop": null, "nativeCases": 8196, "mismatches": 0}

Loading weights:   0%|          | 0/12 [00:00<?, ?it/s]
Loading weights: 100%|██████████| 12/12 [00:00<00:00, 24197.91it/s]
{"domain": {"X1": [-11328, -11265], "X2": [-20735, -20416]}, "added": 20480, "covered": 2250192900, "stop": null, "nativeCases": 8196, "mismatches": 0}

Loading weights:   0%|          | 0/12 [00:00<?, ?it/s]
Loading weights: 100%|██████████| 12/12 [00:00<00:00, 30138.71it/s]
{"domain": {"X1": [-11328, -11265], "X2": [-20415, -20096]}, "added": 20480, "covered": 2250213380, "stop": null, "nativeCases": 8196, "mismatches": 0}

Loading weights:   0%|          | 0/12 [00:00<?, ?it/s]
Loading weights: 100%|██████████| 12/12 [00:00<00:00, 26616.42it/s]
{"domain": {"X1": [-11328, -11265], "X2": [-20095, -19776]}, "added": 20480, "covered": 2250233860, "stop": null, "nativeCases": 8196, "mismatches": 0}

Loading weights:   0%|          | 0/12 [00:00<?, ?it/s]
Loading weights: 100%|██████████| 12/12 [00:00<00:00, 23618.79it/s]
{"domain": {"X1": [-11328, -11265], "X2": [-19775, -19456]}, "added": 20480, "covered": 2250254340, "stop": null, "nativeCases": 8196, "mismatches": 0}
{"domain": {"X1": [-11264, -11201], "X2": [-24575, -22016]}, "added": 0, "covered": 2250254340, "stop": "Region already covered; no manifest mutation", "nativeCases": null, "mismatches": null}

Loading weights:   0%|          | 0/12 [00:00<?, ?it/s]
Loading weights: 100%|██████████| 12/12 [00:00<00:00, 32181.36it/s]
{"domain": {"X1": [-11264, -11201], "X2": [-22015, -20736]}, "added": 49152, "covered": 2250303492, "stop": null, "nativeCases": 8196, "mismatches": 0}

Loading weights:   0%|          | 0/12 [00:00<?, ?it/s]
Loading weights: 100%|██████████| 12/12 [00:00<00:00, 65965.46it/s]
{"domain": {"X1": [-11264, -11201], "X2": [-20735, -20096]}, "added": 40960, "covered": 2250344452, "stop": null, "nativeCases": 8196, "mismatches": 0}

Loading weights:   0%|          | 0/12 [00:00<?, ?it/s]
Loading weights: 100%|██████████| 12/12 [00:00<00:00, 33442.96it/s]
{"domain": {"X1": [-11264, -11201], "X2": [-20095, -19456]}, "added": 40960, "covered": 2250385412, "stop": null, "nativeCases": 8196, "mismatches": 0}
{"domain": {"X1": [-11200, -11137], "X2": [-24575, -22016]}, "added": 0, "covered": 2250385412, "stop": "Region already covered; no manifest mutation", "nativeCases": null, "mismatches": null}

Loading weights:   0%|          | 0/12 [00:00<?, ?it/s]
Loading weights: 100%|██████████| 12/12 [00:00<00:00, 64860.37it/s]
{"domain": {"X1": [-11200, -11137], "X2": [-22015, -20736]}, "added": 49152, "covered": 2250434564, "stop": null, "nativeCases": 8196, "mismatches": 0}

Loading weights:   0%|          | 0/12 [00:00<?, ?it/s]
Loading weights: 100%|██████████| 12/12 [00:00<00:00, 32243.21it/s]
{"domain": {"X1": [-11200, -11137], "X2": [-20735, -20096]}, "added": 40960, "covered": 2250475524, "stop": null, "nativeCases": 8196, "mismatches": 0}

Loading weights:   0%|          | 0/12 [00:00<?, ?it/s]
Loading weights: 100%|██████████| 12/12 [00:00<00:00, 18801.51it/s]
{"domain": {"X1": [-11200, -11137], "X2": [-20095, -19456]}, "added": 40960, "covered": 2250516484, "stop": null, "nativeCases": 8196, "mismatches": 0}
{"domain": {"X1": [-11136, -11073], "X2": [-24575, -22016]}, "added": 0, "covered": 2250516484, "stop": "Region already covered; no manifest mutation", "nativeCases": null, "mismatches": null}

Loading weights:   0%|          | 0/12 [00:00<?, ?it/s]
Loading weights: 100%|██████████| 12/12 [00:00<00:00, 21165.54it/s]
{"domain": {"X1": [-11136, -11073], "X2": [-22015, -20736]}, "added": 49152, "covered": 2250565636, "stop": null, "nativeCases": 8196, "mismatches": 0}

Loading weights:   0%|          | 0/12 [00:00<?, ?it/s]
Loading weights: 100%|██████████| 12/12 [00:00<00:00, 23109.11it/s]
{"domain": {"X1": [-11136, -11073], "X2": [-20735, -20096]}, "added": 40960, "covered": 2250606596, "stop": null, "nativeCases": 8196, "mismatches": 0}

Loading weights:   0%|          | 0/12 [00:00<?, ?it/s]
Loading weights: 100%|██████████| 12/12 [00:00<00:00, 30992.39it/s]
{"domain": {"X1": [-11136, -11073], "X2": [-20095, -19456]}, "added": 40960, "covered": 2250647556, "stop": null, "nativeCases": 8196, "mismatches": 0}
{"domain": {"X1": [-11072, -11009], "X2": [-24575, -22016]}, "added": 0, "covered": 2250647556, "stop": "Region already covered; no manifest mutation", "nativeCases": null, "mismatches": null}

Loading weights:   0%|          | 0/12 [00:00<?, ?it/s]
Loading weights: 100%|██████████| 12/12 [00:00<00:00, 36054.19it/s]
{"domain": {"X1": [-11072, -11009], "X2": [-22015, -20736]}, "added": 49152, "covered": 2250696708, "stop": null, "nativeCases": 8196, "mismatches": 0}

Loading weights:   0%|          | 0/12 [00:00<?, ?it/s]
Loading weights: 100%|██████████| 12/12 [00:00<00:00, 29782.04it/s]
{"domain": {"X1": [-11072, -11009], "X2": [-20735, -20096]}, "added": 40960, "covered": 2250737668, "stop": null, "nativeCases": 8196, "mismatches": 0}

Loading weights:   0%|          | 0/12 [00:00<?, ?it/s]
Loading weights: 100%|██████████| 12/12 [00:00<00:00, 37282.70it/s]
{"domain": {"X1": [-11072, -11009], "X2": [-20095, -19456]}, "added": 40960, "covered": 2250778628, "stop": null, "nativeCases": 8196, "mismatches": 0}
{"domain": {"X1": [-11008, -10945], "X2": [-24575, -22016]}, "added": 0, "covered": 2250778628, "stop": "Region already covered; no manifest mutation", "nativeCases": null, "mismatches": null}

Loading weights:   0%|          | 0/12 [00:00<?, ?it/s]
Loading weights: 100%|██████████| 12/12 [00:00<00:00, 44501.90it/s]
{"domain": {"X1": [-11008, -10945], "X2": [-22015, -20736]}, "added": 49152, "covered": 2250827780, "stop": null, "nativeCases": 8196, "mismatches": 0}

Loading weights:   0%|          | 0/12 [00:00<?, ?it/s]
Loading weights: 100%|██████████| 12/12 [00:00<00:00, 13056.20it/s]
{"domain": {"X1": [-11008, -10945], "X2": [-20735, -20096]}, "added": 40960, "covered": 2250868740, "stop": null, "nativeCases": 8196, "mismatches": 0}

Loading weights:   0%|          | 0/12 [00:00<?, ?it/s]
Loading weights: 100%|██████████| 12/12 [00:00<00:00, 29194.69it/s]
{"domain": {"X1": [-11008, -10945], "X2": [-20095, -19456]}, "added": 40960, "covered": 2250909700, "stop": null, "nativeCases": 8196, "mismatches": 0}
{"domain": {"X1": [-10944, -10881], "X2": [-24575, -22016]}, "added": 0, "covered": 2250909700, "stop": "Region already covered; no manifest mutation", "nativeCases": null, "mismatches": null}

Loading weights:   0%|          | 0/12 [00:00<?, ?it/s]
Loading weights: 100%|██████████| 12/12 [00:00<00:00, 48395.82it/s]
{"domain": {"X1": [-10944, -10881], "X2": [-22015, -20736]}, "added": 49152, "covered": 2250958852, "stop": null, "nativeCases": 8196, "mismatches": 0}

Loading weights:   0%|          | 0/12 [00:00<?, ?it/s]
Loading weights: 100%|██████████| 12/12 [00:00<00:00, 27206.30it/s]
{"domain": {"X1": [-8192, 8192], "X2": [-20479, -19456]}, "added": 16779264, "covered": 2267738116, "stop": null, "nativeCases": 8200, "mismatches": 0}
{"domain": {"X1": [-11264, -10240], "X2": [-22528, -21504]}, "added": 0, "covered": 2267738116, "stop": "Region already covered; no manifest mutation", "nativeCases": null, "mismatches": null}
{"domain": {"X1": [10240, 11264], "X2": [21504, 22528]}, "added": 0, "covered": 2267738116, "stop": "Region already covered; no manifest mutation", "nativeCases": null, "mismatches": null}
{"domain": {"X1": [11264, 12288], "X2": [21504, 22528]}, "added": 0, "covered": 2267738116, "stop": "Region already covered; no manifest mutation", "nativeCases": null, "mismatches": null}
{"domain": {"X1": [-31743, -20480], "X2": [-31743, -19456]}, "added": 0, "covered": 2267738116, "stop": "Region already covered; no manifest mutation", "nativeCases": null, "mismatches": null}
{"domain": {"X1": [-31743, -20480], "X2": [-19455, -17408]}, "added": 0, "covered": 2267738116, "stop": "Region already covered; no manifest mutation", "nativeCases": null, "mismatches": null}
{"domain": {"X1": [-31743, -21504], "X2": [-17407, -16384]}, "added": 0, "covered": 2267738116, "stop": "Region already covered; no manifest mutation", "nativeCases": null, "mismatches": null}
{"domain": {"X1": [-31743, -21504], "X2": [-16383, -15361]}, "added": 0, "covered": 2267738116, "stop": "Region already covered; no manifest mutation", "nativeCases": null, "mismatches": null}
{"domain": {"X1": [-31743, -21504], "X2": [-15360, -14592]}, "added": 0, "covered": 2267738116, "stop": "Region already covered; no manifest mutation", "nativeCases": null, "mismatches": null}
{"domain": {"X1": [-21503, -20480], "X2": [-17407, -16384]}, "added": 0, "covered": 2267738116, "stop": "Region already covered; no manifest mutation", "nativeCases": null, "mismatches": null}
{"domain": {"X1": [-21503, -20480], "X2": [-16383, -14592]}, "added": 0, "covered": 2267738116, "stop": "Region already covered; no manifest mutation", "nativeCases": null, "mismatches": null}
{"domain": {"X1": [-31743, -21504], "X2": [-14591, -14440]}, "added": 0, "covered": 2267738116, "stop": "Region already covered; no manifest mutation", "nativeCases": null, "mismatches": null}
{"domain": {"X1": [-21503, -20480], "X2": [-14591, -14440]}, "added": 0, "covered": 2267738116, "stop": "Region already covered; no manifest mutation", "nativeCases": null, "mismatches": null}
{"domain": {"X1": [-31743, -21504], "X2": [-14439, -14364]}, "added": 0, "covered": 2267738116, "stop": "Region already covered; no manifest mutation", "nativeCases": null, "mismatches": null}
{"domain": {"X1": [-21503, -20480], "X2": [-14439, -14364]}, "added": 0, "covered": 2267738116, "stop": "Region already covered; no manifest mutation", "nativeCases": null, "mismatches": null}
{"domain": {"X1": [-31743, -26112], "X2": [-14363, -14326]}, "added": 0, "covered": 2267738116, "stop": "Region already covered; no manifest mutation", "nativeCases": null, "mismatches": null}
{"domain": {"X1": [-26111, -21504], "X2": [-14363, -14326]}, "added": 0, "covered": 2267738116, "stop": "Region already covered; no manifest mutation", "nativeCases": null, "mismatches": null}
{"domain": {"X1": [-21503, -20480], "X2": [-14363, -14326]}, "added": 0, "covered": 2267738116, "stop": "Region already covered; no manifest mutation", "nativeCases": null, "mismatches": null}
{"domain": {"X1": [-31743, -26112], "X2": [-14325, -14288]}, "added": 0, "covered": 2267738116, "stop": "Region already covered; no manifest mutation", "nativeCases": null, "mismatches": null}
{"domain": {"X1": [-26111, -21504], "X2": [-14325, -14288]}, "added": 0, "covered": 2267738116, "stop": "Region already covered; no manifest mutation", "nativeCases": null, "mismatches": null}
{"domain": {"X1": [-21503, -20480], "X2": [-14325, -14288]}, "added": 0, "covered": 2267738116, "stop": "Region already covered; no manifest mutation", "nativeCases": null, "mismatches": null}
{"domain": {"X1": [-31743, -26112], "X2": [-14287, -14250]}, "added": 0, "covered": 2267738116, "stop": "Region already covered; no manifest mutation", "nativeCases": null, "mismatches": null}
{"domain": {"X1": [-26111, -21504], "X2": [-14287, -14250]}, "added": 0, "covered": 2267738116, "stop": "Region already covered; no manifest mutation", "nativeCases": null, "mismatches": null}
{"domain": {"X1": [-21503, -20480], "X2": [-14287, -14250]}, "added": 0, "covered": 2267738116, "stop": "Region already covered; no manifest mutation", "nativeCases": null, "mismatches": null}
{"domain": {"X1": [-31743, -26112], "X2": [-14249, -14212]}, "added": 0, "covered": 2267738116, "stop": "Region already covered; no manifest mutation", "nativeCases": null, "mismatches": null}
{"domain": {"X1": [-26111, -21504], "X2": [-14249, -14212]}, "added": 0, "covered": 2267738116, "stop": "Region already covered; no manifest mutation", "nativeCases": null, "mismatches": null}
{"domain": {"X1": [-21503, -20480], "X2": [-14249, -14212]}, "added": 0, "covered": 2267738116, "stop": "Region already covered; no manifest mutation", "nativeCases": null, "mismatches": null}
{"domain": {"X1": [-31743, -26112], "X2": [-14211, -14174]}, "added": 0, "covered": 2267738116, "stop": "Region already covered; no manifest mutation", "nativeCases": null, "mismatches": null}
{"domain": {"X1": [-26111, -21504], "X2": [-14211, -14174]}, "added": 0, "covered": 2267738116, "stop": "Region already covered; no manifest mutation", "nativeCases": null, "mismatches": null}
{"domain": {"X1": [-21503, -20480], "X2": [-14211, -14174]}, "added": 0, "covered": 2267738116, "stop": "Region already covered; no manifest mutation", "nativeCases": null, "mismatches": null}
{"domain": {"X1": [-31743, -26112], "X2": [-14173, -14136]}, "added": 0, "covered": 2267738116, "stop": "Region already covered; no manifest mutation", "nativeCases": null, "mismatches": null}
{"domain": {"X1": [-26111, -21504], "X2": [-14173, -14136]}, "added": 0, "covered": 2267738116, "stop": "Region already covered; no manifest mutation", "nativeCases": null, "mismatches": null}
{"domain": {"X1": [-21503, -20480], "X2": [-14173, -14136]}, "added": 0, "covered": 2267738116, "stop": "Region already covered; no manifest mutation", "nativeCases": null, "mismatches": null}
{"domain": {"X1": [-31743, -26112], "X2": [-14135, -14098]}, "added": 0, "covered": 2267738116, "stop": "Region already covered; no manifest mutation", "nativeCases": null, "mismatches": null}
{"domain": {"X1": [-26111, -21504], "X2": [-14135, -14098]}, "added": 0, "covered": 2267738116, "stop": "Region already covered; no manifest mutation", "nativeCases": null, "mismatches": null}
{"domain": {"X1": [-21503, -20480], "X2": [-14135, -14098]}, "added": 0, "covered": 2267738116, "stop": "Region already covered; no manifest mutation", "nativeCases": null, "mismatches": null}
{"domain": {"X1": [-31743, -26112], "X2": [-14097, -14060]}, "added": 0, "covered": 2267738116, "stop": "Region already covered; no manifest mutation", "nativeCases": null, "mismatches": null}
{"domain": {"X1": [-26111, -21504], "X2": [-14097, -14060]}, "added": 0, "covered": 2267738116, "stop": "Region already covered; no manifest mutation", "nativeCases": null, "mismatches": null}
{"domain": {"X1": [-21503, -20480], "X2": [-14097, -14060]}, "added": 0, "covered": 2267738116, "stop": "Region already covered; no manifest mutation", "nativeCases": null, "mismatches": null}
{"domain": {"X1": [-31743, -26112], "X2": [-14059, -14022]}, "added": 0, "covered": 2267738116, "stop": "Region already covered; no manifest mutation", "nativeCases": null, "mismatches": null}
{"domain": {"X1": [-26111, -21504], "X2": [-14059, -14022]}, "added": 0, "covered": 2267738116, "stop": "Region already covered; no manifest mutation", "nativeCases": null, "mismatches": null}
{"domain": {"X1": [-21503, -20480], "X2": [-14059, -14022]}, "added": 0, "covered": 2267738116, "stop": "Region already covered; no manifest mutation", "nativeCases": null, "mismatches": null}
{"domain": {"X1": [-31743, -26112], "X2": [-14021, -13984]}, "added": 0, "covered": 2267738116, "stop": "Region already covered; no manifest mutation", "nativeCases": null, "mismatches": null}
{"domain": {"X1": [-26111, -21504], "X2": [-14021, -13984]}, "added": 0, "covered": 2267738116, "stop": "Region already covered; no manifest mutation", "nativeCases": null, "mismatches": null}
{"domain": {"X1": [-21503, -20480], "X2": [-14021, -13984]}, "added": 0, "covered": 2267738116, "stop": "Region already covered; no manifest mutation", "nativeCases": null, "mismatches": null}
{"domain": {"X1": [-31743, -26112], "X2": [-13983, -13946]}, "added": 0, "covered": 2267738116, "stop": "Region already covered; no manifest mutation", "nativeCases": null, "mismatches": null}
{"domain": {"X1": [-26111, -21504], "X2": [-13983, -13946]}, "added": 0, "covered": 2267738116, "stop": "Region already covered; no manifest mutation", "nativeCases": null, "mismatches": null}
{"domain": {"X1": [-21503, -20480], "X2": [-13983, -13946]}, "added": 0, "covered": 2267738116, "stop": "Region already covered; no manifest mutation", "nativeCases": null, "mismatches": null}
{"domain": {"X1": [-31743, -26112], "X2": [-13945, -13908]}, "added": 0, "covered": 2267738116, "stop": "Region already covered; no manifest mutation", "nativeCases": null, "mismatches": null}
{"domain": {"X1": [-26111, -21504], "X2": [-13945, -13908]}, "added": 0, "covered": 2267738116, "stop": "Region already covered; no manifest mutation", "nativeCases": null, "mismatches": null}
{"domain": {"X1": [-21503, -20480], "X2": [-13945, -13908]}, "added": 0, "covered": 2267738116, "stop": "Region already covered; no manifest mutation", "nativeCases": null, "mismatches": null}
{"domain": {"X1": [-31743, -26112], "X2": [-13907, -13870]}, "added": 0, "covered": 2267738116, "stop": "Region already covered; no manifest mutation", "nativeCases": null, "mismatches": null}
{"domain": {"X1": [-26111, -21504], "X2": [-13907, -13870]}, "added": 0, "covered": 2267738116, "stop": "Region already covered; no manifest mutation", "nativeCases": null, "mismatches": null}
{"domain": {"X1": [-21503, -20480], "X2": [-13907, -13870]}, "added": 0, "covered": 2267738116, "stop": "Region already covered; no manifest mutation", "nativeCases": null, "mismatches": null}
{"domain": {"X1": [-31743, -26112], "X2": [-13869, -13832]}, "added": 0, "covered": 2267738116, "stop": "Region already covered; no manifest mutation", "nativeCases": null, "mismatches": null}
{"domain": {"X1": [-26111, -21504], "X2": [-13869, -13832]}, "added": 0, "covered": 2267738116, "stop": "Region already covered; no manifest mutation", "nativeCases": null, "mismatches": null}
{"domain": {"X1": [-21503, -20480], "X2": [-13869, -13832]}, "added": 0, "covered": 2267738116, "stop": "Region already covered; no manifest mutation", "nativeCases": null, "mismatches": null}
{"domain": {"X1": [-31743, -21504], "X2": [-13831, -13756]}, "added": 0, "covered": 2267738116, "stop": "Region already covered; no manifest mutation", "nativeCases": null, "mismatches": null}
{"domain": {"X1": [-21503, -20480], "X2": [-13831, -13756]}, "added": 0, "covered": 2267738116, "stop": "Region already covered; no manifest mutation", "nativeCases": null, "mismatches": null}
{"domain": {"X1": [-31743, -21504], "X2": [-13755, -13680]}, "added": 0, "covered": 2267738116, "stop": "Region already covered; no manifest mutation", "nativeCases": null, "mismatches": null}
{"domain": {"X1": [-21503, -20480], "X2": [-13755, -13680]}, "added": 0, "covered": 2267738116, "stop": "Region already covered; no manifest mutation", "nativeCases": null, "mismatches": null}
{"domain": {"X1": [-31743, -21504], "X2": [-13679, -13376]}, "added": 0, "covered": 2267738116, "stop": "Region already covered; no manifest mutation", "nativeCases": null, "mismatches": null}
{"domain": {"X1": [-21503, -20480], "X2": [-13679, -13376]}, "added": 0, "covered": 2267738116, "stop": "Region already covered; no manifest mutation", "nativeCases": null, "mismatches": null}
{"domain": {"X1": [-31743, -21504], "X2": [-13375, -12160]}, "added": 0, "covered": 2267738116, "stop": "Region already covered; no manifest mutation", "nativeCases": null, "mismatches": null}
{"domain": {"X1": [-21503, -20480], "X2": [-13375, -12160]}, "added": 0, "covered": 2267738116, "stop": "Region already covered; no manifest mutation", "nativeCases": null, "mismatches": null}
{"domain": {"X1": [-31743, -21504], "X2": [-12159, -11264]}, "added": 0, "covered": 2267738116, "stop": "Region already covered; no manifest mutation", "nativeCases": null, "mismatches": null}
{"domain": {"X1": [-31743, -21504], "X2": [-11263, -9728]}, "added": 0, "covered": 2267738116, "stop": "Region already covered; no manifest mutation", "nativeCases": null, "mismatches": null}
{"domain": {"X1": [-21503, -20480], "X2": [-12159, -9728]}, "added": 0, "covered": 2267738116, "stop": "Region already covered; no manifest mutation", "nativeCases": null, "mismatches": null}
{"domain": {"X1": [-31743, -20480], "X2": [-9727, -8193]}, "added": 0, "covered": 2267738116, "stop": "Region already covered; no manifest mutation", "nativeCases": null, "mismatches": null}
{"domain": {"X1": [-31743, -20480], "X2": [-8192, 0]}, "added": 0, "covered": 2267738116, "stop": "Region already covered; no manifest mutation", "nativeCases": null, "mismatches": null}
{"domain": {"X1": [-31743, -20480], "X2": [1, 8192]}, "added": 0, "covered": 2267738116, "stop": "Region already covered; no manifest mutation", "nativeCases": null, "mismatches": null}
{"domain": {"X1": [-31743, -21504], "X2": [8193, 11263]}, "added": 0, "covered": 2267738116, "stop": "Region already covered; no manifest mutation", "nativeCases": null, "mismatches": null}
{"domain": {"X1": [-31743, -21504], "X2": [11264, 15360]}, "added": 0, "covered": 2267738116, "stop": "Region already covered; no manifest mutation", "nativeCases": null, "mismatches": null}
{"domain": {"X1": [-31743, -21504], "X2": [15361, 16383]}, "added": 0, "covered": 2267738116, "stop": "Region already covered; no manifest mutation", "nativeCases": null, "mismatches": null}
{"domain": {"X1": [-31743, -21504], "X2": [16384, 17407]}, "added": 0, "covered": 2267738116, "stop": "Region already covered; no manifest mutation", "nativeCases": null, "mismatches": null}
{"domain": {"X1": [-21503, -20480], "X2": [8193, 16383]}, "added": 0, "covered": 2267738116, "stop": "Region already covered; no manifest mutation", "nativeCases": null, "mismatches": null}
{"domain": {"X1": [-21503, -20480], "X2": [16384, 17407]}, "added": 0, "covered": 2267738116, "stop": "Region already covered; no manifest mutation", "nativeCases": null, "mismatches": null}
{"domain": {"X1": [-31743, -20480], "X2": [17408, 19455]}, "added": 0, "covered": 2267738116, "stop": "Region already covered; no manifest mutation", "nativeCases": null, "mismatches": null}
{"domain": {"X1": [-31743, -20480], "X2": [19456, 31743]}, "added": 0, "covered": 2267738116, "stop": "Region already covered; no manifest mutation", "nativeCases": null, "mismatches": null}
{"domain": {"X1": [-20479, -18432], "X2": [-31743, -19456]}, "added": 0, "covered": 2267738116, "stop": "Region already covered; no manifest mutation", "nativeCases": null, "mismatches": null}
{"domain": {"X1": [-18431, -17408], "X2": [-31743, -19456]}, "added": 0, "covered": 2267738116, "stop": "Region already covered; no manifest mutation", "nativeCases": null, "mismatches": null}
{"domain": {"X1": [-17407, -16384], "X2": [-31743, -19456]}, "added": 0, "covered": 2267738116, "stop": "Region already covered; no manifest mutation", "nativeCases": null, "mismatches": null}
{"domain": {"X1": [-16383, -12289], "X2": [-31743, -19456]}, "added": 0, "covered": 2267738116, "stop": "Region already covered; no manifest mutation", "nativeCases": null, "mismatches": null}
{"domain": {"X1": [-12288, -8193], "X2": [-31743, -24576]}, "added": 0, "covered": 2267738116, "stop": "Region already covered; no manifest mutation", "nativeCases": null, "mismatches": null}
{"domain": {"X1": [-12288, -11777], "X2": [-24575, -19456]}, "added": 0, "covered": 2267738116, "stop": "Region already covered; no manifest mutation", "nativeCases": null, "mismatches": null}
{"domain": {"X1": [-11776, -11521], "X2": [-24575, -19456]}, "added": 0, "covered": 2267738116, "stop": "Region already covered; no manifest mutation", "nativeCases": null, "mismatches": null}
{"domain": {"X1": [-11520, -11393], "X2": [-24575, -19456]}, "added": 0, "covered": 2267738116, "stop": "Region already covered; no manifest mutation", "nativeCases": null, "mismatches": null}
{"domain": {"X1": [-11392, -11329], "X2": [-24575, -19456]}, "added": 0, "covered": 2267738116, "stop": "Region already covered; no manifest mutation", "nativeCases": null, "mismatches": null}
{"domain": {"X1": [-11328, -11265], "X2": [-24575, -22016]}, "added": 0, "covered": 2267738116, "stop": "Region already covered; no manifest mutation", "nativeCases": null, "mismatches": null}
{"domain": {"X1": [-11328, -11265], "X2": [-22015, -21696]}, "added": 0, "covered": 2267738116, "stop": "Region already covered; no manifest mutation", "nativeCases": null, "mismatches": null}
{"domain": {"X1": [-11328, -11265], "X2": [-21695, -21376]}, "added": 0, "covered": 2267738116, "stop": "Region already covered; no manifest mutation", "nativeCases": null, "mismatches": null}
{"domain": {"X1": [-11328, -11265], "X2": [-21375, -21056]}, "added": 0, "covered": 2267738116, "stop": "Region already covered; no manifest mutation", "nativeCases": null, "mismatches": null}
{"domain": {"X1": [-11328, -11265], "X2": [-21055, -20736]}, "added": 0, "covered": 2267738116, "stop": "Region already covered; no manifest mutation", "nativeCases": null, "mismatches": null}
{"domain": {"X1": [-11328, -11265], "X2": [-20735, -20416]}, "added": 0, "covered": 2267738116, "stop": "Region already covered; no manifest mutation", "nativeCases": null, "mismatches": null}
{"domain": {"X1": [-11328, -11265], "X2": [-20415, -20096]}, "added": 0, "covered": 2267738116, "stop": "Region already covered; no manifest mutation", "nativeCases": null, "mismatches": null}
{"domain": {"X1": [-11328, -11265], "X2": [-20095, -19776]}, "added": 0, "covered": 2267738116, "stop": "Region already covered; no manifest mutation", "nativeCases": null, "mismatches": null}
{"domain": {"X1": [-11328, -11265], "X2": [-19775, -19456]}, "added": 0, "covered": 2267738116, "stop": "Region already covered; no manifest mutation", "nativeCases": null, "mismatches": null}
{"domain": {"X1": [-11264, -11201], "X2": [-24575, -22016]}, "added": 0, "covered": 2267738116, "stop": "Region already covered; no manifest mutation", "nativeCases": null, "mismatches": null}
{"domain": {"X1": [-11264, -11201], "X2": [-22015, -20736]}, "added": 0, "covered": 2267738116, "stop": "Region already covered; no manifest mutation", "nativeCases": null, "mismatches": null}
{"domain": {"X1": [-11264, -11201], "X2": [-20735, -20096]}, "added": 0, "covered": 2267738116, "stop": "Region already covered; no manifest mutation", "nativeCases": null, "mismatches": null}
{"domain": {"X1": [-11264, -11201], "X2": [-20095, -19456]}, "added": 0, "covered": 2267738116, "stop": "Region already covered; no manifest mutation", "nativeCases": null, "mismatches": null}
{"domain": {"X1": [-11200, -11137], "X2": [-24575, -22016]}, "added": 0, "covered": 2267738116, "stop": "Region already covered; no manifest mutation", "nativeCases": null, "mismatches": null}
{"domain": {"X1": [-11200, -11137], "X2": [-22015, -20736]}, "added": 0, "covered": 2267738116, "stop": "Region already covered; no manifest mutation", "nativeCases": null, "mismatches": null}
{"domain": {"X1": [-11200, -11137], "X2": [-20735, -20096]}, "added": 0, "covered": 2267738116, "stop": "Region already covered; no manifest mutation", "nativeCases": null, "mismatches": null}
{"domain": {"X1": [-11200, -11137], "X2": [-20095, -19456]}, "added": 0, "covered": 2267738116, "stop": "Region already covered; no manifest mutation", "nativeCases": null, "mismatches": null}
{"domain": {"X1": [-11136, -11073], "X2": [-24575, -22016]}, "added": 0, "covered": 2267738116, "stop": "Region already covered; no manifest mutation", "nativeCases": null, "mismatches": null}
{"domain": {"X1": [-11136, -11073], "X2": [-22015, -20736]}, "added": 0, "covered": 2267738116, "stop": "Region already covered; no manifest mutation", "nativeCases": null, "mismatches": null}
{"domain": {"X1": [-11136, -11073], "X2": [-20735, -20096]}, "added": 0, "covered": 2267738116, "stop": "Region already covered; no manifest mutation", "nativeCases": null, "mismatches": null}
{"domain": {"X1": [-11136, -11073], "X2": [-20095, -19456]}, "added": 0, "covered": 2267738116, "stop": "Region already covered; no manifest mutation", "nativeCases": null, "mismatches": null}
{"domain": {"X1": [-11072, -11009], "X2": [-24575, -22016]}, "added": 0, "covered": 2267738116, "stop": "Region already covered; no manifest mutation", "nativeCases": null, "mismatches": null}
{"domain": {"X1": [-11072, -11009], "X2": [-22015, -20736]}, "added": 0, "covered": 2267738116, "stop": "Region already covered; no manifest mutation", "nativeCases": null, "mismatches": null}
{"domain": {"X1": [-11072, -11009], "X2": [-20735, -20096]}, "added": 0, "covered": 2267738116, "stop": "Region already covered; no manifest mutation", "nativeCases": null, "mismatches": null}
{"domain": {"X1": [-11072, -11009], "X2": [-20095, -19456]}, "added": 0, "covered": 2267738116, "stop": "Region already covered; no manifest mutation", "nativeCases": null, "mismatches": null}
{"domain": {"X1": [-11008, -10945], "X2": [-24575, -22016]}, "added": 0, "covered": 2267738116, "stop": "Region already covered; no manifest mutation", "nativeCases": null, "mismatches": null}
{"domain": {"X1": [-11008, -10945], "X2": [-22015, -20736]}, "added": 0, "covered": 2267738116, "stop": "Region already covered; no manifest mutation", "nativeCases": null, "mismatches": null}
{"domain": {"X1": [-11008, -10945], "X2": [-20735, -20096]}, "added": 0, "covered": 2267738116, "stop": "Region already covered; no manifest mutation", "nativeCases": null, "mismatches": null}
{"domain": {"X1": [-11008, -10945], "X2": [-20095, -19456]}, "added": 0, "covered": 2267738116, "stop": "Region already covered; no manifest mutation", "nativeCases": null, "mismatches": null}
{"domain": {"X1": [-10944, -10881], "X2": [-24575, -22016]}, "added": 0, "covered": 2267738116, "stop": "Region already covered; no manifest mutation", "nativeCases": null, "mismatches": null}
{"domain": {"X1": [-10944, -10881], "X2": [-22015, -20736]}, "added": 0, "covered": 2267738116, "stop": "Region already covered; no manifest mutation", "nativeCases": null, "mismatches": null}
{"domain": {"X1": [-10880, -10817], "X2": [-22528, -21504]}, "added": 0, "covered": 2267738116, "stop": "Region already covered; no manifest mutation", "nativeCases": null, "mismatches": null}
{"domain": {"X1": [-10816, -10753], "X2": [-22528, -21504]}, "added": 0, "covered": 2267738116, "stop": "Region already covered; no manifest mutation", "nativeCases": null, "mismatches": null}
{"domain": {"X1": [-10752, -10625], "X2": [-22528, -21504]}, "added": 0, "covered": 2267738116, "stop": "Region already covered; no manifest mutation", "nativeCases": null, "mismatches": null}
{"domain": {"X1": [-10624, -10497], "X2": [-22528, -21504]}, "added": 0, "covered": 2267738116, "stop": "Region already covered; no manifest mutation", "nativeCases": null, "mismatches": null}
{"domain": {"X1": [-10496, -10241], "X2": [-22528, -21504]}, "added": 0, "covered": 2267738116, "stop": "Region already covered; no manifest mutation", "nativeCases": null, "mismatches": null}
{"domain": {"X1": [-10240, -10240], "X2": [-22528, -21504]}, "added": 0, "covered": 2267738116, "stop": "Region already covered; no manifest mutation", "nativeCases": null, "mismatches": null}
{"domain": {"X1": [-8192, 8192], "X2": [-31743, -24576]}, "added": 0, "covered": 2267738116, "stop": "Region already covered; no manifest mutation", "nativeCases": null, "mismatches": null}
{"domain": {"X1": [-8192, 8192], "X2": [-24575, -20480]}, "added": 0, "covered": 2267738116, "stop": "Region already covered; no manifest mutation", "nativeCases": null, "mismatches": null}
{"domain": {"X1": [-8192, 8192], "X2": [-20479, -19456]}, "added": 0, "covered": 2267738116, "stop": "Region already covered; no manifest mutation", "nativeCases": null, "mismatches": null}
{"domain": {"X1": [8193, 10239], "X2": [-31743, -24576]}, "added": 0, "covered": 2267738116, "stop": "Region already covered; no manifest mutation", "nativeCases": null, "mismatches": null}
{"domain": {"X1": [10240, 12288], "X2": [-31743, -24576]}, "added": 0, "covered": 2267738116, "stop": "Region already covered; no manifest mutation", "nativeCases": null, "mismatches": null}
{"domain": {"X1": [10240, 12288], "X2": [-24575, -21504]}, "added": 0, "covered": 2267738116, "stop": "Region already covered; no manifest mutation", "nativeCases": null, "mismatches": null}
{"domain": {"X1": [12289, 15360], "X2": [-31743, -21504]}, "added": 0, "covered": 2267738116, "stop": "Region already covered; no manifest mutation", "nativeCases": null, "mismatches": null}
{"domain": {"X1": [17408, 18431], "X2": [-31743, -19456]}, "added": 0, "covered": 2267738116, "stop": "Region already covered; no manifest mutation", "nativeCases": null, "mismatches": null}
{"domain": {"X1": [18432, 20479], "X2": [-31743, -19456]}, "added": 0, "covered": 2267738116, "stop": "Region already covered; no manifest mutation", "nativeCases": null, "mismatches": null}
{"domain": {"X1": [-20479, -18432], "X2": [-19455, -17408]}, "added": 0, "covered": 2267738116, "stop": "Region already covered; no manifest mutation", "nativeCases": null, "mismatches": null}
{"domain": {"X1": [-20479, -18432], "X2": [-17407, -16384]}, "added": 0, "covered": 2267738116, "stop": "Region already covered; no manifest mutation", "nativeCases": null, "mismatches": null}
{"domain": {"X1": [-20479, -18432], "X2": [16384, 17407]}, "added": 0, "covered": 2267738116, "stop": "Region already covered; no manifest mutation", "nativeCases": null, "mismatches": null}
{"domain": {"X1": [-20479, -18432], "X2": [17408, 19455]}, "added": 0, "covered": 2267738116, "stop": "Region already covered; no manifest mutation", "nativeCases": null, "mismatches": null}
{"domain": {"X1": [-18431, -17408], "X2": [-19455, -16384]}, "added": 0, "covered": 2267738116, "stop": "Region already covered; no manifest mutation", "nativeCases": null, "mismatches": null}
{"domain": {"X1": [-18431, -17408], "X2": [16384, 19455]}, "added": 0, "covered": 2267738116, "stop": "Region already covered; no manifest mutation", "nativeCases": null, "mismatches": null}
{"domain": {"X1": [17408, 18431], "X2": [-19455, -16384]}, "added": 0, "covered": 2267738116, "stop": "Region already covered; no manifest mutation", "nativeCases": null, "mismatches": null}
{"domain": {"X1": [17408, 18431], "X2": [16384, 19455]}, "added": 0, "covered": 2267738116, "stop": "Region already covered; no manifest mutation", "nativeCases": null, "mismatches": null}
{"domain": {"X1": [18432, 20479], "X2": [-19455, -17408]}, "added": 0, "covered": 2267738116, "stop": "Region already covered; no manifest mutation", "nativeCases": null, "mismatches": null}
{"domain": {"X1": [18432, 20479], "X2": [-17407, -16384]}, "added": 0, "covered": 2267738116, "stop": "Region already covered; no manifest mutation", "nativeCases": null, "mismatches": null}
{"domain": {"X1": [18432, 20479], "X2": [16384, 17407]}, "added": 0, "covered": 2267738116, "stop": "Region already covered; no manifest mutation", "nativeCases": null, "mismatches": null}
{"domain": {"X1": [18432, 20479], "X2": [17408, 19455]}, "added": 0, "covered": 2267738116, "stop": "Region already covered; no manifest mutation", "nativeCases": null, "mismatches": null}
{"domain": {"X1": [-20479, -18432], "X2": [19456, 31743]}, "added": 0, "covered": 2267738116, "stop": "Region already covered; no manifest mutation", "nativeCases": null, "mismatches": null}
{"domain": {"X1": [-18431, -17408], "X2": [19456, 31743]}, "added": 0, "covered": 2267738116, "stop": "Region already covered; no manifest mutation", "nativeCases": null, "mismatches": null}
{"domain": {"X1": [-15360, -10240], "X2": [21504, 31743]}, "added": 0, "covered": 2267738116, "stop": "Region already covered; no manifest mutation", "nativeCases": null, "mismatches": null}
{"domain": {"X1": [-8192, 8192], "X2": [20480, 31743]}, "added": 0, "covered": 2267738116, "stop": "Region already covered; no manifest mutation", "nativeCases": null, "mismatches": null}
{"domain": {"X1": [10240, 11264], "X2": [21504, 22528]}, "added": 0, "covered": 2267738116, "stop": "Region already covered; no manifest mutation", "nativeCases": null, "mismatches": null}
{"domain": {"X1": [11265, 12288], "X2": [21504, 22528]}, "added": 0, "covered": 2267738116, "stop": "Region already covered; no manifest mutation", "nativeCases": null, "mismatches": null}
{"domain": {"X1": [17408, 18431], "X2": [19456, 31743]}, "added": 0, "covered": 2267738116, "stop": "Region already covered; no manifest mutation", "nativeCases": null, "mismatches": null}
{"domain": {"X1": [18432, 20479], "X2": [19456, 31743]}, "added": 0, "covered": 2267738116, "stop": "Region already covered; no manifest mutation", "nativeCases": null, "mismatches": null}
{"domain": {"X1": [20480, 31743], "X2": [-31743, -19456]}, "added": 0, "covered": 2267738116, "stop": "Region already covered; no manifest mutation", "nativeCases": null, "mismatches": null}
{"domain": {"X1": [20480, 31743], "X2": [-19455, -17408]}, "added": 0, "covered": 2267738116, "stop": "Region already covered; no manifest mutation", "nativeCases": null, "mismatches": null}
{"domain": {"X1": [20480, 21503], "X2": [-17407, -16384]}, "added": 0, "covered": 2267738116, "stop": "Region already covered; no manifest mutation", "nativeCases": null, "mismatches": null}
{"domain": {"X1": [21504, 31743], "X2": [-17407, -16384]}, "added": 0, "covered": 2267738116, "stop": "Region already covered; no manifest mutation", "nativeCases": null, "mismatches": null}
{"domain": {"X1": [21504, 31743], "X2": [-15360, -11264]}, "added": 0, "covered": 2267738116, "stop": "Region already covered; no manifest mutation", "nativeCases": null, "mismatches": null}
{"domain": {"X1": [20480, 31743], "X2": [-8192, 8192]}, "added": 0, "covered": 2267738116, "stop": "Region already covered; no manifest mutation", "nativeCases": null, "mismatches": null}
{"domain": {"X1": [20480, 21503], "X2": [16384, 17407]}, "added": 0, "covered": 2267738116, "stop": "Region already covered; no manifest mutation", "nativeCases": null, "mismatches": null}
{"domain": {"X1": [21504, 31743], "X2": [11264, 15360]}, "added": 0, "covered": 2267738116, "stop": "Region already covered; no manifest mutation", "nativeCases": null, "mismatches": null}
{"domain": {"X1": [21504, 31743], "X2": [16384, 17407]}, "added": 0, "covered": 2267738116, "stop": "Region already covered; no manifest mutation", "nativeCases": null, "mismatches": null}
{"domain": {"X1": [20480, 31743], "X2": [17408, 19455]}, "added": 0, "covered": 2267738116, "stop": "Region already covered; no manifest mutation", "nativeCases": null, "mismatches": null}
{"domain": {"X1": [20480, 31743], "X2": [19456, 31743]}, "added": 0, "covered": 2267738116, "stop": "Region already covered; no manifest mutation", "nativeCases": null, "mismatches": null}
