TAP version 13
# Subtest: normalized root and composed inverse JSON exhaust both F32 exponent parities against native IEEE boundaries
ok 1 - normalized root and composed inverse JSON exhaust both F32 exponent parities against native IEEE boundaries
  ---
  duration_ms: 866.794023
  type: 'test'
  ...
# Subtest: rational root JSON preserves exact widening across normal exponent boundaries and all positive finite half values
ok 2 - rational root JSON preserves exact widening across normal exponent boundaries and all positive finite half values
  ---
  duration_ms: 6192.848331
  type: 'test'
  ...
# Subtest: composed inverse preserves the root rounding boundary instead of silently becoming reciprocal sqrt
ok 3 - composed inverse preserves the root rounding boundary instead of silently becoming reciprocal sqrt
  ---
  duration_ms: 0.512331
  type: 'test'
  ...
1..3
# tests 3
# suites 0
# pass 3
# fail 0
# cancelled 0
# skipped 0
# todo 0
# duration_ms 7161.785205
