✔ Signed normal-binade conversions contain one source occurrence and preserve native IEEE boundaries (4840.778667ms)
✔ Certified constant projections avoid dead producers and preserve signed Half outcomes (1942.564584ms)
✔ Tight Half update bounds preserve ordered F32 reductions and eliminate dependencies with proof (4868.064041ms)
✔ Memory-admitted parallel regions preserve full geometry, ordered numerical bodies and native parity (27948.106666ms)
✔ Fresh broad-region covers refine only pending intersections and preserve exact source compatibility (4651.123666ms)
✔ Native parity corpus covers mixed signed zeros without exponential growth in high dimensions (2765.791667ms)
✔ Correlated RMS bounds eliminate proved constant components before expanding mean and inverse (2596.20675ms)
✔ Scoped exact algebra factors closed producers while preserving native payloads and IEEE barriers (11967.627917ms)
✔ Finite F32 cells and compile-time constants preserve native boundaries and signed zeros (1649.869417ms)
✔ Proved unsigned masks remove redundant operations without changing overflow or numeric contexts (592.517292ms)
✔ Stabilized branches share decisions, preserve lazy guards and emit flat input-only expressions (2932.964667ms)
✔ Compiler-only literal sharing uses expanded costs and emits bit-exact input-only expressions (9178.393208ms)
✔ SymPy factors typed word polynomials modulo 2^64 without reassociating floating operations (727.375958ms)
✔ Parallel SymPy blocks preserve ordered F32 folds, branch contexts and memory admission (4343.399417ms)
✔ Equivalent scan backend preserves Unicode regex results and byte-identical saved compiler states (2334.474208ms)
✔ SymPy savepoints preserve completed rounding frontiers and reject incompatible or corrupt state (2148.601834ms)
✔ SymPy string substitution factors and simplifies each step with isolated IEEE branch proofs (620.243583ms)
✔ SymPy checkpoint working string is re-read and matches a freshly captured coordinate reference (5920.035667ms)
✔ SymPy elementary conversion strings preserve native IEEE cells and composed boundaries (14527.28475ms)
✔ Bounded SiLU arithmetic lowering matches every certified Half scalar and vector input (4037.930167ms)
✔ Positive F32 square-root word lowering preserves all mantissas, parities and subnormals (2015.118ms)
✔ IEEE sign projections preserve signed zero and reduce completed down-conversion strings (9980.505292ms)
✔ Half interval precision removes redundant F32 rounding with native emitted-expression parity (1624.887625ms)
✔ Disjoint input partitions preserve complete Half coverage and emitted coordinate parity within each certified region (19149.690167ms)
✔ Proved signed-zero updates preserve formats, branch isolation and native payloads (1349.61975ms)
✔ Constant IEEE cells eliminate whole producers and propagate compound branch contexts (1223.416417ms)
✔ Identical emitted coordinate bodies coalesce without losing coverage, signed zeros or lazy guards (1419.488042ms)
✔ Budgeted coordinate continuation persists actual producers and rejects incompatible saved dimensions (15208.109292ms)
✔ Coupled projection exclusions preserve rounded reductions across every central Half pair (1383.070042ms)
✔ Cross-normalization path exclusions include every original rounding and reject foreign contexts (3518.553ms)
✔ Directed attention bounds retain both projection roundings and prove residual cells for every mixed Half pair (3322.970375ms)
✔ RMS subnormal branch proofs retain shared means and original Half storage cells (3052.313417ms)
✔ Source changes retain only audited partition geometry and recompile numerical evidence (756.797333ms)
✔ Branch-local projection cells propagate constants in original dependency order without replacing residual sums (1717.461042ms)
ℹ tests 34
ℹ suites 0
ℹ pass 34
ℹ fail 0
ℹ cancelled 0
ℹ skipped 0
ℹ todo 0
ℹ duration_ms 177037.917542
