Reading package lists...
Building dependency tree...
Reading state information...
The following additional packages will be installed:
  clang-18 lib32gcc-s1 lib32stdc++6 libc6-i386 libclang-common-18-dev
  libclang-cpp18 libclang-rt-18-dev libclang1-18 libgc1 libllvm18
  libobjc-13-dev libobjc4 libpfm4 libz3-4 libz3-dev llvm-18 llvm-18-dev
  llvm-18-linker-tools llvm-18-runtime llvm-18-tools python3-pygments
  python3-yaml
Suggested packages:
  clang-18-doc wasi-libc llvm-18-doc python-pygments-doc ttf-bitstream-vera
The following NEW packages will be installed:
  clang clang-18 lib32gcc-s1 lib32stdc++6 libc6-i386 libclang-common-18-dev
  libclang-cpp18 libclang-rt-18-dev libclang1-18 libgc1 libllvm18
  libobjc-13-dev libobjc4 libpfm4 libz3-4 libz3-dev llvm-18 llvm-18-dev
  llvm-18-linker-tools llvm-18-runtime llvm-18-tools python3-pygments
  python3-yaml
0 upgraded, 23 newly installed, 0 to remove and 47 not upgraded.
Need to get 137 MB of archives.
After this operation, 789 MB of additional disk space will be used.
Get:1 http://archive.ubuntu.com/ubuntu noble/main amd64 python3-pygments all 2.17.2+dfsg-1 [819 kB]
Get:2 http://archive.ubuntu.com/ubuntu noble/main amd64 python3-yaml amd64 6.0.1-2build2 [123 kB]
Get:3 http://archive.ubuntu.com/ubuntu noble-updates/main amd64 libllvm18 amd64 1:18.1.3-1ubuntu1 [27.5 MB]
Get:4 http://archive.ubuntu.com/ubuntu noble-updates/main amd64 libclang-cpp18 amd64 1:18.1.3-1ubuntu1 [13.5 MB]
Get:5 http://archive.ubuntu.com/ubuntu noble/main amd64 libgc1 amd64 1:8.2.6-1build1 [90.3 kB]
Get:6 http://archive.ubuntu.com/ubuntu noble-updates/universe amd64 libobjc4 amd64 14.2.0-4ubuntu2~24.04.1 [47.1 kB]
Get:7 http://archive.ubuntu.com/ubuntu noble-updates/universe amd64 libobjc-13-dev amd64 13.3.0-6ubuntu2~24.04.1 [194 kB]
Get:8 http://archive.ubuntu.com/ubuntu noble-updates/universe amd64 libclang-common-18-dev amd64 1:18.1.3-1ubuntu1 [736 kB]
Get:9 http://archive.ubuntu.com/ubuntu noble-updates/universe amd64 llvm-18-linker-tools amd64 1:18.1.3-1ubuntu1 [1,314 kB]
Get:10 http://archive.ubuntu.com/ubuntu noble-updates/main amd64 libclang1-18 amd64 1:18.1.3-1ubuntu1 [7,803 kB]
Get:11 http://archive.ubuntu.com/ubuntu noble-updates/universe amd64 clang-18 amd64 1:18.1.3-1ubuntu1 [80.0 kB]
Get:12 http://archive.ubuntu.com/ubuntu noble/universe amd64 clang amd64 1:18.0-59~exp2 [5,846 B]
Get:13 http://archive.ubuntu.com/ubuntu noble-updates/main amd64 libc6-i386 amd64 2.39-0ubuntu8.9 [2,787 kB]
Get:14 http://archive.ubuntu.com/ubuntu noble-updates/main amd64 lib32gcc-s1 amd64 14.2.0-4ubuntu2~24.04.1 [92.3 kB]
Get:15 http://archive.ubuntu.com/ubuntu noble-updates/main amd64 lib32stdc++6 amd64 14.2.0-4ubuntu2~24.04.1 [814 kB]
Get:16 http://archive.ubuntu.com/ubuntu noble-updates/universe amd64 libclang-rt-18-dev amd64 1:18.1.3-1ubuntu1 [3,772 kB]
Get:17 http://archive.ubuntu.com/ubuntu noble-updates/universe amd64 llvm-18-runtime amd64 1:18.1.3-1ubuntu1 [538 kB]
Get:18 http://archive.ubuntu.com/ubuntu noble-updates/universe amd64 libpfm4 amd64 4.13.0+git32-g0d4ed0e-1ubuntu0.1 [408 kB]
Get:19 http://archive.ubuntu.com/ubuntu noble-updates/universe amd64 llvm-18 amd64 1:18.1.3-1ubuntu1 [25.3 MB]
Get:20 http://archive.ubuntu.com/ubuntu noble-updates/universe amd64 llvm-18-tools amd64 1:18.1.3-1ubuntu1 [534 kB]
Get:21 http://archive.ubuntu.com/ubuntu noble/universe amd64 libz3-4 amd64 4.8.12-3.1build1 [5,836 kB]
Get:22 http://archive.ubuntu.com/ubuntu noble/universe amd64 libz3-dev amd64 4.8.12-3.1build1 [72.2 kB]
Get:23 http://archive.ubuntu.com/ubuntu noble-updates/universe amd64 llvm-18-dev amd64 1:18.1.3-1ubuntu1 [45.1 MB]
Fetched 137 MB in 10s (14.2 MB/s)
Selecting previously unselected package python3-pygments.
(Reading database ...
(Reading database ... 5%
(Reading database ... 10%
(Reading database ... 15%
(Reading database ... 20%
(Reading database ... 25%
(Reading database ... 30%
(Reading database ... 35%
(Reading database ... 40%
(Reading database ... 45%
(Reading database ... 50%
(Reading database ... 55%
(Reading database ... 60%
(Reading database ... 65%
(Reading database ... 70%
(Reading database ... 75%
(Reading database ... 80%
(Reading database ... 85%
(Reading database ... 90%
(Reading database ... 95%
(Reading database ... 100%
(Reading database ... 127332 files and directories currently installed.)
Preparing to unpack .../00-python3-pygments_2.17.2+dfsg-1_all.deb ...
Unpacking python3-pygments (2.17.2+dfsg-1) ...
Selecting previously unselected package python3-yaml.
Preparing to unpack .../01-python3-yaml_6.0.1-2build2_amd64.deb ...
Unpacking python3-yaml (6.0.1-2build2) ...
Selecting previously unselected package libllvm18:amd64.
Preparing to unpack .../02-libllvm18_1%3a18.1.3-1ubuntu1_amd64.deb ...
Unpacking libllvm18:amd64 (1:18.1.3-1ubuntu1) ...
Selecting previously unselected package libclang-cpp18.
Preparing to unpack .../03-libclang-cpp18_1%3a18.1.3-1ubuntu1_amd64.deb ...
Unpacking libclang-cpp18 (1:18.1.3-1ubuntu1) ...
Selecting previously unselected package libgc1:amd64.
Preparing to unpack .../04-libgc1_1%3a8.2.6-1build1_amd64.deb ...
Unpacking libgc1:amd64 (1:8.2.6-1build1) ...
Selecting previously unselected package libobjc4:amd64.
Preparing to unpack .../05-libobjc4_14.2.0-4ubuntu2~24.04.1_amd64.deb ...
Unpacking libobjc4:amd64 (14.2.0-4ubuntu2~24.04.1) ...
Selecting previously unselected package libobjc-13-dev:amd64.
Preparing to unpack .../06-libobjc-13-dev_13.3.0-6ubuntu2~24.04.1_amd64.deb ...
Unpacking libobjc-13-dev:amd64 (13.3.0-6ubuntu2~24.04.1) ...
Selecting previously unselected package libclang-common-18-dev:amd64.
Preparing to unpack .../07-libclang-common-18-dev_1%3a18.1.3-1ubuntu1_amd64.deb ...
Unpacking libclang-common-18-dev:amd64 (1:18.1.3-1ubuntu1) ...
Selecting previously unselected package llvm-18-linker-tools.
Preparing to unpack .../08-llvm-18-linker-tools_1%3a18.1.3-1ubuntu1_amd64.deb ...
Unpacking llvm-18-linker-tools (1:18.1.3-1ubuntu1) ...
Selecting previously unselected package libclang1-18.
Preparing to unpack .../09-libclang1-18_1%3a18.1.3-1ubuntu1_amd64.deb ...
Unpacking libclang1-18 (1:18.1.3-1ubuntu1) ...
Selecting previously unselected package clang-18.
Preparing to unpack .../10-clang-18_1%3a18.1.3-1ubuntu1_amd64.deb ...
Unpacking clang-18 (1:18.1.3-1ubuntu1) ...
Selecting previously unselected package clang.
Preparing to unpack .../11-clang_1%3a18.0-59~exp2_amd64.deb ...
Unpacking clang (1:18.0-59~exp2) ...
Selecting previously unselected package libc6-i386.
Preparing to unpack .../12-libc6-i386_2.39-0ubuntu8.9_amd64.deb ...
Unpacking libc6-i386 (2.39-0ubuntu8.9) ...
Selecting previously unselected package lib32gcc-s1.
Preparing to unpack .../13-lib32gcc-s1_14.2.0-4ubuntu2~24.04.1_amd64.deb ...
Unpacking lib32gcc-s1 (14.2.0-4ubuntu2~24.04.1) ...
Selecting previously unselected package lib32stdc++6.
Preparing to unpack .../14-lib32stdc++6_14.2.0-4ubuntu2~24.04.1_amd64.deb ...
Unpacking lib32stdc++6 (14.2.0-4ubuntu2~24.04.1) ...
Selecting previously unselected package libclang-rt-18-dev:amd64.
Preparing to unpack .../15-libclang-rt-18-dev_1%3a18.1.3-1ubuntu1_amd64.deb ...
Unpacking libclang-rt-18-dev:amd64 (1:18.1.3-1ubuntu1) ...
Selecting previously unselected package llvm-18-runtime.
Preparing to unpack .../16-llvm-18-runtime_1%3a18.1.3-1ubuntu1_amd64.deb ...
Unpacking llvm-18-runtime (1:18.1.3-1ubuntu1) ...
Selecting previously unselected package libpfm4:amd64.
Preparing to unpack .../17-libpfm4_4.13.0+git32-g0d4ed0e-1ubuntu0.1_amd64.deb ...
Unpacking libpfm4:amd64 (4.13.0+git32-g0d4ed0e-1ubuntu0.1) ...
Selecting previously unselected package llvm-18.
Preparing to unpack .../18-llvm-18_1%3a18.1.3-1ubuntu1_amd64.deb ...
Unpacking llvm-18 (1:18.1.3-1ubuntu1) ...
Selecting previously unselected package llvm-18-tools.
Preparing to unpack .../19-llvm-18-tools_1%3a18.1.3-1ubuntu1_amd64.deb ...
Unpacking llvm-18-tools (1:18.1.3-1ubuntu1) ...
Selecting previously unselected package libz3-4:amd64.
Preparing to unpack .../20-libz3-4_4.8.12-3.1build1_amd64.deb ...
Unpacking libz3-4:amd64 (4.8.12-3.1build1) ...
Selecting previously unselected package libz3-dev:amd64.
Preparing to unpack .../21-libz3-dev_4.8.12-3.1build1_amd64.deb ...
Unpacking libz3-dev:amd64 (4.8.12-3.1build1) ...
Selecting previously unselected package llvm-18-dev.
Preparing to unpack .../22-llvm-18-dev_1%3a18.1.3-1ubuntu1_amd64.deb ...
Unpacking llvm-18-dev (1:18.1.3-1ubuntu1) ...
Setting up python3-yaml (6.0.1-2build2) ...
Setting up python3-pygments (2.17.2+dfsg-1) ...
Setting up libz3-4:amd64 (4.8.12-3.1build1) ...
Setting up libpfm4:amd64 (4.13.0+git32-g0d4ed0e-1ubuntu0.1) ...
Setting up libclang-common-18-dev:amd64 (1:18.1.3-1ubuntu1) ...
Setting up libgc1:amd64 (1:8.2.6-1build1) ...
Setting up libc6-i386 (2.39-0ubuntu8.9) ...
Setting up libllvm18:amd64 (1:18.1.3-1ubuntu1) ...
Setting up libclang1-18 (1:18.1.3-1ubuntu1) ...
Setting up libz3-dev:amd64 (4.8.12-3.1build1) ...
Setting up libobjc4:amd64 (14.2.0-4ubuntu2~24.04.1) ...
Setting up llvm-18-tools (1:18.1.3-1ubuntu1) ...
Setting up lib32gcc-s1 (14.2.0-4ubuntu2~24.04.1) ...
Setting up lib32stdc++6 (14.2.0-4ubuntu2~24.04.1) ...
Setting up llvm-18-linker-tools (1:18.1.3-1ubuntu1) ...
Setting up llvm-18-runtime (1:18.1.3-1ubuntu1) ...
Setting up libclang-cpp18 (1:18.1.3-1ubuntu1) ...
Setting up libclang-rt-18-dev:amd64 (1:18.1.3-1ubuntu1) ...
Setting up libobjc-13-dev:amd64 (13.3.0-6ubuntu2~24.04.1) ...
Setting up clang-18 (1:18.1.3-1ubuntu1) ...
Setting up clang (1:18.0-59~exp2) ...
Setting up llvm-18 (1:18.1.3-1ubuntu1) ...
Setting up llvm-18-dev (1:18.1.3-1ubuntu1) ...
Processing triggers for systemd (255.4-1ubuntu8.17) ...
Processing triggers for man-db (2.12.0-4build2) ...
Processing triggers for libc-bin (2.39-0ubuntu8.9) ...
/sbin/ldconfig.real: /usr/local/lib/libhwloc.so.15 is not a symbolic link

/sbin/ldconfig.real: /usr/local/lib/libur_adapter_level_zero.so.0 is not a symbolic link

/sbin/ldconfig.real: /usr/local/lib/libtbbmalloc.so.2 is not a symbolic link

/sbin/ldconfig.real: /usr/local/lib/libur_adapter_level_zero_v2.so.0 is not a symbolic link

/sbin/ldconfig.real: /usr/local/lib/libtbbbind_2_5.so.3 is not a symbolic link

/sbin/ldconfig.real: /usr/local/lib/libur_loader.so.0 is not a symbolic link

/sbin/ldconfig.real: /usr/local/lib/libumf.so.1 is not a symbolic link

/sbin/ldconfig.real: /usr/local/lib/libtcm_debug.so.1 is not a symbolic link

/sbin/ldconfig.real: /usr/local/lib/libtbb.so.12 is not a symbolic link

/sbin/ldconfig.real: /usr/local/lib/libtbbmalloc_proxy.so.2 is not a symbolic link

/sbin/ldconfig.real: /usr/local/lib/libtbbbind.so.3 is not a symbolic link

/sbin/ldconfig.real: /usr/local/lib/libur_adapter_opencl.so.0 is not a symbolic link

/sbin/ldconfig.real: /usr/local/lib/libtcm.so.1 is not a symbolic link

/sbin/ldconfig.real: /usr/local/lib/libtbbbind_2_0.so.3 is not a symbolic link
