✔ Signed normal-binade conversions contain one source occurrence and preserve native IEEE boundaries (2211.286041ms)
✔ Certified constant projections avoid dead producers and preserve signed Half outcomes (1357.75ms)
✔ Tight Half update bounds preserve ordered F32 reductions and eliminate dependencies with proof (3515.903167ms)
✔ Memory-admitted parallel regions preserve full geometry, ordered numerical bodies and native parity (25396.826709ms)
✔ Fresh broad-region covers refine only pending intersections and preserve exact source compatibility (4523.138042ms)
✔ Native parity corpus covers mixed signed zeros without exponential growth in high dimensions (2685.335958ms)
✔ Correlated RMS bounds eliminate proved constant components before expanding mean and inverse (2505.284875ms)
✔ Scoped exact algebra factors closed producers while preserving native payloads and IEEE barriers (11328.586291ms)
✔ Finite F32 cells and compile-time constants preserve native boundaries and signed zeros (1683.449375ms)
✔ Proved unsigned masks remove redundant operations without changing overflow or numeric contexts (583.256708ms)
✔ Stabilized branches share decisions, preserve lazy guards and emit flat input-only expressions (3107.505167ms)
✔ Compiler-only literal sharing uses expanded costs and emits bit-exact input-only expressions (9641.49275ms)
✔ SymPy factors typed word polynomials modulo 2^64 without reassociating floating operations (720.443125ms)
✔ Parallel SymPy blocks preserve ordered F32 folds, branch contexts and memory admission (4192.463583ms)
✔ Equivalent scan backend preserves Unicode regex results and byte-identical saved compiler states (2199.940459ms)
✔ SymPy savepoints preserve completed rounding frontiers and reject incompatible or corrupt state (2144.355083ms)
✔ SymPy string substitution factors and simplifies each step with isolated IEEE branch proofs (592.203792ms)
✔ SymPy checkpoint working string is re-read and matches a freshly captured coordinate reference (5890.360583ms)
✔ SymPy elementary conversion strings preserve native IEEE cells and composed boundaries (15053.861542ms)
✔ Bounded SiLU arithmetic lowering matches every certified Half scalar and vector input (4334.246375ms)
✔ Positive F32 square-root word lowering preserves all mantissas, parities and subnormals (2047.461375ms)
✔ IEEE sign projections preserve signed zero and reduce completed down-conversion strings (10243.438166ms)
✔ Half interval precision removes redundant F32 rounding with native emitted-expression parity (1688.446375ms)
✔ Disjoint input partitions preserve complete Half coverage and emitted coordinate parity within each certified region (18942.848458ms)
✔ Proved signed-zero updates preserve formats, branch isolation and native payloads (1348.986792ms)
✔ Constant IEEE cells eliminate whole producers and propagate compound branch contexts (1574.058667ms)
✔ Identical emitted coordinate bodies coalesce without losing coverage, signed zeros or lazy guards (1431.028ms)
✔ Budgeted coordinate continuation persists actual producers and rejects incompatible saved dimensions (14588.601458ms)
✔ Coupled projection exclusions preserve rounded reductions across every central Half pair (1336.571041ms)
✔ Cross-normalization path exclusions include every original rounding and reject foreign contexts (3568.834916ms)
✔ Directed attention bounds retain both projection roundings and prove residual cells for every mixed Half pair (3427.876875ms)
✔ RMS subnormal branch proofs retain shared means and original Half storage cells (3035.654459ms)
✔ Source changes retain only audited partition geometry and recompile numerical evidence (724.291125ms)
✔ Branch-local projection cells propagate constants in original dependency order without replacing residual sums (1663.010708ms)
ℹ tests 34
ℹ suites 0
ℹ pass 34
ℹ fail 0
ℹ cancelled 0
ℹ skipped 0
ℹ todo 0
ℹ duration_ms 169586.107208
