{"domain": {"X1": [-15360, -10240], "X2": [-31743, -21504]}, "added": 0, "covered": 0, "stop": "Flat artifact budget exceeded; no complete result", "nativeCases": null, "mismatches": null}

Loading weights:   0%|          | 0/12 [00:00<?, ?it/s]
Loading weights: 100%|██████████| 12/12 [00:00<00:00, 17886.16it/s]
{"domain": {"X1": [-31743, -21504], "X2": [-15360, -11264]}, "added": 41953280, "covered": 41953280, "stop": null, "nativeCases": 8196, "mismatches": 0}

Loading weights:   0%|          | 0/12 [00:00<?, ?it/s]
Loading weights: 100%|██████████| 12/12 [00:00<00:00, 29330.80it/s]
{"domain": {"X1": [-15360, -10240], "X2": [21504, 31743]}, "added": 52439040, "covered": 94392320, "stop": null, "nativeCases": 8196, "mismatches": 0}

Loading weights:   0%|          | 0/12 [00:00<?, ?it/s]
Loading weights: 100%|██████████| 12/12 [00:00<00:00, 22857.24it/s]
{"domain": {"X1": [-31743, -21504], "X2": [11264, 15360]}, "added": 41953280, "covered": 136345600, "stop": null, "nativeCases": 8196, "mismatches": 0}

Loading weights:   0%|          | 0/12 [00:00<?, ?it/s]
Loading weights: 100%|██████████| 12/12 [00:00<00:00, 36472.21it/s]
{"domain": {"X1": [10240, 15360], "X2": [-31743, -21504]}, "added": 52439040, "covered": 188784640, "stop": null, "nativeCases": 8196, "mismatches": 0}

Loading weights:   0%|          | 0/12 [00:00<?, ?it/s]
Loading weights: 100%|██████████| 12/12 [00:00<00:00, 11929.76it/s]
{"domain": {"X1": [21504, 31743], "X2": [-15360, -11264]}, "added": 41953280, "covered": 230737920, "stop": null, "nativeCases": 8196, "mismatches": 0}
{"domain": {"X1": [10240, 15360], "X2": [21504, 31743]}, "added": 0, "covered": 230737920, "stop": "Flat artifact budget exceeded; no complete result", "nativeCases": null, "mismatches": null}

Loading weights:   0%|          | 0/12 [00:00<?, ?it/s]
Loading weights: 100%|██████████| 12/12 [00:00<00:00, 16044.52it/s]
{"domain": {"X1": [21504, 31743], "X2": [11264, 15360]}, "added": 41953280, "covered": 272691200, "stop": null, "nativeCases": 8196, "mismatches": 0}

Loading weights:   0%|          | 0/12 [00:00<?, ?it/s]
Loading weights: 100%|██████████| 12/12 [00:00<00:00, 34473.73it/s]
{"domain": {"X1": [-31743, -17408], "X2": [-31743, -16384]}, "added": 220200960, "covered": 492892160, "stop": null, "nativeCases": 8196, "mismatches": 0}

Loading weights:   0%|          | 0/12 [00:00<?, ?it/s]
Loading weights: 100%|██████████| 12/12 [00:00<00:00, 22260.79it/s]
{"domain": {"X1": [-31743, -17408], "X2": [16384, 31743]}, "added": 220200960, "covered": 713093120, "stop": null, "nativeCases": 8196, "mismatches": 0}

Loading weights:   0%|          | 0/12 [00:00<?, ?it/s]
Loading weights: 100%|██████████| 12/12 [00:00<00:00, 17096.35it/s]
{"domain": {"X1": [17408, 31743], "X2": [-31743, -16384]}, "added": 220200960, "covered": 933294080, "stop": null, "nativeCases": 8196, "mismatches": 0}

Loading weights:   0%|          | 0/12 [00:00<?, ?it/s]
Loading weights: 100%|██████████| 12/12 [00:00<00:00, 52924.97it/s]
{"domain": {"X1": [17408, 31743], "X2": [16384, 31743]}, "added": 220200960, "covered": 1153495040, "stop": null, "nativeCases": 8196, "mismatches": 0}
{"domain": {"X1": [-31743, -21504], "X2": [-15360, -11264]}, "added": 0, "covered": 1153495040, "stop": "Region already covered; no manifest mutation", "nativeCases": null, "mismatches": null}
{"domain": {"X1": [-15360, -10240], "X2": [21504, 31743]}, "added": 0, "covered": 1153495040, "stop": "Region already covered; no manifest mutation", "nativeCases": null, "mismatches": null}
{"domain": {"X1": [-31743, -21504], "X2": [11264, 15360]}, "added": 0, "covered": 1153495040, "stop": "Region already covered; no manifest mutation", "nativeCases": null, "mismatches": null}
{"domain": {"X1": [10240, 15360], "X2": [-31743, -21504]}, "added": 0, "covered": 1153495040, "stop": "Region already covered; no manifest mutation", "nativeCases": null, "mismatches": null}
{"domain": {"X1": [21504, 31743], "X2": [-15360, -11264]}, "added": 0, "covered": 1153495040, "stop": "Region already covered; no manifest mutation", "nativeCases": null, "mismatches": null}
{"domain": {"X1": [21504, 31743], "X2": [11264, 15360]}, "added": 0, "covered": 1153495040, "stop": "Region already covered; no manifest mutation", "nativeCases": null, "mismatches": null}
{"domain": {"X1": [-31743, -18432], "X2": [-31743, -17408]}, "added": 0, "covered": 1153495040, "stop": "Region already covered; no manifest mutation", "nativeCases": null, "mismatches": null}
{"domain": {"X1": [-31743, -18432], "X2": [17408, 31743]}, "added": 0, "covered": 1153495040, "stop": "Region already covered; no manifest mutation", "nativeCases": null, "mismatches": null}
{"domain": {"X1": [18432, 31743], "X2": [-31743, -17408]}, "added": 0, "covered": 1153495040, "stop": "Region already covered; no manifest mutation", "nativeCases": null, "mismatches": null}
{"domain": {"X1": [18432, 31743], "X2": [17408, 31743]}, "added": 0, "covered": 1153495040, "stop": "Region already covered; no manifest mutation", "nativeCases": null, "mismatches": null}

Loading weights:   0%|          | 0/12 [00:00<?, ?it/s]
Loading weights: 100%|██████████| 12/12 [00:00<00:00, 24990.89it/s]
{"domain": {"X1": [-12288, 12288], "X2": [-31743, -24576]}, "added": 161487872, "covered": 1314982912, "stop": null, "nativeCases": 8200, "mismatches": 0}

Loading weights:   0%|          | 0/12 [00:00<?, ?it/s]
Loading weights: 100%|██████████| 12/12 [00:00<00:00, 64860.37it/s]
{"domain": {"X1": [-8192, 8192], "X2": [-31743, -20480]}, "added": 67117056, "covered": 1382099968, "stop": null, "nativeCases": 8200, "mismatches": 0}

Loading weights:   0%|          | 0/12 [00:00<?, ?it/s]
Loading weights: 100%|██████████| 12/12 [00:00<00:00, 32875.02it/s]
{"domain": {"X1": [-8192, 8192], "X2": [20480, 31743]}, "added": 184571904, "covered": 1566671872, "stop": null, "nativeCases": 8200, "mismatches": 0}

Loading weights:   0%|          | 0/12 [00:00<?, ?it/s]
Loading weights: 100%|██████████| 12/12 [00:00<00:00, 21694.68it/s]
{"domain": {"X1": [20480, 31743], "X2": [-8192, 8192]}, "added": 184571904, "covered": 1751243776, "stop": null, "nativeCases": 8200, "mismatches": 0}

Loading weights:   0%|          | 0/12 [00:00<?, ?it/s]
Loading weights: 100%|██████████| 12/12 [00:00<00:00, 57919.04it/s]
{"domain": {"X1": [-31743, -20480], "X2": [-8192, 0]}, "added": 92297216, "covered": 1843540992, "stop": null, "nativeCases": 8198, "mismatches": 0}

Loading weights:   0%|          | 0/12 [00:00<?, ?it/s]
Loading weights: 100%|██████████| 12/12 [00:00<00:00, 26255.42it/s]
{"domain": {"X1": [-31743, -20480], "X2": [1, 8192]}, "added": 92274688, "covered": 1935815680, "stop": null, "nativeCases": 8196, "mismatches": 0}

Loading weights:   0%|          | 0/12 [00:00<?, ?it/s]
Loading weights: 100%|██████████| 12/12 [00:00<00:00, 39229.66it/s]
{"domain": {"X1": [-31743, -20480], "X2": [-19455, -14592]}, "added": 12310528, "covered": 1948126208, "stop": null, "nativeCases": 8196, "mismatches": 0}

Loading weights:   0%|          | 0/12 [00:00<?, ?it/s]
Loading weights: 100%|██████████| 12/12 [00:00<00:00, 18935.91it/s]
{"domain": {"X1": [-31743, -20480], "X2": [-14591, -14440]}, "added": 155648, "covered": 1948281856, "stop": null, "nativeCases": 8196, "mismatches": 0}

Loading weights:   0%|          | 0/12 [00:00<?, ?it/s]
Loading weights: 100%|██████████| 12/12 [00:00<00:00, 50432.51it/s]
{"domain": {"X1": [-31743, -20480], "X2": [-14439, -14364]}, "added": 77824, "covered": 1948359680, "stop": null, "nativeCases": 8196, "mismatches": 0}

Loading weights:   0%|          | 0/12 [00:00<?, ?it/s]
Loading weights: 100%|██████████| 12/12 [00:00<00:00, 17433.89it/s]
{"domain": {"X1": [-26111, -20480], "X2": [-14363, -14326]}, "added": 38912, "covered": 1948398592, "stop": null, "nativeCases": 8196, "mismatches": 0}

Loading weights:   0%|          | 0/12 [00:00<?, ?it/s]
Loading weights: 100%|██████████| 12/12 [00:00<00:00, 32682.89it/s]
{"domain": {"X1": [-26111, -20480], "X2": [-14325, -14288]}, "added": 38912, "covered": 1948437504, "stop": null, "nativeCases": 8196, "mismatches": 0}

Loading weights:   0%|          | 0/12 [00:00<?, ?it/s]
Loading weights: 100%|██████████| 12/12 [00:00<00:00, 34356.07it/s]
{"domain": {"X1": [-26111, -20480], "X2": [-14287, -14250]}, "added": 38912, "covered": 1948476416, "stop": null, "nativeCases": 8196, "mismatches": 0}

Loading weights:   0%|          | 0/12 [00:00<?, ?it/s]
Loading weights: 100%|██████████| 12/12 [00:00<00:00, 28102.54it/s]
{"domain": {"X1": [-26111, -20480], "X2": [-14249, -14212]}, "added": 38912, "covered": 1948515328, "stop": null, "nativeCases": 8196, "mismatches": 0}

Loading weights:   0%|          | 0/12 [00:00<?, ?it/s]
Loading weights: 100%|██████████| 12/12 [00:00<00:00, 41838.44it/s]
{"domain": {"X1": [-26111, -20480], "X2": [-14211, -14174]}, "added": 38912, "covered": 1948554240, "stop": null, "nativeCases": 8196, "mismatches": 0}

Loading weights:   0%|          | 0/12 [00:00<?, ?it/s]
Loading weights: 100%|██████████| 12/12 [00:00<00:00, 35595.22it/s]
{"domain": {"X1": [-26111, -20480], "X2": [-14173, -14136]}, "added": 38912, "covered": 1948593152, "stop": null, "nativeCases": 8196, "mismatches": 0}

Loading weights:   0%|          | 0/12 [00:00<?, ?it/s]
Loading weights: 100%|██████████| 12/12 [00:00<00:00, 67832.41it/s]
{"domain": {"X1": [-26111, -20480], "X2": [-14135, -14098]}, "added": 38912, "covered": 1948632064, "stop": null, "nativeCases": 8196, "mismatches": 0}

Loading weights:   0%|          | 0/12 [00:00<?, ?it/s]
Loading weights: 100%|██████████| 12/12 [00:00<00:00, 52374.24it/s]
{"domain": {"X1": [-26111, -20480], "X2": [-14097, -14060]}, "added": 38912, "covered": 1948670976, "stop": null, "nativeCases": 8196, "mismatches": 0}

Loading weights:   0%|          | 0/12 [00:00<?, ?it/s]
Loading weights: 100%|██████████| 12/12 [00:00<00:00, 49636.73it/s]
{"domain": {"X1": [-26111, -20480], "X2": [-14059, -14022]}, "added": 38912, "covered": 1948709888, "stop": null, "nativeCases": 8196, "mismatches": 0}

Loading weights:   0%|          | 0/12 [00:00<?, ?it/s]
Loading weights: 100%|██████████| 12/12 [00:00<00:00, 30690.03it/s]
{"domain": {"X1": [-26111, -20480], "X2": [-14021, -13984]}, "added": 38912, "covered": 1948748800, "stop": null, "nativeCases": 8196, "mismatches": 0}

Loading weights:   0%|          | 0/12 [00:00<?, ?it/s]
Loading weights: 100%|██████████| 12/12 [00:00<00:00, 23119.73it/s]
{"domain": {"X1": [-26111, -20480], "X2": [-13983, -13946]}, "added": 38912, "covered": 1948787712, "stop": null, "nativeCases": 8196, "mismatches": 0}

Loading weights:   0%|          | 0/12 [00:00<?, ?it/s]
Loading weights: 100%|██████████| 12/12 [00:00<00:00, 26546.23it/s]
{"domain": {"X1": [-26111, -20480], "X2": [-13945, -13908]}, "added": 38912, "covered": 1948826624, "stop": null, "nativeCases": 8196, "mismatches": 0}

Loading weights:   0%|          | 0/12 [00:00<?, ?it/s]
Loading weights: 100%|██████████| 12/12 [00:00<00:00, 20653.12it/s]
{"domain": {"X1": [-26111, -20480], "X2": [-13907, -13870]}, "added": 38912, "covered": 1948865536, "stop": null, "nativeCases": 8196, "mismatches": 0}

Loading weights:   0%|          | 0/12 [00:00<?, ?it/s]
Loading weights: 100%|██████████| 12/12 [00:00<00:00, 41838.44it/s]
{"domain": {"X1": [-26111, -20480], "X2": [-13869, -13832]}, "added": 38912, "covered": 1948904448, "stop": null, "nativeCases": 8196, "mismatches": 0}

Loading weights:   0%|          | 0/12 [00:00<?, ?it/s]
Loading weights: 100%|██████████| 12/12 [00:00<00:00, 11581.14it/s]
{"domain": {"X1": [-31743, -20480], "X2": [-13831, -13756]}, "added": 77824, "covered": 1948982272, "stop": null, "nativeCases": 8196, "mismatches": 0}

Loading weights:   0%|          | 0/12 [00:00<?, ?it/s]
Loading weights: 100%|██████████| 12/12 [00:00<00:00, 32961.13it/s]
{"domain": {"X1": [-31743, -20480], "X2": [-13755, -13680]}, "added": 77824, "covered": 1949060096, "stop": null, "nativeCases": 8196, "mismatches": 0}

Loading weights:   0%|          | 0/12 [00:00<?, ?it/s]
Loading weights: 100%|██████████| 12/12 [00:00<00:00, 61530.13it/s]
{"domain": {"X1": [-31743, -20480], "X2": [-13679, -13376]}, "added": 311296, "covered": 1949371392, "stop": null, "nativeCases": 8196, "mismatches": 0}

Loading weights:   0%|          | 0/12 [00:00<?, ?it/s]
Loading weights: 100%|██████████| 12/12 [00:00<00:00, 41665.27it/s]
{"domain": {"X1": [-31743, -20480], "X2": [-13375, -12160]}, "added": 1245184, "covered": 1950616576, "stop": null, "nativeCases": 8196, "mismatches": 0}

Loading weights:   0%|          | 0/12 [00:00<?, ?it/s]
Loading weights: 100%|██████████| 12/12 [00:00<00:00, 27265.25it/s]
{"domain": {"X1": [-31743, -20480], "X2": [-12159, -9728]}, "added": 18219008, "covered": 1968835584, "stop": null, "nativeCases": 8196, "mismatches": 0}

Loading weights:   0%|          | 0/12 [00:00<?, ?it/s]
Loading weights: 100%|██████████| 12/12 [00:00<00:00, 52813.90it/s]
{"domain": {"X1": [-31743, -20480], "X2": [-9727, -8193]}, "added": 17290240, "covered": 1986125824, "stop": null, "nativeCases": 8196, "mismatches": 0}

Loading weights:   0%|          | 0/12 [00:00<?, ?it/s]
Loading weights: 100%|██████████| 12/12 [00:00<00:00, 14799.07it/s]
{"domain": {"X1": [-31743, -20480], "X2": [8193, 19455]}, "added": 50310144, "covered": 2036435968, "stop": null, "nativeCases": 8196, "mismatches": 0}

Loading weights:   0%|          | 0/12 [00:00<?, ?it/s]
Loading weights: 100%|██████████| 12/12 [00:00<00:00, 18780.47it/s]
{"domain": {"X1": [-18431, -16384], "X2": [-31743, -19456]}, "added": 12582912, "covered": 2049018880, "stop": null, "nativeCases": 8196, "mismatches": 0}

Loading weights:   0%|          | 0/12 [00:00<?, ?it/s]
Loading weights: 100%|██████████| 12/12 [00:00<00:00, 22065.61it/s]
{"domain": {"X1": [-16383, -12289], "X2": [-31743, -19456]}, "added": 50319360, "covered": 2099338240, "stop": null, "nativeCases": 8196, "mismatches": 0}

Loading weights:   0%|          | 0/12 [00:00<?, ?it/s]
Loading weights: 100%|██████████| 12/12 [00:00<00:00, 61305.30it/s]
{"domain": {"X1": [-12288, -11777], "X2": [-24575, -19456]}, "added": 2621440, "covered": 2101959680, "stop": null, "nativeCases": 8196, "mismatches": 0}

Loading weights:   0%|          | 0/12 [00:00<?, ?it/s]
Loading weights: 100%|██████████| 12/12 [00:00<00:00, 33244.15it/s]
{"domain": {"X1": [-11776, -11521], "X2": [-24575, -19456]}, "added": 1310720, "covered": 2103270400, "stop": null, "nativeCases": 8196, "mismatches": 0}

Loading weights:   0%|          | 0/12 [00:00<?, ?it/s]
Loading weights: 100%|██████████| 12/12 [00:00<00:00, 21317.94it/s]
{"domain": {"X1": [-11520, -11393], "X2": [-24575, -19456]}, "added": 655360, "covered": 2103925760, "stop": null, "nativeCases": 8196, "mismatches": 0}

Loading weights:   0%|          | 0/12 [00:00<?, ?it/s]
Loading weights: 100%|██████████| 12/12 [00:00<00:00, 36366.80it/s]
{"domain": {"X1": [-11392, -11329], "X2": [-24575, -19456]}, "added": 327680, "covered": 2104253440, "stop": null, "nativeCases": 8196, "mismatches": 0}

Loading weights:   0%|          | 0/12 [00:00<?, ?it/s]
Loading weights: 100%|██████████| 12/12 [00:00<00:00, 47038.92it/s]
{"domain": {"X1": [-11328, -11265], "X2": [-24575, -22016]}, "added": 163840, "covered": 2104417280, "stop": null, "nativeCases": 8196, "mismatches": 0}

Loading weights:   0%|          | 0/12 [00:00<?, ?it/s]
Loading weights: 100%|██████████| 12/12 [00:00<00:00, 26146.31it/s]
{"domain": {"X1": [-11328, -11265], "X2": [-22015, -21696]}, "added": 20480, "covered": 2104437760, "stop": null, "nativeCases": 8196, "mismatches": 0}

Loading weights:   0%|          | 0/12 [00:00<?, ?it/s]
Loading weights: 100%|██████████| 12/12 [00:00<00:00, 59074.70it/s]
{"domain": {"X1": [-11328, -11265], "X2": [-21695, -21376]}, "added": 20480, "covered": 2104458240, "stop": null, "nativeCases": 8196, "mismatches": 0}

Loading weights:   0%|          | 0/12 [00:00<?, ?it/s]
Loading weights: 100%|██████████| 12/12 [00:00<00:00, 16969.54it/s]
{"domain": {"X1": [-11328, -11265], "X2": [-21375, -21056]}, "added": 20480, "covered": 2104478720, "stop": null, "nativeCases": 8196, "mismatches": 0}

Loading weights:   0%|          | 0/12 [00:00<?, ?it/s]
Loading weights: 100%|██████████| 12/12 [00:00<00:00, 33825.03it/s]
{"domain": {"X1": [-11328, -11265], "X2": [-21055, -20736]}, "added": 20480, "covered": 2104499200, "stop": null, "nativeCases": 8196, "mismatches": 0}

Loading weights:   0%|          | 0/12 [00:00<?, ?it/s]
Loading weights: 100%|██████████| 12/12 [00:00<00:00, 65536.00it/s]
{"domain": {"X1": [-11328, -11265], "X2": [-20735, -20416]}, "added": 20480, "covered": 2104519680, "stop": null, "nativeCases": 8196, "mismatches": 0}

Loading weights:   0%|          | 0/12 [00:00<?, ?it/s]
Loading weights: 100%|██████████| 12/12 [00:00<00:00, 40136.88it/s]
{"domain": {"X1": [-11328, -11265], "X2": [-20415, -20096]}, "added": 20480, "covered": 2104540160, "stop": null, "nativeCases": 8196, "mismatches": 0}

Loading weights:   0%|          | 0/12 [00:00<?, ?it/s]
Loading weights: 100%|██████████| 12/12 [00:00<00:00, 41425.22it/s]
{"domain": {"X1": [-11328, -11265], "X2": [-20095, -19776]}, "added": 20480, "covered": 2104560640, "stop": null, "nativeCases": 8196, "mismatches": 0}

Loading weights:   0%|          | 0/12 [00:00<?, ?it/s]
Loading weights: 100%|██████████| 12/12 [00:00<00:00, 26434.69it/s]
{"domain": {"X1": [-11328, -11265], "X2": [-19775, -19456]}, "added": 20480, "covered": 2104581120, "stop": null, "nativeCases": 8196, "mismatches": 0}

Loading weights:   0%|          | 0/12 [00:00<?, ?it/s]
Loading weights: 100%|██████████| 12/12 [00:00<00:00, 14764.34it/s]
{"domain": {"X1": [-11264, -11201], "X2": [-24575, -22016]}, "added": 163840, "covered": 2104744960, "stop": null, "nativeCases": 8196, "mismatches": 0}

Loading weights:   0%|          | 0/12 [00:00<?, ?it/s]
Loading weights: 100%|██████████| 12/12 [00:00<00:00, 64198.53it/s]
{"domain": {"X1": [-11264, -11201], "X2": [-22015, -20736]}, "added": 81920, "covered": 2104826880, "stop": null, "nativeCases": 8196, "mismatches": 0}

Loading weights:   0%|          | 0/12 [00:00<?, ?it/s]
Loading weights: 100%|██████████| 12/12 [00:00<00:00, 61908.55it/s]
{"domain": {"X1": [-11264, -11201], "X2": [-20735, -20096]}, "added": 40960, "covered": 2104867840, "stop": null, "nativeCases": 8196, "mismatches": 0}

Loading weights:   0%|          | 0/12 [00:00<?, ?it/s]
Loading weights: 100%|██████████| 12/12 [00:00<00:00, 61832.49it/s]
{"domain": {"X1": [-11264, -11201], "X2": [-20095, -19456]}, "added": 40960, "covered": 2104908800, "stop": null, "nativeCases": 8196, "mismatches": 0}

Loading weights:   0%|          | 0/12 [00:00<?, ?it/s]
Loading weights: 100%|██████████| 12/12 [00:00<00:00, 45303.01it/s]
{"domain": {"X1": [-11200, -11137], "X2": [-24575, -22016]}, "added": 163840, "covered": 2105072640, "stop": null, "nativeCases": 8196, "mismatches": 0}

Loading weights:   0%|          | 0/12 [00:00<?, ?it/s]
Loading weights: 100%|██████████| 12/12 [00:00<00:00, 48770.98it/s]
{"domain": {"X1": [-11200, -11137], "X2": [-22015, -20736]}, "added": 81920, "covered": 2105154560, "stop": null, "nativeCases": 8196, "mismatches": 0}

Loading weights:   0%|          | 0/12 [00:00<?, ?it/s]
Loading weights: 100%|██████████| 12/12 [00:00<00:00, 32346.82it/s]
{"domain": {"X1": [-11200, -11137], "X2": [-20735, -20096]}, "added": 40960, "covered": 2105195520, "stop": null, "nativeCases": 8196, "mismatches": 0}

Loading weights:   0%|          | 0/12 [00:00<?, ?it/s]
Loading weights: 100%|██████████| 12/12 [00:00<00:00, 55800.05it/s]
{"domain": {"X1": [-11200, -11137], "X2": [-20095, -19456]}, "added": 40960, "covered": 2105236480, "stop": null, "nativeCases": 8196, "mismatches": 0}

Loading weights:   0%|          | 0/12 [00:00<?, ?it/s]
Loading weights: 100%|██████████| 12/12 [00:00<00:00, 14597.35it/s]
{"domain": {"X1": [-11136, -11073], "X2": [-24575, -22016]}, "added": 163840, "covered": 2105400320, "stop": null, "nativeCases": 8196, "mismatches": 0}

Loading weights:   0%|          | 0/12 [00:00<?, ?it/s]
Loading weights: 100%|██████████| 12/12 [00:00<00:00, 32961.13it/s]
{"domain": {"X1": [-11136, -11073], "X2": [-22015, -20736]}, "added": 81920, "covered": 2105482240, "stop": null, "nativeCases": 8196, "mismatches": 0}

Loading weights:   0%|          | 0/12 [00:00<?, ?it/s]
Loading weights: 100%|██████████| 12/12 [00:00<00:00, 32875.02it/s]
{"domain": {"X1": [-11136, -11073], "X2": [-20735, -20096]}, "added": 40960, "covered": 2105523200, "stop": null, "nativeCases": 8196, "mismatches": 0}

Loading weights:   0%|          | 0/12 [00:00<?, ?it/s]
Loading weights: 100%|██████████| 12/12 [00:00<00:00, 47617.45it/s]
{"domain": {"X1": [-11136, -11073], "X2": [-20095, -19456]}, "added": 40960, "covered": 2105564160, "stop": null, "nativeCases": 8196, "mismatches": 0}

Loading weights:   0%|          | 0/12 [00:00<?, ?it/s]
Loading weights: 100%|██████████| 12/12 [00:00<00:00, 22560.13it/s]
{"domain": {"X1": [-11072, -11009], "X2": [-24575, -22016]}, "added": 163840, "covered": 2105728000, "stop": null, "nativeCases": 8196, "mismatches": 0}

Loading weights:   0%|          | 0/12 [00:00<?, ?it/s]
Loading weights: 100%|██████████| 12/12 [00:00<00:00, 39850.87it/s]
{"domain": {"X1": [-11072, -11009], "X2": [-22015, -20736]}, "added": 81920, "covered": 2105809920, "stop": null, "nativeCases": 8196, "mismatches": 0}

Loading weights:   0%|          | 0/12 [00:00<?, ?it/s]
Loading weights: 100%|██████████| 12/12 [00:00<00:00, 65196.44it/s]
{"domain": {"X1": [-11072, -11009], "X2": [-20735, -20096]}, "added": 40960, "covered": 2105850880, "stop": null, "nativeCases": 8196, "mismatches": 0}

Loading weights:   0%|          | 0/12 [00:00<?, ?it/s]
Loading weights: 100%|██████████| 12/12 [00:00<00:00, 44267.06it/s]
{"domain": {"X1": [-11072, -11009], "X2": [-20095, -19456]}, "added": 40960, "covered": 2105891840, "stop": null, "nativeCases": 8196, "mismatches": 0}

Loading weights:   0%|          | 0/12 [00:00<?, ?it/s]
Loading weights: 100%|██████████| 12/12 [00:00<00:00, 51098.12it/s]
{"domain": {"X1": [-11008, -10945], "X2": [-24575, -22016]}, "added": 163840, "covered": 2106055680, "stop": null, "nativeCases": 8196, "mismatches": 0}

Loading weights:   0%|          | 0/12 [00:00<?, ?it/s]
Loading weights: 100%|██████████| 12/12 [00:00<00:00, 36054.19it/s]
{"domain": {"X1": [-11008, -10945], "X2": [-22015, -20736]}, "added": 81920, "covered": 2106137600, "stop": null, "nativeCases": 8196, "mismatches": 0}

Loading weights:   0%|          | 0/12 [00:00<?, ?it/s]
Loading weights: 100%|██████████| 12/12 [00:00<00:00, 60934.20it/s]
{"domain": {"X1": [-11008, -10945], "X2": [-20735, -20096]}, "added": 40960, "covered": 2106178560, "stop": null, "nativeCases": 8196, "mismatches": 0}

Loading weights:   0%|          | 0/12 [00:00<?, ?it/s]
Loading weights: 100%|██████████| 12/12 [00:00<00:00, 55309.50it/s]
{"domain": {"X1": [-11008, -10945], "X2": [-20095, -19456]}, "added": 40960, "covered": 2106219520, "stop": null, "nativeCases": 8196, "mismatches": 0}

Loading weights:   0%|          | 0/12 [00:00<?, ?it/s]
Loading weights: 100%|██████████| 12/12 [00:00<00:00, 45466.71it/s]
{"domain": {"X1": [-10944, -10881], "X2": [-24575, -22016]}, "added": 163840, "covered": 2106383360, "stop": null, "nativeCases": 8196, "mismatches": 0}

Loading weights:   0%|          | 0/12 [00:00<?, ?it/s]
Loading weights: 100%|██████████| 12/12 [00:00<00:00, 20132.66it/s]
{"domain": {"X1": [-10944, -10881], "X2": [-22015, -20736]}, "added": 81920, "covered": 2106465280, "stop": null, "nativeCases": 8196, "mismatches": 0}

Loading weights:   0%|          | 0/12 [00:00<?, ?it/s]
Loading weights: 100%|██████████| 12/12 [00:00<00:00, 48210.39it/s]
{"domain": {"X1": [-8192, 8192], "X2": [-20479, -19456]}, "added": 16779264, "covered": 2123244544, "stop": null, "nativeCases": 8200, "mismatches": 0}

Loading weights:   0%|          | 0/12 [00:00<?, ?it/s]
Loading weights: 100%|██████████| 12/12 [00:00<00:00, 21201.20it/s]
{"domain": {"X1": [-11264, -10240], "X2": [-22528, -21504]}, "added": 657025, "covered": 2123901569, "stop": null, "nativeCases": 8196, "mismatches": 0}

Loading weights:   0%|          | 0/12 [00:00<?, ?it/s]
Loading weights: 100%|██████████| 12/12 [00:00<00:00, 24990.89it/s]
{"domain": {"X1": [10240, 11264], "X2": [21504, 22528]}, "added": 1050625, "covered": 2124952194, "stop": null, "nativeCases": 8196, "mismatches": 0}

Loading weights:   0%|          | 0/12 [00:00<?, ?it/s]
Loading weights: 100%|██████████| 12/12 [00:00<00:00, 35721.54it/s]
{"domain": {"X1": [11264, 12288], "X2": [21504, 22528]}, "added": 1049600, "covered": 2126001794, "stop": null, "nativeCases": 8196, "mismatches": 0}
{"domain": {"X1": [-31743, -20480], "X2": [-31743, -19456]}, "added": 0, "covered": 2126001794, "stop": "Region already covered; no manifest mutation", "nativeCases": null, "mismatches": null}
{"domain": {"X1": [-31743, -20480], "X2": [-19455, -17408]}, "added": 0, "covered": 2126001794, "stop": "Region already covered; no manifest mutation", "nativeCases": null, "mismatches": null}
{"domain": {"X1": [-31743, -21504], "X2": [-17407, -15361]}, "added": 0, "covered": 2126001794, "stop": "Region already covered; no manifest mutation", "nativeCases": null, "mismatches": null}
{"domain": {"X1": [-31743, -21504], "X2": [-15360, -14592]}, "added": 0, "covered": 2126001794, "stop": "Region already covered; no manifest mutation", "nativeCases": null, "mismatches": null}
{"domain": {"X1": [-21503, -20480], "X2": [-17407, -14592]}, "added": 0, "covered": 2126001794, "stop": "Region already covered; no manifest mutation", "nativeCases": null, "mismatches": null}
{"domain": {"X1": [-31743, -21504], "X2": [-14591, -14440]}, "added": 0, "covered": 2126001794, "stop": "Region already covered; no manifest mutation", "nativeCases": null, "mismatches": null}
{"domain": {"X1": [-21503, -20480], "X2": [-14591, -14440]}, "added": 0, "covered": 2126001794, "stop": "Region already covered; no manifest mutation", "nativeCases": null, "mismatches": null}
{"domain": {"X1": [-31743, -21504], "X2": [-14439, -14364]}, "added": 0, "covered": 2126001794, "stop": "Region already covered; no manifest mutation", "nativeCases": null, "mismatches": null}
{"domain": {"X1": [-21503, -20480], "X2": [-14439, -14364]}, "added": 0, "covered": 2126001794, "stop": "Region already covered; no manifest mutation", "nativeCases": null, "mismatches": null}
{"domain": {"X1": [-31743, -26112], "X2": [-14363, -14326]}, "added": 0, "covered": 2126001794, "stop": "Region already covered; no manifest mutation", "nativeCases": null, "mismatches": null}
{"domain": {"X1": [-26111, -21504], "X2": [-14363, -14326]}, "added": 0, "covered": 2126001794, "stop": "Region already covered; no manifest mutation", "nativeCases": null, "mismatches": null}
{"domain": {"X1": [-21503, -20480], "X2": [-14363, -14326]}, "added": 0, "covered": 2126001794, "stop": "Region already covered; no manifest mutation", "nativeCases": null, "mismatches": null}
{"domain": {"X1": [-31743, -26112], "X2": [-14325, -14288]}, "added": 0, "covered": 2126001794, "stop": "Region already covered; no manifest mutation", "nativeCases": null, "mismatches": null}
{"domain": {"X1": [-26111, -21504], "X2": [-14325, -14288]}, "added": 0, "covered": 2126001794, "stop": "Region already covered; no manifest mutation", "nativeCases": null, "mismatches": null}
{"domain": {"X1": [-21503, -20480], "X2": [-14325, -14288]}, "added": 0, "covered": 2126001794, "stop": "Region already covered; no manifest mutation", "nativeCases": null, "mismatches": null}
{"domain": {"X1": [-31743, -26112], "X2": [-14287, -14250]}, "added": 0, "covered": 2126001794, "stop": "Region already covered; no manifest mutation", "nativeCases": null, "mismatches": null}
{"domain": {"X1": [-26111, -21504], "X2": [-14287, -14250]}, "added": 0, "covered": 2126001794, "stop": "Region already covered; no manifest mutation", "nativeCases": null, "mismatches": null}
{"domain": {"X1": [-21503, -20480], "X2": [-14287, -14250]}, "added": 0, "covered": 2126001794, "stop": "Region already covered; no manifest mutation", "nativeCases": null, "mismatches": null}
{"domain": {"X1": [-31743, -26112], "X2": [-14249, -14212]}, "added": 0, "covered": 2126001794, "stop": "Region already covered; no manifest mutation", "nativeCases": null, "mismatches": null}
{"domain": {"X1": [-26111, -21504], "X2": [-14249, -14212]}, "added": 0, "covered": 2126001794, "stop": "Region already covered; no manifest mutation", "nativeCases": null, "mismatches": null}
{"domain": {"X1": [-21503, -20480], "X2": [-14249, -14212]}, "added": 0, "covered": 2126001794, "stop": "Region already covered; no manifest mutation", "nativeCases": null, "mismatches": null}
{"domain": {"X1": [-31743, -26112], "X2": [-14211, -14174]}, "added": 0, "covered": 2126001794, "stop": "Region already covered; no manifest mutation", "nativeCases": null, "mismatches": null}
{"domain": {"X1": [-26111, -21504], "X2": [-14211, -14174]}, "added": 0, "covered": 2126001794, "stop": "Region already covered; no manifest mutation", "nativeCases": null, "mismatches": null}
{"domain": {"X1": [-21503, -20480], "X2": [-14211, -14174]}, "added": 0, "covered": 2126001794, "stop": "Region already covered; no manifest mutation", "nativeCases": null, "mismatches": null}
{"domain": {"X1": [-31743, -26112], "X2": [-14173, -14136]}, "added": 0, "covered": 2126001794, "stop": "Region already covered; no manifest mutation", "nativeCases": null, "mismatches": null}
{"domain": {"X1": [-26111, -21504], "X2": [-14173, -14136]}, "added": 0, "covered": 2126001794, "stop": "Region already covered; no manifest mutation", "nativeCases": null, "mismatches": null}
{"domain": {"X1": [-21503, -20480], "X2": [-14173, -14136]}, "added": 0, "covered": 2126001794, "stop": "Region already covered; no manifest mutation", "nativeCases": null, "mismatches": null}
{"domain": {"X1": [-31743, -26112], "X2": [-14135, -14098]}, "added": 0, "covered": 2126001794, "stop": "Region already covered; no manifest mutation", "nativeCases": null, "mismatches": null}
{"domain": {"X1": [-26111, -21504], "X2": [-14135, -14098]}, "added": 0, "covered": 2126001794, "stop": "Region already covered; no manifest mutation", "nativeCases": null, "mismatches": null}
{"domain": {"X1": [-21503, -20480], "X2": [-14135, -14098]}, "added": 0, "covered": 2126001794, "stop": "Region already covered; no manifest mutation", "nativeCases": null, "mismatches": null}
{"domain": {"X1": [-31743, -26112], "X2": [-14097, -14060]}, "added": 0, "covered": 2126001794, "stop": "Region already covered; no manifest mutation", "nativeCases": null, "mismatches": null}
{"domain": {"X1": [-26111, -21504], "X2": [-14097, -14060]}, "added": 0, "covered": 2126001794, "stop": "Region already covered; no manifest mutation", "nativeCases": null, "mismatches": null}
{"domain": {"X1": [-21503, -20480], "X2": [-14097, -14060]}, "added": 0, "covered": 2126001794, "stop": "Region already covered; no manifest mutation", "nativeCases": null, "mismatches": null}
{"domain": {"X1": [-31743, -26112], "X2": [-14059, -14022]}, "added": 0, "covered": 2126001794, "stop": "Region already covered; no manifest mutation", "nativeCases": null, "mismatches": null}
{"domain": {"X1": [-26111, -21504], "X2": [-14059, -14022]}, "added": 0, "covered": 2126001794, "stop": "Region already covered; no manifest mutation", "nativeCases": null, "mismatches": null}
{"domain": {"X1": [-21503, -20480], "X2": [-14059, -14022]}, "added": 0, "covered": 2126001794, "stop": "Region already covered; no manifest mutation", "nativeCases": null, "mismatches": null}
{"domain": {"X1": [-31743, -26112], "X2": [-14021, -13984]}, "added": 0, "covered": 2126001794, "stop": "Region already covered; no manifest mutation", "nativeCases": null, "mismatches": null}
{"domain": {"X1": [-26111, -21504], "X2": [-14021, -13984]}, "added": 0, "covered": 2126001794, "stop": "Region already covered; no manifest mutation", "nativeCases": null, "mismatches": null}
{"domain": {"X1": [-21503, -20480], "X2": [-14021, -13984]}, "added": 0, "covered": 2126001794, "stop": "Region already covered; no manifest mutation", "nativeCases": null, "mismatches": null}
{"domain": {"X1": [-31743, -26112], "X2": [-13983, -13946]}, "added": 0, "covered": 2126001794, "stop": "Region already covered; no manifest mutation", "nativeCases": null, "mismatches": null}
{"domain": {"X1": [-26111, -21504], "X2": [-13983, -13946]}, "added": 0, "covered": 2126001794, "stop": "Region already covered; no manifest mutation", "nativeCases": null, "mismatches": null}
{"domain": {"X1": [-21503, -20480], "X2": [-13983, -13946]}, "added": 0, "covered": 2126001794, "stop": "Region already covered; no manifest mutation", "nativeCases": null, "mismatches": null}
{"domain": {"X1": [-31743, -26112], "X2": [-13945, -13908]}, "added": 0, "covered": 2126001794, "stop": "Region already covered; no manifest mutation", "nativeCases": null, "mismatches": null}
{"domain": {"X1": [-26111, -21504], "X2": [-13945, -13908]}, "added": 0, "covered": 2126001794, "stop": "Region already covered; no manifest mutation", "nativeCases": null, "mismatches": null}
{"domain": {"X1": [-21503, -20480], "X2": [-13945, -13908]}, "added": 0, "covered": 2126001794, "stop": "Region already covered; no manifest mutation", "nativeCases": null, "mismatches": null}
{"domain": {"X1": [-31743, -26112], "X2": [-13907, -13870]}, "added": 0, "covered": 2126001794, "stop": "Region already covered; no manifest mutation", "nativeCases": null, "mismatches": null}
{"domain": {"X1": [-26111, -21504], "X2": [-13907, -13870]}, "added": 0, "covered": 2126001794, "stop": "Region already covered; no manifest mutation", "nativeCases": null, "mismatches": null}
{"domain": {"X1": [-21503, -20480], "X2": [-13907, -13870]}, "added": 0, "covered": 2126001794, "stop": "Region already covered; no manifest mutation", "nativeCases": null, "mismatches": null}
{"domain": {"X1": [-31743, -26112], "X2": [-13869, -13832]}, "added": 0, "covered": 2126001794, "stop": "Region already covered; no manifest mutation", "nativeCases": null, "mismatches": null}
{"domain": {"X1": [-26111, -21504], "X2": [-13869, -13832]}, "added": 0, "covered": 2126001794, "stop": "Region already covered; no manifest mutation", "nativeCases": null, "mismatches": null}
{"domain": {"X1": [-21503, -20480], "X2": [-13869, -13832]}, "added": 0, "covered": 2126001794, "stop": "Region already covered; no manifest mutation", "nativeCases": null, "mismatches": null}
{"domain": {"X1": [-31743, -21504], "X2": [-13831, -13756]}, "added": 0, "covered": 2126001794, "stop": "Region already covered; no manifest mutation", "nativeCases": null, "mismatches": null}
{"domain": {"X1": [-21503, -20480], "X2": [-13831, -13756]}, "added": 0, "covered": 2126001794, "stop": "Region already covered; no manifest mutation", "nativeCases": null, "mismatches": null}
{"domain": {"X1": [-31743, -21504], "X2": [-13755, -13680]}, "added": 0, "covered": 2126001794, "stop": "Region already covered; no manifest mutation", "nativeCases": null, "mismatches": null}
{"domain": {"X1": [-21503, -20480], "X2": [-13755, -13680]}, "added": 0, "covered": 2126001794, "stop": "Region already covered; no manifest mutation", "nativeCases": null, "mismatches": null}
{"domain": {"X1": [-31743, -21504], "X2": [-13679, -13376]}, "added": 0, "covered": 2126001794, "stop": "Region already covered; no manifest mutation", "nativeCases": null, "mismatches": null}
{"domain": {"X1": [-21503, -20480], "X2": [-13679, -13376]}, "added": 0, "covered": 2126001794, "stop": "Region already covered; no manifest mutation", "nativeCases": null, "mismatches": null}
{"domain": {"X1": [-31743, -21504], "X2": [-13375, -12160]}, "added": 0, "covered": 2126001794, "stop": "Region already covered; no manifest mutation", "nativeCases": null, "mismatches": null}
{"domain": {"X1": [-21503, -20480], "X2": [-13375, -12160]}, "added": 0, "covered": 2126001794, "stop": "Region already covered; no manifest mutation", "nativeCases": null, "mismatches": null}
{"domain": {"X1": [-31743, -21504], "X2": [-12159, -11264]}, "added": 0, "covered": 2126001794, "stop": "Region already covered; no manifest mutation", "nativeCases": null, "mismatches": null}
{"domain": {"X1": [-31743, -21504], "X2": [-11263, -9728]}, "added": 0, "covered": 2126001794, "stop": "Region already covered; no manifest mutation", "nativeCases": null, "mismatches": null}
{"domain": {"X1": [-21503, -20480], "X2": [-12159, -9728]}, "added": 0, "covered": 2126001794, "stop": "Region already covered; no manifest mutation", "nativeCases": null, "mismatches": null}
{"domain": {"X1": [-31743, -20480], "X2": [-9727, -8193]}, "added": 0, "covered": 2126001794, "stop": "Region already covered; no manifest mutation", "nativeCases": null, "mismatches": null}
{"domain": {"X1": [-31743, -20480], "X2": [-8192, 0]}, "added": 0, "covered": 2126001794, "stop": "Region already covered; no manifest mutation", "nativeCases": null, "mismatches": null}
{"domain": {"X1": [-31743, -20480], "X2": [1, 8192]}, "added": 0, "covered": 2126001794, "stop": "Region already covered; no manifest mutation", "nativeCases": null, "mismatches": null}
{"domain": {"X1": [-31743, -21504], "X2": [8193, 11263]}, "added": 0, "covered": 2126001794, "stop": "Region already covered; no manifest mutation", "nativeCases": null, "mismatches": null}
{"domain": {"X1": [-31743, -21504], "X2": [11264, 15360]}, "added": 0, "covered": 2126001794, "stop": "Region already covered; no manifest mutation", "nativeCases": null, "mismatches": null}
{"domain": {"X1": [-31743, -21504], "X2": [15361, 17407]}, "added": 0, "covered": 2126001794, "stop": "Region already covered; no manifest mutation", "nativeCases": null, "mismatches": null}
{"domain": {"X1": [-21503, -20480], "X2": [8193, 17407]}, "added": 0, "covered": 2126001794, "stop": "Region already covered; no manifest mutation", "nativeCases": null, "mismatches": null}
{"domain": {"X1": [-31743, -20480], "X2": [17408, 19455]}, "added": 0, "covered": 2126001794, "stop": "Region already covered; no manifest mutation", "nativeCases": null, "mismatches": null}
{"domain": {"X1": [-31743, -20480], "X2": [19456, 31743]}, "added": 0, "covered": 2126001794, "stop": "Region already covered; no manifest mutation", "nativeCases": null, "mismatches": null}
{"domain": {"X1": [-20479, -18432], "X2": [-31743, -19456]}, "added": 0, "covered": 2126001794, "stop": "Region already covered; no manifest mutation", "nativeCases": null, "mismatches": null}
{"domain": {"X1": [-18431, -16384], "X2": [-31743, -19456]}, "added": 0, "covered": 2126001794, "stop": "Region already covered; no manifest mutation", "nativeCases": null, "mismatches": null}
{"domain": {"X1": [-16383, -12289], "X2": [-31743, -19456]}, "added": 0, "covered": 2126001794, "stop": "Region already covered; no manifest mutation", "nativeCases": null, "mismatches": null}
{"domain": {"X1": [-12288, -8193], "X2": [-31743, -24576]}, "added": 0, "covered": 2126001794, "stop": "Region already covered; no manifest mutation", "nativeCases": null, "mismatches": null}
{"domain": {"X1": [-12288, -11777], "X2": [-24575, -19456]}, "added": 0, "covered": 2126001794, "stop": "Region already covered; no manifest mutation", "nativeCases": null, "mismatches": null}
{"domain": {"X1": [-11776, -11521], "X2": [-24575, -19456]}, "added": 0, "covered": 2126001794, "stop": "Region already covered; no manifest mutation", "nativeCases": null, "mismatches": null}
{"domain": {"X1": [-11520, -11393], "X2": [-24575, -19456]}, "added": 0, "covered": 2126001794, "stop": "Region already covered; no manifest mutation", "nativeCases": null, "mismatches": null}
{"domain": {"X1": [-11392, -11329], "X2": [-24575, -19456]}, "added": 0, "covered": 2126001794, "stop": "Region already covered; no manifest mutation", "nativeCases": null, "mismatches": null}
{"domain": {"X1": [-11328, -11265], "X2": [-24575, -22016]}, "added": 0, "covered": 2126001794, "stop": "Region already covered; no manifest mutation", "nativeCases": null, "mismatches": null}
{"domain": {"X1": [-11328, -11265], "X2": [-22015, -21696]}, "added": 0, "covered": 2126001794, "stop": "Region already covered; no manifest mutation", "nativeCases": null, "mismatches": null}
{"domain": {"X1": [-11328, -11265], "X2": [-21695, -21376]}, "added": 0, "covered": 2126001794, "stop": "Region already covered; no manifest mutation", "nativeCases": null, "mismatches": null}
{"domain": {"X1": [-11328, -11265], "X2": [-21375, -21056]}, "added": 0, "covered": 2126001794, "stop": "Region already covered; no manifest mutation", "nativeCases": null, "mismatches": null}
{"domain": {"X1": [-11328, -11265], "X2": [-21055, -20736]}, "added": 0, "covered": 2126001794, "stop": "Region already covered; no manifest mutation", "nativeCases": null, "mismatches": null}
{"domain": {"X1": [-11328, -11265], "X2": [-20735, -20416]}, "added": 0, "covered": 2126001794, "stop": "Region already covered; no manifest mutation", "nativeCases": null, "mismatches": null}
{"domain": {"X1": [-11328, -11265], "X2": [-20415, -20096]}, "added": 0, "covered": 2126001794, "stop": "Region already covered; no manifest mutation", "nativeCases": null, "mismatches": null}
{"domain": {"X1": [-11328, -11265], "X2": [-20095, -19776]}, "added": 0, "covered": 2126001794, "stop": "Region already covered; no manifest mutation", "nativeCases": null, "mismatches": null}
{"domain": {"X1": [-11328, -11265], "X2": [-19775, -19456]}, "added": 0, "covered": 2126001794, "stop": "Region already covered; no manifest mutation", "nativeCases": null, "mismatches": null}
{"domain": {"X1": [-11264, -11201], "X2": [-24575, -22016]}, "added": 0, "covered": 2126001794, "stop": "Region already covered; no manifest mutation", "nativeCases": null, "mismatches": null}
{"domain": {"X1": [-11264, -11201], "X2": [-22015, -20736]}, "added": 0, "covered": 2126001794, "stop": "Region already covered; no manifest mutation", "nativeCases": null, "mismatches": null}
{"domain": {"X1": [-11264, -11201], "X2": [-20735, -20096]}, "added": 0, "covered": 2126001794, "stop": "Region already covered; no manifest mutation", "nativeCases": null, "mismatches": null}
{"domain": {"X1": [-11264, -11201], "X2": [-20095, -19456]}, "added": 0, "covered": 2126001794, "stop": "Region already covered; no manifest mutation", "nativeCases": null, "mismatches": null}
{"domain": {"X1": [-11200, -11137], "X2": [-24575, -22016]}, "added": 0, "covered": 2126001794, "stop": "Region already covered; no manifest mutation", "nativeCases": null, "mismatches": null}
{"domain": {"X1": [-11200, -11137], "X2": [-22015, -20736]}, "added": 0, "covered": 2126001794, "stop": "Region already covered; no manifest mutation", "nativeCases": null, "mismatches": null}
{"domain": {"X1": [-11200, -11137], "X2": [-20735, -20096]}, "added": 0, "covered": 2126001794, "stop": "Region already covered; no manifest mutation", "nativeCases": null, "mismatches": null}
{"domain": {"X1": [-11200, -11137], "X2": [-20095, -19456]}, "added": 0, "covered": 2126001794, "stop": "Region already covered; no manifest mutation", "nativeCases": null, "mismatches": null}
{"domain": {"X1": [-11136, -11073], "X2": [-24575, -22016]}, "added": 0, "covered": 2126001794, "stop": "Region already covered; no manifest mutation", "nativeCases": null, "mismatches": null}
{"domain": {"X1": [-11136, -11073], "X2": [-22015, -20736]}, "added": 0, "covered": 2126001794, "stop": "Region already covered; no manifest mutation", "nativeCases": null, "mismatches": null}
{"domain": {"X1": [-11136, -11073], "X2": [-20735, -20096]}, "added": 0, "covered": 2126001794, "stop": "Region already covered; no manifest mutation", "nativeCases": null, "mismatches": null}
{"domain": {"X1": [-11136, -11073], "X2": [-20095, -19456]}, "added": 0, "covered": 2126001794, "stop": "Region already covered; no manifest mutation", "nativeCases": null, "mismatches": null}
{"domain": {"X1": [-11072, -11009], "X2": [-24575, -22016]}, "added": 0, "covered": 2126001794, "stop": "Region already covered; no manifest mutation", "nativeCases": null, "mismatches": null}
{"domain": {"X1": [-11072, -11009], "X2": [-22015, -20736]}, "added": 0, "covered": 2126001794, "stop": "Region already covered; no manifest mutation", "nativeCases": null, "mismatches": null}
{"domain": {"X1": [-11072, -11009], "X2": [-20735, -20096]}, "added": 0, "covered": 2126001794, "stop": "Region already covered; no manifest mutation", "nativeCases": null, "mismatches": null}
{"domain": {"X1": [-11072, -11009], "X2": [-20095, -19456]}, "added": 0, "covered": 2126001794, "stop": "Region already covered; no manifest mutation", "nativeCases": null, "mismatches": null}
{"domain": {"X1": [-11008, -10945], "X2": [-24575, -22016]}, "added": 0, "covered": 2126001794, "stop": "Region already covered; no manifest mutation", "nativeCases": null, "mismatches": null}
{"domain": {"X1": [-11008, -10945], "X2": [-22015, -20736]}, "added": 0, "covered": 2126001794, "stop": "Region already covered; no manifest mutation", "nativeCases": null, "mismatches": null}
{"domain": {"X1": [-11008, -10945], "X2": [-20735, -20096]}, "added": 0, "covered": 2126001794, "stop": "Region already covered; no manifest mutation", "nativeCases": null, "mismatches": null}
{"domain": {"X1": [-11008, -10945], "X2": [-20095, -19456]}, "added": 0, "covered": 2126001794, "stop": "Region already covered; no manifest mutation", "nativeCases": null, "mismatches": null}
{"domain": {"X1": [-10944, -10881], "X2": [-24575, -22016]}, "added": 0, "covered": 2126001794, "stop": "Region already covered; no manifest mutation", "nativeCases": null, "mismatches": null}
{"domain": {"X1": [-10944, -10881], "X2": [-22015, -20736]}, "added": 0, "covered": 2126001794, "stop": "Region already covered; no manifest mutation", "nativeCases": null, "mismatches": null}
{"domain": {"X1": [-10880, -10817], "X2": [-22528, -21504]}, "added": 0, "covered": 2126001794, "stop": "Region already covered; no manifest mutation", "nativeCases": null, "mismatches": null}
{"domain": {"X1": [-10816, -10753], "X2": [-22528, -21504]}, "added": 0, "covered": 2126001794, "stop": "Region already covered; no manifest mutation", "nativeCases": null, "mismatches": null}
{"domain": {"X1": [-10752, -10625], "X2": [-22528, -21504]}, "added": 0, "covered": 2126001794, "stop": "Region already covered; no manifest mutation", "nativeCases": null, "mismatches": null}
{"domain": {"X1": [-10624, -10497], "X2": [-22528, -21504]}, "added": 0, "covered": 2126001794, "stop": "Region already covered; no manifest mutation", "nativeCases": null, "mismatches": null}
{"domain": {"X1": [-10496, -10241], "X2": [-22528, -21504]}, "added": 0, "covered": 2126001794, "stop": "Region already covered; no manifest mutation", "nativeCases": null, "mismatches": null}
{"domain": {"X1": [-10240, -10240], "X2": [-22528, -21504]}, "added": 0, "covered": 2126001794, "stop": "Region already covered; no manifest mutation", "nativeCases": null, "mismatches": null}
{"domain": {"X1": [-8192, 8192], "X2": [-31743, -24576]}, "added": 0, "covered": 2126001794, "stop": "Region already covered; no manifest mutation", "nativeCases": null, "mismatches": null}
{"domain": {"X1": [-8192, 8192], "X2": [-24575, -20480]}, "added": 0, "covered": 2126001794, "stop": "Region already covered; no manifest mutation", "nativeCases": null, "mismatches": null}
{"domain": {"X1": [-8192, 8192], "X2": [-20479, -19456]}, "added": 0, "covered": 2126001794, "stop": "Region already covered; no manifest mutation", "nativeCases": null, "mismatches": null}
{"domain": {"X1": [8193, 10239], "X2": [-31743, -24576]}, "added": 0, "covered": 2126001794, "stop": "Region already covered; no manifest mutation", "nativeCases": null, "mismatches": null}
{"domain": {"X1": [10240, 12288], "X2": [-31743, -24576]}, "added": 0, "covered": 2126001794, "stop": "Region already covered; no manifest mutation", "nativeCases": null, "mismatches": null}
{"domain": {"X1": [10240, 12288], "X2": [-24575, -21504]}, "added": 0, "covered": 2126001794, "stop": "Region already covered; no manifest mutation", "nativeCases": null, "mismatches": null}
{"domain": {"X1": [12289, 15360], "X2": [-31743, -21504]}, "added": 0, "covered": 2126001794, "stop": "Region already covered; no manifest mutation", "nativeCases": null, "mismatches": null}
{"domain": {"X1": [18432, 20479], "X2": [-31743, -19456]}, "added": 0, "covered": 2126001794, "stop": "Region already covered; no manifest mutation", "nativeCases": null, "mismatches": null}
{"domain": {"X1": [-20479, -18432], "X2": [-19455, -17408]}, "added": 0, "covered": 2126001794, "stop": "Region already covered; no manifest mutation", "nativeCases": null, "mismatches": null}
{"domain": {"X1": [-20479, -18432], "X2": [17408, 19455]}, "added": 0, "covered": 2126001794, "stop": "Region already covered; no manifest mutation", "nativeCases": null, "mismatches": null}
{"domain": {"X1": [18432, 20479], "X2": [-19455, -17408]}, "added": 0, "covered": 2126001794, "stop": "Region already covered; no manifest mutation", "nativeCases": null, "mismatches": null}
{"domain": {"X1": [18432, 20479], "X2": [17408, 19455]}, "added": 0, "covered": 2126001794, "stop": "Region already covered; no manifest mutation", "nativeCases": null, "mismatches": null}
{"domain": {"X1": [-20479, -18432], "X2": [19456, 31743]}, "added": 0, "covered": 2126001794, "stop": "Region already covered; no manifest mutation", "nativeCases": null, "mismatches": null}
{"domain": {"X1": [-15360, -10240], "X2": [21504, 31743]}, "added": 0, "covered": 2126001794, "stop": "Region already covered; no manifest mutation", "nativeCases": null, "mismatches": null}
{"domain": {"X1": [-8192, 8192], "X2": [20480, 31743]}, "added": 0, "covered": 2126001794, "stop": "Region already covered; no manifest mutation", "nativeCases": null, "mismatches": null}
{"domain": {"X1": [10240, 11264], "X2": [21504, 22528]}, "added": 0, "covered": 2126001794, "stop": "Region already covered; no manifest mutation", "nativeCases": null, "mismatches": null}
{"domain": {"X1": [11265, 12288], "X2": [21504, 22528]}, "added": 0, "covered": 2126001794, "stop": "Region already covered; no manifest mutation", "nativeCases": null, "mismatches": null}
{"domain": {"X1": [18432, 20479], "X2": [19456, 31743]}, "added": 0, "covered": 2126001794, "stop": "Region already covered; no manifest mutation", "nativeCases": null, "mismatches": null}
{"domain": {"X1": [20480, 31743], "X2": [-31743, -19456]}, "added": 0, "covered": 2126001794, "stop": "Region already covered; no manifest mutation", "nativeCases": null, "mismatches": null}
{"domain": {"X1": [20480, 31743], "X2": [-19455, -17408]}, "added": 0, "covered": 2126001794, "stop": "Region already covered; no manifest mutation", "nativeCases": null, "mismatches": null}
{"domain": {"X1": [21504, 31743], "X2": [-15360, -11264]}, "added": 0, "covered": 2126001794, "stop": "Region already covered; no manifest mutation", "nativeCases": null, "mismatches": null}
{"domain": {"X1": [20480, 31743], "X2": [-8192, 8192]}, "added": 0, "covered": 2126001794, "stop": "Region already covered; no manifest mutation", "nativeCases": null, "mismatches": null}
{"domain": {"X1": [21504, 31743], "X2": [11264, 15360]}, "added": 0, "covered": 2126001794, "stop": "Region already covered; no manifest mutation", "nativeCases": null, "mismatches": null}
{"domain": {"X1": [20480, 31743], "X2": [17408, 19455]}, "added": 0, "covered": 2126001794, "stop": "Region already covered; no manifest mutation", "nativeCases": null, "mismatches": null}
{"domain": {"X1": [20480, 31743], "X2": [19456, 31743]}, "added": 0, "covered": 2126001794, "stop": "Region already covered; no manifest mutation", "nativeCases": null, "mismatches": null}
