✔ Signed normal-binade conversions contain one source occurrence and preserve native IEEE boundaries (3212.178083ms)
✔ Certified constant projections avoid dead producers and preserve signed Half outcomes (2006.481292ms)
✔ Tight Half update bounds preserve ordered F32 reductions and eliminate dependencies with proof (4632.436125ms)
✔ Memory-admitted parallel regions preserve full geometry, ordered numerical bodies and native parity (28089.246833ms)
✔ Fresh broad-region covers refine only pending intersections and preserve exact source compatibility (4653.592291ms)
✔ Native parity corpus covers mixed signed zeros without exponential growth in high dimensions (2643.069416ms)
✔ Correlated RMS bounds eliminate proved constant components before expanding mean and inverse (2340.971042ms)
✔ Scoped exact algebra factors closed producers while preserving native payloads and IEEE barriers (12253.321625ms)
✔ Finite F32 cells and compile-time constants preserve native boundaries and signed zeros (3054.542375ms)
✔ Proved unsigned masks remove redundant operations without changing overflow or numeric contexts (603.373917ms)
✔ Stabilized branches share decisions, preserve lazy guards and emit flat input-only expressions (3205.913125ms)
✔ Compiler-only literal sharing uses expanded costs and emits bit-exact input-only expressions (9518.405791ms)
✔ SymPy factors typed word polynomials modulo 2^64 without reassociating floating operations (739.495083ms)
✔ Parallel SymPy blocks preserve ordered F32 folds, branch contexts and memory admission (4425.016875ms)
✔ Equivalent scan backend preserves Unicode regex results and byte-identical saved compiler states (2343.969958ms)
✔ SymPy savepoints preserve completed rounding frontiers and reject incompatible or corrupt state (2174.394291ms)
✔ SymPy string substitution factors and simplifies each step with isolated IEEE branch proofs (644.763417ms)
✔ SymPy checkpoint working string is re-read and matches a freshly captured coordinate reference (5991.779417ms)
✔ SymPy elementary conversion strings preserve native IEEE cells and composed boundaries (14431.300458ms)
✔ Bounded SiLU arithmetic lowering matches every certified Half scalar and vector input (4059.139542ms)
✔ Positive F32 square-root word lowering preserves all mantissas, parities and subnormals (1979.016542ms)
✔ IEEE sign projections preserve signed zero and reduce completed down-conversion strings (10030.415625ms)
✔ Half interval precision removes redundant F32 rounding with native emitted-expression parity (1668.685875ms)
✔ Disjoint input partitions preserve complete Half coverage and emitted coordinate parity within each certified region (19122.622375ms)
✔ Proved signed-zero updates preserve formats, branch isolation and native payloads (1176.833ms)
✔ Constant IEEE cells eliminate whole producers and propagate compound branch contexts (1228.377875ms)
✔ Identical emitted coordinate bodies coalesce without losing coverage, signed zeros or lazy guards (1413.717625ms)
✔ Budgeted coordinate continuation persists actual producers and rejects incompatible saved dimensions (15170.17825ms)
✔ Coupled projection exclusions preserve rounded reductions across every central Half pair (1337.829708ms)
✔ Cross-normalization path exclusions include every original rounding and reject foreign contexts (3511.660584ms)
✔ Directed attention bounds retain both projection roundings and prove residual cells for every mixed Half pair (3351.541083ms)
✔ RMS subnormal branch proofs retain shared means and original Half storage cells (3070.80375ms)
✔ Source changes retain only audited partition geometry and recompile numerical evidence (721.862ms)
✔ Branch-local projection cells propagate constants in original dependency order without replacing residual sums (1649.045125ms)
ℹ tests 34
ℹ suites 0
ℹ pass 34
ℹ fail 0
ℹ cancelled 0
ℹ skipped 0
ℹ todo 0
ℹ duration_ms 176749.830125
